#
# There is insufficient memory for the Java Runtime Environment to continue.
# Native memory allocation (malloc) failed to allocate 699088 bytes. Error detail: Chunk::new
# Possible reasons:
#   The system is out of physical RAM or swap space
#   This process is running with CompressedOops enabled, and the Java Heap may be blocking the growth of the native heap
# Possible solutions:
#   Reduce memory load on the system
#   Increase physical memory or swap space
#   Check if swap backing store is full
#   Decrease Java heap size (-Xmx/-Xms)
#   Decrease number of Java threads
#   Decrease Java thread stack sizes (-Xss)
#   Set larger code cache with -XX:ReservedCodeCacheSize=
#   JVM is running with Unscaled Compressed Oops mode in which the Java heap is
#     placed in the first 4GB address space. The Java Heap base address is the
#     maximum limit for the native heap growth. Please use -XX:HeapBaseMinAddress
#     to set the Java Heap base and to place the Java Heap above 4GB virtual address.
# This output file may be truncated or incomplete.
#
#  Out of Memory Error (arena.cpp:168), pid=24724, tid=27144
#
# JRE version: OpenJDK Runtime Environment Temurin-21.0.9+10 (21.0.9+10) (build 21.0.9+10-LTS)
# Java VM: OpenJDK 64-Bit Server VM Temurin-21.0.9+10 (21.0.9+10-LTS, mixed mode, sharing, tiered, compressed oops, compressed class ptrs, parallel gc, windows-amd64)
# No core dump will be written. Minidumps are not enabled by default on client versions of Windows
#

---------------  S U M M A R Y ------------

Command Line: --add-modules=ALL-SYSTEM --add-opens=java.base/java.util=ALL-UNNAMED --add-opens=java.base/java.lang=ALL-UNNAMED --add-opens=java.base/sun.nio.fs=ALL-UNNAMED -Declipse.application=org.eclipse.jdt.ls.core.id1 -Dosgi.bundles.defaultStartLevel=4 -Declipse.product=org.eclipse.jdt.ls.core.product -Djava.import.generatesMetadataFilesAtProjectRoot=false -DDetectVMInstallationsJob.disabled=true -Dfile.encoding=utf8 -XX:+UseParallelGC -XX:GCTimeRatio=4 -XX:AdaptiveSizePolicyWeight=90 -Dsun.zip.disableMemoryMapping=true -Xmx2G -Xms100m -Xlog:disable -javaagent:c:\Users\hounk\.vscode\extensions\redhat.java-1.51.0-win32-x64\lombok\lombok-1.18.39-4050.jar -XX:+HeapDumpOnOutOfMemoryError -XX:HeapDumpPath=c:\Users\hounk\AppData\Roaming\Code\User\workspaceStorage\0e43c14ff81329af7692834478f51c1b\redhat.java -Daether.dependencyCollector.impl=bf c:\Users\hounk\.vscode\extensions\redhat.java-1.51.0-win32-x64\server\plugins\org.eclipse.equinox.launcher_1.7.100.v20251111-0406.jar -configuration c:\Users\hounk\AppData\Roaming\Code\User\globalStorage\redhat.java\1.51.0\config_win -data c:\Users\hounk\AppData\Roaming\Code\User\workspaceStorage\0e43c14ff81329af7692834478f51c1b\redhat.java\jdt_ws --pipe=\\.\pipe\lsp-700355320ac6a423e9fd5fe4e678d161-sock

Host: AMD Ryzen 5 3500U with Radeon Vega Mobile Gfx  , 8 cores, 3G,  Windows 11 , 64 bit Build 26100 (10.0.26100.7653)
Time: Mon Jan 26 12:37:32 2026 Greenwich Standard Time elapsed time: 36.780783 seconds (0d 0h 0m 36s)

---------------  T H R E A D  ---------------

Current thread (0x0000016f778a49b0):  JavaThread "C2 CompilerThread0" daemon [_thread_in_native, id=27144, stack(0x0000001d50100000,0x0000001d50200000) (1024K)]


Current CompileTask:
C2:36782 6398 %s!   4       org.eclipse.jdt.internal.core.index.DiskIndex::readCategoryTable @ 260 (743 bytes)

Stack: [0x0000001d50100000,0x0000001d50200000]
Native frames: (J=compiled Java code, j=interpreted, Vv=VM code, C=native code)
V  [jvm.dll+0x6d6e29]
V  [jvm.dll+0x8b4b76]
V  [jvm.dll+0x8b712e]
V  [jvm.dll+0x8b7813]
V  [jvm.dll+0x283d86]
V  [jvm.dll+0xc66ed]
V  [jvm.dll+0xc6c31]
V  [jvm.dll+0x3be53b]
V  [jvm.dll+0x1e3d59]
V  [jvm.dll+0x24c0f3]
V  [jvm.dll+0x24b580]
V  [jvm.dll+0x1cb13e]
V  [jvm.dll+0x25b29d]
V  [jvm.dll+0x25982a]
V  [jvm.dll+0x3f7ea6]
V  [jvm.dll+0x85e9ad]
V  [jvm.dll+0x6d565d]
C  [ucrtbase.dll+0x37b0]
C  [KERNEL32.DLL+0x2e8d7]
C  [ntdll.dll+0x8c40c]


---------------  P R O C E S S  ---------------

Threads class SMR info:
_java_thread_list=0x0000016f428b72e0, length=44, elements={
0x0000016f60e0fc90, 0x0000016f77876560, 0x0000016f778799a0, 0x0000016f7787f510,
0x0000016f77881210, 0x0000016f77886bc0, 0x0000016f77885180, 0x0000016f778a49b0,
0x0000016f778a58a0, 0x0000016f77885810, 0x0000016f778878e0, 0x0000016f77887250,
0x0000016f77885ea0, 0x0000016f77886530, 0x0000016f77887f70, 0x0000016f7e2dcae0,
0x0000016f7e2dbdc0, 0x0000016f7e2dc450, 0x0000016f7e2db730, 0x0000016f7e2dd170,
0x0000016f7e2dd800, 0x0000016f7e2daa10, 0x0000016f7e2de520, 0x0000016f7e2db0a0,
0x0000016f7e2e1310, 0x0000016f7e2df240, 0x0000016f7e2e0c80, 0x0000016f7e2e05f0,
0x0000016f7e2e19a0, 0x0000016f7e2df8d0, 0x0000016f7e2e2030, 0x0000016f7e2dff60,
0x0000016f7e2debb0, 0x0000016f41801510, 0x0000016f41801ba0, 0x0000016f41800160,
0x0000016f41802230, 0x0000016f41803c70, 0x0000016f41802f50, 0x0000016f418035e0,
0x0000016f418007f0, 0x0000016f41804300, 0x0000016f41800e80, 0x0000016f41804990
}

Java Threads: ( => current thread )
  0x0000016f60e0fc90 JavaThread "main"                              [_thread_blocked, id=27936, stack(0x0000001d4f700000,0x0000001d4f800000) (1024K)]
  0x0000016f77876560 JavaThread "Reference Handler"          daemon [_thread_blocked, id=28504, stack(0x0000001d4fb00000,0x0000001d4fc00000) (1024K)]
  0x0000016f778799a0 JavaThread "Finalizer"                  daemon [_thread_blocked, id=13116, stack(0x0000001d4fc00000,0x0000001d4fd00000) (1024K)]
  0x0000016f7787f510 JavaThread "Signal Dispatcher"          daemon [_thread_blocked, id=21696, stack(0x0000001d4fd00000,0x0000001d4fe00000) (1024K)]
  0x0000016f77881210 JavaThread "Attach Listener"            daemon [_thread_blocked, id=760, stack(0x0000001d4fe00000,0x0000001d4ff00000) (1024K)]
  0x0000016f77886bc0 JavaThread "Service Thread"             daemon [_thread_blocked, id=20316, stack(0x0000001d4ff00000,0x0000001d50000000) (1024K)]
  0x0000016f77885180 JavaThread "Monitor Deflation Thread"   daemon [_thread_blocked, id=27956, stack(0x0000001d50000000,0x0000001d50100000) (1024K)]
=>0x0000016f778a49b0 JavaThread "C2 CompilerThread0"         daemon [_thread_in_native, id=27144, stack(0x0000001d50100000,0x0000001d50200000) (1024K)]
  0x0000016f778a58a0 JavaThread "C1 CompilerThread0"         daemon [_thread_blocked, id=20584, stack(0x0000001d50200000,0x0000001d50300000) (1024K)]
  0x0000016f77885810 JavaThread "Common-Cleaner"             daemon [_thread_blocked, id=11256, stack(0x0000001d50300000,0x0000001d50400000) (1024K)]
  0x0000016f778878e0 JavaThread "Notification Thread"        daemon [_thread_blocked, id=26848, stack(0x0000001d50400000,0x0000001d50500000) (1024K)]
  0x0000016f77887250 JavaThread "Active Thread: Equinox Container: 6e588a00-f618-49a0-a10f-06dc169ff340"        [_thread_in_native, id=9060, stack(0x0000001d50b00000,0x0000001d50c00000) (1024K)]
  0x0000016f77885ea0 JavaThread "Refresh Thread: Equinox Container: 6e588a00-f618-49a0-a10f-06dc169ff340" daemon [_thread_blocked, id=22072, stack(0x0000001d50d00000,0x0000001d50e00000) (1024K)]
  0x0000016f77886530 JavaThread "Framework Event Dispatcher: Equinox Container: 6e588a00-f618-49a0-a10f-06dc169ff340" daemon [_thread_blocked, id=17368, stack(0x0000001d50e00000,0x0000001d50f00000) (1024K)]
  0x0000016f77887f70 JavaThread "Start Level: Equinox Container: 6e588a00-f618-49a0-a10f-06dc169ff340" daemon [_thread_blocked, id=25156, stack(0x0000001d50f00000,0x0000001d51000000) (1024K)]
  0x0000016f7e2dcae0 JavaThread "Bundle File Closer"         daemon [_thread_blocked, id=14636, stack(0x0000001d51000000,0x0000001d51100000) (1024K)]
  0x0000016f7e2dbdc0 JavaThread "SCR Component Actor"        daemon [_thread_blocked, id=18244, stack(0x0000001d51100000,0x0000001d51200000) (1024K)]
  0x0000016f7e2dc450 JavaThread "Worker-JM"                         [_thread_blocked, id=23616, stack(0x0000001d51200000,0x0000001d51300000) (1024K)]
  0x0000016f7e2db730 JavaThread "JNA Cleaner"                daemon [_thread_blocked, id=10608, stack(0x0000001d51300000,0x0000001d51400000) (1024K)]
  0x0000016f7e2dd170 JavaThread "Worker-0"                          [_thread_blocked, id=19780, stack(0x0000001d51400000,0x0000001d51500000) (1024K)]
  0x0000016f7e2dd800 JavaThread "Worker-1"                          [_thread_blocked, id=27872, stack(0x0000001d51500000,0x0000001d51600000) (1024K)]
  0x0000016f7e2daa10 JavaThread "Worker-2"                          [_thread_blocked, id=28036, stack(0x0000001d51600000,0x0000001d51700000) (1024K)]
  0x0000016f7e2de520 JavaThread "Java indexing"              daemon [_thread_blocked, id=18496, stack(0x0000001d51700000,0x0000001d51800000) (1024K)]
  0x0000016f7e2db0a0 JavaThread "Worker-3"                          [_thread_blocked, id=28120, stack(0x0000001d51800000,0x0000001d51900000) (1024K)]
  0x0000016f7e2e1310 JavaThread "Worker-4"                          [_thread_blocked, id=24760, stack(0x0000001d51c00000,0x0000001d51d00000) (1024K)]
  0x0000016f7e2df240 JavaThread "Thread-1"                   daemon [_thread_in_native, id=24560, stack(0x0000001d51d00000,0x0000001d51e00000) (1024K)]
  0x0000016f7e2e0c80 JavaThread "Thread-2"                   daemon [_thread_in_native, id=13096, stack(0x0000001d51e00000,0x0000001d51f00000) (1024K)]
  0x0000016f7e2e05f0 JavaThread "Thread-3"                   daemon [_thread_in_native, id=23220, stack(0x0000001d51f00000,0x0000001d52000000) (1024K)]
  0x0000016f7e2e19a0 JavaThread "Thread-4"                   daemon [_thread_in_native, id=776, stack(0x0000001d52000000,0x0000001d52100000) (1024K)]
  0x0000016f7e2df8d0 JavaThread "Thread-5"                   daemon [_thread_in_native, id=16772, stack(0x0000001d52100000,0x0000001d52200000) (1024K)]
  0x0000016f7e2e2030 JavaThread "Thread-6"                   daemon [_thread_in_native, id=28600, stack(0x0000001d52200000,0x0000001d52300000) (1024K)]
  0x0000016f7e2dff60 JavaThread "Thread-7"                   daemon [_thread_in_native, id=27568, stack(0x0000001d52300000,0x0000001d52400000) (1024K)]
  0x0000016f7e2debb0 JavaThread "Thread-8"                   daemon [_thread_in_native, id=3120, stack(0x0000001d52400000,0x0000001d52500000) (1024K)]
  0x0000016f41801510 JavaThread "Thread-9"                   daemon [_thread_in_native, id=19628, stack(0x0000001d52500000,0x0000001d52600000) (1024K)]
  0x0000016f41801ba0 JavaThread "pool-2-thread-1"                   [_thread_blocked, id=28636, stack(0x0000001d52600000,0x0000001d52700000) (1024K)]
  0x0000016f41800160 JavaThread "WorkspaceEventsHandler"            [_thread_blocked, id=7212, stack(0x0000001d52700000,0x0000001d52800000) (1024K)]
  0x0000016f41802230 JavaThread "pool-1-thread-1"                   [_thread_in_native, id=24732, stack(0x0000001d52800000,0x0000001d52900000) (1024K)]
  0x0000016f41803c70 JavaThread "ForkJoinPool.commonPool-worker-1" daemon [_thread_blocked, id=22032, stack(0x0000001d52900000,0x0000001d52a00000) (1024K)]
  0x0000016f41802f50 JavaThread "ForkJoinPool.commonPool-worker-2" daemon [_thread_blocked, id=17752, stack(0x0000001d52a00000,0x0000001d52b00000) (1024K)]
  0x0000016f418035e0 JavaThread "ForkJoinPool.commonPool-worker-3" daemon [_thread_blocked, id=22748, stack(0x0000001d52b00000,0x0000001d52c00000) (1024K)]
  0x0000016f418007f0 JavaThread "ForkJoinPool.commonPool-worker-5" daemon [_thread_blocked, id=16636, stack(0x0000001d52c00000,0x0000001d52d00000) (1024K)]
  0x0000016f41804300 JavaThread "ForkJoinPool.commonPool-worker-4" daemon [_thread_blocked, id=2964, stack(0x0000001d52d00000,0x0000001d52e00000) (1024K)]
  0x0000016f41800e80 JavaThread "ForkJoinPool.commonPool-worker-6" daemon [_thread_blocked, id=18068, stack(0x0000001d52e00000,0x0000001d52f00000) (1024K)]
  0x0000016f41804990 JavaThread "ForkJoinPool.commonPool-worker-7" daemon [_thread_blocked, id=27988, stack(0x0000001d52f00000,0x0000001d53000000) (1024K)]
Total: 44

Other Threads:
  0x0000016f77862540 VMThread "VM Thread"                           [id=26300, stack(0x0000001d4fa00000,0x0000001d4fb00000) (1024K)]
  0x0000016f7779ca10 WatcherThread "VM Periodic Task Thread"        [id=23444, stack(0x0000001d4f900000,0x0000001d4fa00000) (1024K)]
  0x0000016f60e2ef10 WorkerThread "GC Thread#0"                     [id=9632, stack(0x0000001d4f800000,0x0000001d4f900000) (1024K)]
  0x0000016f795ab4b0 WorkerThread "GC Thread#1"                     [id=23724, stack(0x0000001d50500000,0x0000001d50600000) (1024K)]
  0x0000016f795ab850 WorkerThread "GC Thread#2"                     [id=5716, stack(0x0000001d50600000,0x0000001d50700000) (1024K)]
  0x0000016f795abbf0 WorkerThread "GC Thread#3"                     [id=22240, stack(0x0000001d50700000,0x0000001d50800000) (1024K)]
  0x0000016f798fc740 WorkerThread "GC Thread#4"                     [id=9336, stack(0x0000001d50800000,0x0000001d50900000) (1024K)]
  0x0000016f798fcae0 WorkerThread "GC Thread#5"                     [id=13736, stack(0x0000001d50900000,0x0000001d50a00000) (1024K)]
  0x0000016f799dcb30 WorkerThread "GC Thread#6"                     [id=11968, stack(0x0000001d50a00000,0x0000001d50b00000) (1024K)]
  0x0000016f7986e200 WorkerThread "GC Thread#7"                     [id=16552, stack(0x0000001d50c00000,0x0000001d50d00000) (1024K)]
Total: 10

Threads with active compile tasks:
C2 CompilerThread0  38913 6398 %s!   4       org.eclipse.jdt.internal.core.index.DiskIndex::readCategoryTable @ 260 (743 bytes)
C1 CompilerThread0  38913 6544   !   2       java.io.RandomAccessFile::open (27 bytes)
Total: 2

VM state: not at safepoint (normal execution)

VM Mutex/Monitor currently owned by a thread: None

Heap address: 0x0000000080000000, size: 2048 MB, Compressed Oops mode: 32-bit

CDS archive(s) mapped at: [0x0000016f00000000-0x0000016f00ba0000-0x0000016f00ba0000), size 12189696, SharedBaseAddress: 0x0000016f00000000, ArchiveRelocationMode: 1.
Compressed class space mapped at: 0x0000016f01000000-0x0000016f41000000, reserved size: 1073741824
Narrow klass base: 0x0000016f00000000, Narrow klass shift: 0, Narrow klass range: 0x100000000

GC Precious Log:
 CardTable entry size: 512
 CPUs: 8 total, 8 available
 Memory: 3461M
 Large Page Support: Disabled
 NUMA Support: Disabled
 Compressed Oops: Enabled (32-bit)
 Alignments: Space 512K, Generation 512K, Heap 2M
 Heap Min Capacity: 100M
 Heap Initial Capacity: 100M
 Heap Max Capacity: 2G
 Pre-touch: Disabled
 Parallel Workers: 8

Heap:
 PSYoungGen      total 22016K, used 21162K [0x00000000d5580000, 0x00000000d6d80000, 0x0000000100000000)
  eden space 20992K, 96% used [0x00000000d5580000,0x00000000d6933b90,0x00000000d6a00000)
  from space 1024K, 96% used [0x00000000d6c80000,0x00000000d6d76e98,0x00000000d6d80000)
  to   space 1536K, 0% used [0x00000000d6a80000,0x00000000d6a80000,0x00000000d6c00000)
 ParOldGen       total 68608K, used 25274K [0x0000000080000000, 0x0000000084300000, 0x00000000d5580000)
  object space 68608K, 36% used [0x0000000080000000,0x00000000818aeb08,0x0000000084300000)
 Metaspace       used 45835K, committed 47040K, reserved 1114112K
  class space    used 5001K, committed 5504K, reserved 1048576K

Card table byte_map: [0x0000016f607b0000,0x0000016f60bc0000] _byte_map_base: 0x0000016f603b0000

Marking Bits: (ParMarkBitMap*) 0x00007ffd4e222460
 Begin Bits: [0x0000016f732c0000, 0x0000016f752c0000)
 End Bits:   [0x0000016f752c0000, 0x0000016f772c0000)

Polling page: 0x0000016f5f060000

Metaspace:

Usage:
  Non-class:     39.88 MB used.
      Class:      4.88 MB used.
       Both:     44.76 MB used.

Virtual space:
  Non-class space:       64.00 MB reserved,      40.56 MB ( 63%) committed,  1 nodes.
      Class space:        1.00 GB reserved,       5.38 MB ( <1%) committed,  1 nodes.
             Both:        1.06 GB reserved,      45.94 MB (  4%) committed. 

Chunk freelists:
   Non-Class:  7.39 MB
       Class:  10.62 MB
        Both:  18.01 MB

MaxMetaspaceSize: unlimited
CompressedClassSpaceSize: 1.00 GB
Initial GC threshold: 21.00 MB
Current GC threshold: 58.38 MB
CDS: on
 - commit_granule_bytes: 65536.
 - commit_granule_words: 8192.
 - virtual_space_node_default_size: 8388608.
 - enlarge_chunks_in_place: 1.
 - use_allocation_guard: 0.


Internal statistics:

num_allocs_failed_limit: 6.
num_arena_births: 970.
num_arena_deaths: 14.
num_vsnodes_births: 2.
num_vsnodes_deaths: 0.
num_space_committed: 735.
num_space_uncommitted: 0.
num_chunks_returned_to_freelist: 20.
num_chunks_taken_from_freelist: 3176.
num_chunk_merges: 11.
num_chunk_splits: 1887.
num_chunks_enlarged: 926.
num_inconsistent_stats: 0.

CodeHeap 'non-profiled nmethods': size=120000Kb used=2329Kb max_used=2329Kb free=117670Kb
 bounds [0x0000016f6bae0000, 0x0000016f6bd50000, 0x0000016f73010000]
CodeHeap 'profiled nmethods': size=120000Kb used=11949Kb max_used=11949Kb free=108050Kb
 bounds [0x0000016f64010000, 0x0000016f64bc0000, 0x0000016f6b540000]
CodeHeap 'non-nmethods': size=5760Kb used=1362Kb max_used=1399Kb free=4397Kb
 bounds [0x0000016f6b540000, 0x0000016f6b7b0000, 0x0000016f6bae0000]
CodeCache: size=245760Kb, used=15640Kb, max_used=15677Kb, free=230117Kb
 total_blobs=6588, nmethods=5925, adapters=569, full_count=0
Compilation: enabled, stopped_count=0, restarted_count=0

Compilation events (20 events):
Event: 34.723 Thread 0x0000016f778a58a0 6401       3       com.google.gson.internal.bind.JsonTreeReader::peekStack (12 bytes)
Event: 34.723 Thread 0x0000016f778a58a0 nmethod 6401 0x0000016f64b69310 code [0x0000016f64b694c0, 0x0000016f64b695f8]
Event: 34.723 Thread 0x0000016f778a58a0 6402       3       com.google.gson.internal.bind.JsonTreeReader::peek (230 bytes)
Event: 34.724 Thread 0x0000016f778a58a0 nmethod 6402 0x0000016f64b69710 code [0x0000016f64b69b20, 0x0000016f64b6b800]
Event: 34.724 Thread 0x0000016f778a58a0 6404       3       com.google.gson.internal.LinkedTreeMap$LinkedTreeMapIterator::hasNext (20 bytes)
Event: 34.724 Thread 0x0000016f778a58a0 nmethod 6404 0x0000016f64b6be10 code [0x0000016f64b6bfc0, 0x0000016f64b6c130]
Event: 34.724 Thread 0x0000016f778a58a0 6405       3       com.google.gson.internal.bind.JsonTreeReader::expect (55 bytes)
Event: 34.726 Thread 0x0000016f778a58a0 nmethod 6405 0x0000016f64b6c210 code [0x0000016f64b6c560, 0x0000016f64b6d648]
Event: 34.726 Thread 0x0000016f778a58a0 6410       3       com.google.gson.internal.bind.JsonTreeReader::push (76 bytes)
Event: 34.726 Thread 0x0000016f778a58a0 nmethod 6410 0x0000016f64b6dc90 code [0x0000016f64b6de80, 0x0000016f64b6e478]
Event: 34.727 Thread 0x0000016f778a58a0 6407       1       com.google.gson.internal.LinkedTreeMap$Node::getKey (5 bytes)
Event: 34.727 Thread 0x0000016f778a58a0 nmethod 6407 0x0000016f6bd24010 code [0x0000016f6bd241a0, 0x0000016f6bd24268]
Event: 34.727 Thread 0x0000016f778a58a0 6408       1       com.google.gson.internal.LinkedTreeMap$Node::getValue (5 bytes)
Event: 34.727 Thread 0x0000016f778a58a0 nmethod 6408 0x0000016f6bd24310 code [0x0000016f6bd244a0, 0x0000016f6bd24568]
Event: 34.727 Thread 0x0000016f778a58a0 6411       3       com.google.gson.internal.bind.JsonTreeReader::popStack (29 bytes)
Event: 34.727 Thread 0x0000016f778a58a0 nmethod 6411 0x0000016f64b6e710 code [0x0000016f64b6e8c0, 0x0000016f64b6eb58]
Event: 34.727 Thread 0x0000016f778a58a0 6412       3       com.google.gson.internal.bind.JsonTreeReader::hasNext (32 bytes)
Event: 34.727 Thread 0x0000016f778a58a0 nmethod 6412 0x0000016f64b6ec90 code [0x0000016f64b6ee40, 0x0000016f64b6f048]
Event: 34.727 Thread 0x0000016f778a58a0 6406       3       com.google.gson.internal.LinkedTreeMap::<init> (9 bytes)
Event: 34.727 Thread 0x0000016f778a58a0 nmethod 6406 0x0000016f64b6f110 code [0x0000016f64b6f2c0, 0x0000016f64b6f410]

GC Heap History (20 events):
Event: 26.851 GC heap before
{Heap before GC invocations=11 (full 1):
 PSYoungGen      total 25600K, used 25131K [0x00000000d5580000, 0x00000000d7300000, 0x0000000100000000)
  eden space 23552K, 100% used [0x00000000d5580000,0x00000000d6c80000,0x00000000d6c80000)
  from space 2048K, 77% used [0x00000000d6e80000,0x00000000d700adc8,0x00000000d7080000)
  to   space 2560K, 0% used [0x00000000d7080000,0x00000000d7080000,0x00000000d7300000)
 ParOldGen       total 68608K, used 13403K [0x0000000080000000, 0x0000000084300000, 0x00000000d5580000)
  object space 68608K, 19% used [0x0000000080000000,0x0000000080d16f00,0x0000000084300000)
 Metaspace       used 29133K, committed 30144K, reserved 1114112K
  class space    used 2982K, committed 3392K, reserved 1048576K
}
Event: 26.856 GC heap after
{Heap after GC invocations=11 (full 1):
 PSYoungGen      total 25600K, used 2536K [0x00000000d5580000, 0x00000000d7400000, 0x0000000100000000)
  eden space 23040K, 0% used [0x00000000d5580000,0x00000000d5580000,0x00000000d6c00000)
  from space 2560K, 99% used [0x00000000d7080000,0x00000000d72fa2b0,0x00000000d7300000)
  to   space 4096K, 0% used [0x00000000d6c00000,0x00000000d6c00000,0x00000000d7000000)
 ParOldGen       total 68608K, used 14327K [0x0000000080000000, 0x0000000084300000, 0x00000000d5580000)
  object space 68608K, 20% used [0x0000000080000000,0x0000000080dfdda8,0x0000000084300000)
 Metaspace       used 29133K, committed 30144K, reserved 1114112K
  class space    used 2982K, committed 3392K, reserved 1048576K
}
Event: 27.372 GC heap before
{Heap before GC invocations=12 (full 1):
 PSYoungGen      total 25600K, used 25576K [0x00000000d5580000, 0x00000000d7400000, 0x0000000100000000)
  eden space 23040K, 100% used [0x00000000d5580000,0x00000000d6c00000,0x00000000d6c00000)
  from space 2560K, 99% used [0x00000000d7080000,0x00000000d72fa2b0,0x00000000d7300000)
  to   space 4096K, 0% used [0x00000000d6c00000,0x00000000d6c00000,0x00000000d7000000)
 ParOldGen       total 68608K, used 14327K [0x0000000080000000, 0x0000000084300000, 0x00000000d5580000)
  object space 68608K, 20% used [0x0000000080000000,0x0000000080dfdda8,0x0000000084300000)
 Metaspace       used 30094K, committed 31168K, reserved 1114112K
  class space    used 3102K, committed 3584K, reserved 1048576K
}
Event: 27.377 GC heap after
{Heap after GC invocations=12 (full 1):
 PSYoungGen      total 23552K, used 749K [0x00000000d5580000, 0x00000000d7100000, 0x0000000100000000)
  eden space 22528K, 0% used [0x00000000d5580000,0x00000000d5580000,0x00000000d6b80000)
  from space 1024K, 73% used [0x00000000d6c00000,0x00000000d6cbb610,0x00000000d6d00000)
  to   space 2048K, 0% used [0x00000000d6f00000,0x00000000d6f00000,0x00000000d7100000)
 ParOldGen       total 68608K, used 16746K [0x0000000080000000, 0x0000000084300000, 0x00000000d5580000)
  object space 68608K, 24% used [0x0000000080000000,0x000000008105a948,0x0000000084300000)
 Metaspace       used 30094K, committed 31168K, reserved 1114112K
  class space    used 3102K, committed 3584K, reserved 1048576K
}
Event: 28.014 GC heap before
{Heap before GC invocations=13 (full 1):
 PSYoungGen      total 23552K, used 23277K [0x00000000d5580000, 0x00000000d7100000, 0x0000000100000000)
  eden space 22528K, 100% used [0x00000000d5580000,0x00000000d6b80000,0x00000000d6b80000)
  from space 1024K, 73% used [0x00000000d6c00000,0x00000000d6cbb610,0x00000000d6d00000)
  to   space 2048K, 0% used [0x00000000d6f00000,0x00000000d6f00000,0x00000000d7100000)
 ParOldGen       total 68608K, used 16746K [0x0000000080000000, 0x0000000084300000, 0x00000000d5580000)
  object space 68608K, 24% used [0x0000000080000000,0x000000008105a948,0x0000000084300000)
 Metaspace       used 32220K, committed 33280K, reserved 1114112K
  class space    used 3335K, committed 3776K, reserved 1048576K
}
Event: 28.018 GC heap after
{Heap after GC invocations=13 (full 1):
 PSYoungGen      total 23552K, used 1420K [0x00000000d5580000, 0x00000000d7080000, 0x0000000100000000)
  eden space 22016K, 0% used [0x00000000d5580000,0x00000000d5580000,0x00000000d6b00000)
  from space 1536K, 92% used [0x00000000d6f00000,0x00000000d7063168,0x00000000d7080000)
  to   space 2048K, 0% used [0x00000000d6c80000,0x00000000d6c80000,0x00000000d6e80000)
 ParOldGen       total 68608K, used 17274K [0x0000000080000000, 0x0000000084300000, 0x00000000d5580000)
  object space 68608K, 25% used [0x0000000080000000,0x00000000810de988,0x0000000084300000)
 Metaspace       used 32220K, committed 33280K, reserved 1114112K
  class space    used 3335K, committed 3776K, reserved 1048576K
}
Event: 28.506 GC heap before
{Heap before GC invocations=14 (full 1):
 PSYoungGen      total 23552K, used 20759K [0x00000000d5580000, 0x00000000d7080000, 0x0000000100000000)
  eden space 22016K, 87% used [0x00000000d5580000,0x00000000d6862e48,0x00000000d6b00000)
  from space 1536K, 92% used [0x00000000d6f00000,0x00000000d7063168,0x00000000d7080000)
  to   space 2048K, 0% used [0x00000000d6c80000,0x00000000d6c80000,0x00000000d6e80000)
 ParOldGen       total 68608K, used 17274K [0x0000000080000000, 0x0000000084300000, 0x00000000d5580000)
  object space 68608K, 25% used [0x0000000080000000,0x00000000810de988,0x0000000084300000)
 Metaspace       used 34719K, committed 35840K, reserved 1114112K
  class space    used 3625K, committed 4096K, reserved 1048576K
}
Event: 28.511 GC heap after
{Heap after GC invocations=14 (full 1):
 PSYoungGen      total 23040K, used 960K [0x00000000d5580000, 0x00000000d6f80000, 0x0000000100000000)
  eden space 22016K, 0% used [0x00000000d5580000,0x00000000d5580000,0x00000000d6b00000)
  from space 1024K, 93% used [0x00000000d6c80000,0x00000000d6d70000,0x00000000d6d80000)
  to   space 1536K, 0% used [0x00000000d6e00000,0x00000000d6e00000,0x00000000d6f80000)
 ParOldGen       total 68608K, used 18441K [0x0000000080000000, 0x0000000084300000, 0x00000000d5580000)
  object space 68608K, 26% used [0x0000000080000000,0x0000000081202510,0x0000000084300000)
 Metaspace       used 34719K, committed 35840K, reserved 1114112K
  class space    used 3625K, committed 4096K, reserved 1048576K
}
Event: 28.511 GC heap before
{Heap before GC invocations=15 (full 2):
 PSYoungGen      total 23040K, used 960K [0x00000000d5580000, 0x00000000d6f80000, 0x0000000100000000)
  eden space 22016K, 0% used [0x00000000d5580000,0x00000000d5580000,0x00000000d6b00000)
  from space 1024K, 93% used [0x00000000d6c80000,0x00000000d6d70000,0x00000000d6d80000)
  to   space 1536K, 0% used [0x00000000d6e00000,0x00000000d6e00000,0x00000000d6f80000)
 ParOldGen       total 68608K, used 18441K [0x0000000080000000, 0x0000000084300000, 0x00000000d5580000)
  object space 68608K, 26% used [0x0000000080000000,0x0000000081202510,0x0000000084300000)
 Metaspace       used 34719K, committed 35840K, reserved 1114112K
  class space    used 3625K, committed 4096K, reserved 1048576K
}
Event: 28.566 GC heap after
{Heap after GC invocations=15 (full 2):
 PSYoungGen      total 23040K, used 0K [0x00000000d5580000, 0x00000000d6f80000, 0x0000000100000000)
  eden space 22016K, 0% used [0x00000000d5580000,0x00000000d5580000,0x00000000d6b00000)
  from space 1024K, 0% used [0x00000000d6c80000,0x00000000d6c80000,0x00000000d6d80000)
  to   space 1536K, 0% used [0x00000000d6e00000,0x00000000d6e00000,0x00000000d6f80000)
 ParOldGen       total 68608K, used 18795K [0x0000000080000000, 0x0000000084300000, 0x00000000d5580000)
  object space 68608K, 27% used [0x0000000080000000,0x000000008125ac68,0x0000000084300000)
 Metaspace       used 34719K, committed 35840K, reserved 1114112K
  class space    used 3625K, committed 4096K, reserved 1048576K
}
Event: 29.234 GC heap before
{Heap before GC invocations=16 (full 2):
 PSYoungGen      total 23040K, used 22015K [0x00000000d5580000, 0x00000000d6f80000, 0x0000000100000000)
  eden space 22016K, 99% used [0x00000000d5580000,0x00000000d6affd68,0x00000000d6b00000)
  from space 1024K, 0% used [0x00000000d6c80000,0x00000000d6c80000,0x00000000d6d80000)
  to   space 1536K, 0% used [0x00000000d6e00000,0x00000000d6e00000,0x00000000d6f80000)
 ParOldGen       total 68608K, used 18795K [0x0000000080000000, 0x0000000084300000, 0x00000000d5580000)
  object space 68608K, 27% used [0x0000000080000000,0x000000008125ac68,0x0000000084300000)
 Metaspace       used 37124K, committed 38272K, reserved 1114112K
  class space    used 3932K, committed 4416K, reserved 1048576K
}
Event: 29.238 GC heap after
{Heap after GC invocations=16 (full 2):
 PSYoungGen      total 23552K, used 1521K [0x00000000d5580000, 0x00000000d6f80000, 0x0000000100000000)
  eden space 22016K, 0% used [0x00000000d5580000,0x00000000d5580000,0x00000000d6b00000)
  from space 1536K, 99% used [0x00000000d6e00000,0x00000000d6f7c648,0x00000000d6f80000)
  to   space 2048K, 0% used [0x00000000d6b80000,0x00000000d6b80000,0x00000000d6d80000)
 ParOldGen       total 68608K, used 19014K [0x0000000080000000, 0x0000000084300000, 0x00000000d5580000)
  object space 68608K, 27% used [0x0000000080000000,0x0000000081291978,0x0000000084300000)
 Metaspace       used 37124K, committed 38272K, reserved 1114112K
  class space    used 3932K, committed 4416K, reserved 1048576K
}
Event: 29.766 GC heap before
{Heap before GC invocations=17 (full 2):
 PSYoungGen      total 23552K, used 23537K [0x00000000d5580000, 0x00000000d6f80000, 0x0000000100000000)
  eden space 22016K, 100% used [0x00000000d5580000,0x00000000d6b00000,0x00000000d6b00000)
  from space 1536K, 99% used [0x00000000d6e00000,0x00000000d6f7c648,0x00000000d6f80000)
  to   space 2048K, 0% used [0x00000000d6b80000,0x00000000d6b80000,0x00000000d6d80000)
 ParOldGen       total 68608K, used 19014K [0x0000000080000000, 0x0000000084300000, 0x00000000d5580000)
  object space 68608K, 27% used [0x0000000080000000,0x0000000081291978,0x0000000084300000)
 Metaspace       used 39797K, committed 40960K, reserved 1114112K
  class space    used 4256K, committed 4800K, reserved 1048576K
}
Event: 29.772 GC heap after
{Heap after GC invocations=17 (full 2):
 PSYoungGen      total 24064K, used 1945K [0x00000000d5580000, 0x00000000d6f00000, 0x0000000100000000)
  eden space 22016K, 0% used [0x00000000d5580000,0x00000000d5580000,0x00000000d6b00000)
  from space 2048K, 94% used [0x00000000d6b80000,0x00000000d6d66608,0x00000000d6d80000)
  to   space 1536K, 0% used [0x00000000d6d80000,0x00000000d6d80000,0x00000000d6f00000)
 ParOldGen       total 68608K, used 20478K [0x0000000080000000, 0x0000000084300000, 0x00000000d5580000)
  object space 68608K, 29% used [0x0000000080000000,0x00000000813ff910,0x0000000084300000)
 Metaspace       used 39797K, committed 40960K, reserved 1114112K
  class space    used 4256K, committed 4800K, reserved 1048576K
}
Event: 30.614 GC heap before
{Heap before GC invocations=18 (full 2):
 PSYoungGen      total 24064K, used 23961K [0x00000000d5580000, 0x00000000d6f00000, 0x0000000100000000)
  eden space 22016K, 100% used [0x00000000d5580000,0x00000000d6b00000,0x00000000d6b00000)
  from space 2048K, 94% used [0x00000000d6b80000,0x00000000d6d66608,0x00000000d6d80000)
  to   space 1536K, 0% used [0x00000000d6d80000,0x00000000d6d80000,0x00000000d6f00000)
 ParOldGen       total 68608K, used 20478K [0x0000000080000000, 0x0000000084300000, 0x00000000d5580000)
  object space 68608K, 29% used [0x0000000080000000,0x00000000813ff910,0x0000000084300000)
 Metaspace       used 42032K, committed 43264K, reserved 1114112K
  class space    used 4566K, committed 5120K, reserved 1048576K
}
Event: 30.621 GC heap after
{Heap after GC invocations=18 (full 2):
 PSYoungGen      total 22528K, used 1536K [0x00000000d5580000, 0x00000000d7200000, 0x0000000100000000)
  eden space 20992K, 0% used [0x00000000d5580000,0x00000000d5580000,0x00000000d6a00000)
  from space 1536K, 100% used [0x00000000d6d80000,0x00000000d6f00000,0x00000000d6f00000)
  to   space 3584K, 0% used [0x00000000d6a00000,0x00000000d6a00000,0x00000000d6d80000)
 ParOldGen       total 68608K, used 22242K [0x0000000080000000, 0x0000000084300000, 0x00000000d5580000)
  object space 68608K, 32% used [0x0000000080000000,0x00000000815b8940,0x0000000084300000)
 Metaspace       used 42032K, committed 43264K, reserved 1114112K
  class space    used 4566K, committed 5120K, reserved 1048576K
}
Event: 31.552 GC heap before
{Heap before GC invocations=19 (full 2):
 PSYoungGen      total 22528K, used 22527K [0x00000000d5580000, 0x00000000d7200000, 0x0000000100000000)
  eden space 20992K, 99% used [0x00000000d5580000,0x00000000d69fffc0,0x00000000d6a00000)
  from space 1536K, 100% used [0x00000000d6d80000,0x00000000d6f00000,0x00000000d6f00000)
  to   space 3584K, 0% used [0x00000000d6a00000,0x00000000d6a00000,0x00000000d6d80000)
 ParOldGen       total 68608K, used 22242K [0x0000000080000000, 0x0000000084300000, 0x00000000d5580000)
  object space 68608K, 32% used [0x0000000080000000,0x00000000815b8940,0x0000000084300000)
 Metaspace       used 44549K, committed 45824K, reserved 1114112K
  class space    used 4873K, committed 5440K, reserved 1048576K
}
Event: 31.557 GC heap after
{Heap after GC invocations=19 (full 2):
 PSYoungGen      total 23040K, used 1744K [0x00000000d5580000, 0x00000000d6f00000, 0x0000000100000000)
  eden space 20992K, 0% used [0x00000000d5580000,0x00000000d5580000,0x00000000d6a00000)
  from space 2048K, 85% used [0x00000000d6a00000,0x00000000d6bb4010,0x00000000d6c00000)
  to   space 2560K, 0% used [0x00000000d6c80000,0x00000000d6c80000,0x00000000d6f00000)
 ParOldGen       total 68608K, used 23740K [0x0000000080000000, 0x0000000084300000, 0x00000000d5580000)
  object space 68608K, 34% used [0x0000000080000000,0x000000008172f370,0x0000000084300000)
 Metaspace       used 44549K, committed 45824K, reserved 1114112K
  class space    used 4873K, committed 5440K, reserved 1048576K
}
Event: 33.256 GC heap before
{Heap before GC invocations=20 (full 2):
 PSYoungGen      total 23040K, used 22704K [0x00000000d5580000, 0x00000000d6f00000, 0x0000000100000000)
  eden space 20992K, 99% used [0x00000000d5580000,0x00000000d69f8100,0x00000000d6a00000)
  from space 2048K, 85% used [0x00000000d6a00000,0x00000000d6bb4010,0x00000000d6c00000)
  to   space 2560K, 0% used [0x00000000d6c80000,0x00000000d6c80000,0x00000000d6f00000)
 ParOldGen       total 68608K, used 23740K [0x0000000080000000, 0x0000000084300000, 0x00000000d5580000)
  object space 68608K, 34% used [0x0000000080000000,0x000000008172f370,0x0000000084300000)
 Metaspace       used 45477K, committed 46720K, reserved 1114112K
  class space    used 4962K, committed 5504K, reserved 1048576K
}
Event: 33.260 GC heap after
{Heap after GC invocations=20 (full 2):
 PSYoungGen      total 22016K, used 987K [0x00000000d5580000, 0x00000000d6d80000, 0x0000000100000000)
  eden space 20992K, 0% used [0x00000000d5580000,0x00000000d5580000,0x00000000d6a00000)
  from space 1024K, 96% used [0x00000000d6c80000,0x00000000d6d76e98,0x00000000d6d80000)
  to   space 1536K, 0% used [0x00000000d6a80000,0x00000000d6a80000,0x00000000d6c00000)
 ParOldGen       total 68608K, used 25274K [0x0000000080000000, 0x0000000084300000, 0x00000000d5580000)
  object space 68608K, 36% used [0x0000000080000000,0x00000000818aeb08,0x0000000084300000)
 Metaspace       used 45477K, committed 46720K, reserved 1114112K
  class space    used 4962K, committed 5504K, reserved 1048576K
}

Dll operation events (10 events):
Event: 0.056 Loaded shared library c:\Users\hounk\.vscode\extensions\redhat.java-1.51.0-win32-x64\jre\21.0.9-win32-x86_64\bin\java.dll
Event: 0.422 Loaded shared library c:\Users\hounk\.vscode\extensions\redhat.java-1.51.0-win32-x64\jre\21.0.9-win32-x86_64\bin\zip.dll
Event: 0.650 Loaded shared library C:\Users\hounk\.vscode\extensions\redhat.java-1.51.0-win32-x64\jre\21.0.9-win32-x86_64\bin\instrument.dll
Event: 0.667 Loaded shared library C:\Users\hounk\.vscode\extensions\redhat.java-1.51.0-win32-x64\jre\21.0.9-win32-x86_64\bin\net.dll
Event: 0.676 Loaded shared library C:\Users\hounk\.vscode\extensions\redhat.java-1.51.0-win32-x64\jre\21.0.9-win32-x86_64\bin\nio.dll
Event: 0.681 Loaded shared library C:\Users\hounk\.vscode\extensions\redhat.java-1.51.0-win32-x64\jre\21.0.9-win32-x86_64\bin\zip.dll
Event: 0.743 Loaded shared library C:\Users\hounk\.vscode\extensions\redhat.java-1.51.0-win32-x64\jre\21.0.9-win32-x86_64\bin\jimage.dll
Event: 0.960 Loaded shared library c:\Users\hounk\.vscode\extensions\redhat.java-1.51.0-win32-x64\jre\21.0.9-win32-x86_64\bin\verify.dll
Event: 6.514 Loaded shared library C:\Users\hounk\AppData\Roaming\Code\User\globalStorage\redhat.java\1.51.0\config_win\org.eclipse.equinox.launcher\org.eclipse.equinox.launcher.win32.win32.x86_64_1.2.1400.v20250801-0854\eclipse_11916.dll
Event: 21.521 Loaded shared library C:\Users\hounk\AppData\Local\Temp\jna-99468939\jna10801744586441726265.dll

Deoptimization events (20 events):
Event: 33.344 Thread 0x0000016f41803c70 DEOPT PACKING pc=0x0000016f64b4f773 sp=0x0000001d529fed10
Event: 33.345 Thread 0x0000016f41803c70 DEOPT UNPACKING pc=0x0000016f6b594242 sp=0x0000001d529fe1b8 mode 0
Event: 33.345 Thread 0x0000016f418007f0 DEOPT PACKING pc=0x0000016f64b4f773 sp=0x0000001d52cfe820
Event: 33.345 Thread 0x0000016f418007f0 DEOPT UNPACKING pc=0x0000016f6b594242 sp=0x0000001d52cfdcc8 mode 0
Event: 33.346 Thread 0x0000016f41803c70 DEOPT PACKING pc=0x0000016f64b4f773 sp=0x0000001d529fed10
Event: 33.346 Thread 0x0000016f41803c70 DEOPT UNPACKING pc=0x0000016f6b594242 sp=0x0000001d529fe1b8 mode 0
Event: 33.346 Thread 0x0000016f41800e80 DEOPT PACKING pc=0x0000016f64b4f773 sp=0x0000001d52efeaa0
Event: 33.347 Thread 0x0000016f41800e80 DEOPT UNPACKING pc=0x0000016f6b594242 sp=0x0000001d52efdf48 mode 0
Event: 33.347 Thread 0x0000016f418007f0 DEOPT PACKING pc=0x0000016f64b4f773 sp=0x0000001d52cfe820
Event: 33.347 Thread 0x0000016f418007f0 DEOPT UNPACKING pc=0x0000016f6b594242 sp=0x0000001d52cfdcc8 mode 0
Event: 33.347 Thread 0x0000016f41804300 DEOPT PACKING pc=0x0000016f64b4f773 sp=0x0000001d52dfe550
Event: 33.347 Thread 0x0000016f41804300 DEOPT UNPACKING pc=0x0000016f6b594242 sp=0x0000001d52dfd9f8 mode 0
Event: 33.348 Thread 0x0000016f418007f0 DEOPT PACKING pc=0x0000016f64b4f773 sp=0x0000001d52cfe820
Event: 33.348 Thread 0x0000016f418007f0 DEOPT UNPACKING pc=0x0000016f6b594242 sp=0x0000001d52cfdcc8 mode 0
Event: 33.348 Thread 0x0000016f41804990 DEOPT PACKING pc=0x0000016f64b4f773 sp=0x0000001d52ffeaf0
Event: 33.348 Thread 0x0000016f41804990 DEOPT UNPACKING pc=0x0000016f6b594242 sp=0x0000001d52ffdf98 mode 0
Event: 33.348 Thread 0x0000016f418007f0 DEOPT PACKING pc=0x0000016f64b4f773 sp=0x0000001d52cfe820
Event: 33.348 Thread 0x0000016f418007f0 DEOPT UNPACKING pc=0x0000016f6b594242 sp=0x0000001d52cfdcc8 mode 0
Event: 33.742 Thread 0x0000016f41804300 DEOPT PACKING pc=0x0000016f64b5c76e sp=0x0000001d52dfe610
Event: 33.742 Thread 0x0000016f41804300 DEOPT UNPACKING pc=0x0000016f6b594242 sp=0x0000001d52dfdb90 mode 0

Classes loaded (20 events):
Event: 31.295 Loading class sun/nio/cs/ThreadLocalCoders$Cache done
Event: 31.295 Loading class sun/nio/cs/ThreadLocalCoders$1 done
Event: 31.295 Loading class sun/nio/cs/ThreadLocalCoders$2
Event: 31.295 Loading class sun/nio/cs/ThreadLocalCoders$2 done
Event: 31.319 Loading class java/lang/invoke/MethodHandleImpl$CountingWrapper
Event: 31.320 Loading class java/lang/invoke/MethodHandleImpl$CountingWrapper done
Event: 31.587 Loading class java/time/format/DateTimeParseContext
Event: 31.592 Loading class java/time/format/DateTimeParseContext done
Event: 31.592 Loading class java/time/format/Parsed
Event: 31.598 Loading class java/time/format/Parsed done
Event: 31.789 Loading class java/util/regex/Pattern$Pos
Event: 31.790 Loading class java/util/regex/Pattern$Pos done
Event: 31.837 Loading class java/io/UTFDataFormatException
Event: 31.838 Loading class java/io/UTFDataFormatException done
Event: 31.843 Loading class sun/security/provider/MD5
Event: 31.845 Loading class sun/security/provider/MD5 done
Event: 31.845 Loading class sun/security/provider/ByteArrayAccess$LE
Event: 31.849 Loading class sun/security/provider/ByteArrayAccess$LE done
Event: 33.247 Loading class java/util/concurrent/ForkJoinTask$AdaptedCallable
Event: 33.248 Loading class java/util/concurrent/ForkJoinTask$AdaptedCallable done

Classes unloaded (7 events):
Event: 24.495 Thread 0x0000016f77862540 Unloading class 0x0000016f011acc00 'java/lang/invoke/LambdaForm$MH+0x0000016f011acc00'
Event: 24.495 Thread 0x0000016f77862540 Unloading class 0x0000016f011ac800 'java/lang/invoke/LambdaForm$MH+0x0000016f011ac800'
Event: 24.495 Thread 0x0000016f77862540 Unloading class 0x0000016f011ac400 'java/lang/invoke/LambdaForm$MH+0x0000016f011ac400'
Event: 24.495 Thread 0x0000016f77862540 Unloading class 0x0000016f011ac000 'java/lang/invoke/LambdaForm$MH+0x0000016f011ac000'
Event: 24.495 Thread 0x0000016f77862540 Unloading class 0x0000016f011abc00 'java/lang/invoke/LambdaForm$BMH+0x0000016f011abc00'
Event: 24.495 Thread 0x0000016f77862540 Unloading class 0x0000016f011ab800 'java/lang/invoke/LambdaForm$DMH+0x0000016f011ab800'
Event: 24.495 Thread 0x0000016f77862540 Unloading class 0x0000016f011aa800 'java/lang/invoke/LambdaForm$DMH+0x0000016f011aa800'

Classes redefined (0 events):
No events

Internal exceptions (20 events):
Event: 30.084 Thread 0x0000016f7e2daa10 Exception <a 'sun/nio/fs/WindowsException'{0x00000000d614a7b8}> (0x00000000d614a7b8) 
thrown [s\src\hotspot\share\prims\jni.cpp, line 520]
Event: 30.085 Thread 0x0000016f7e2daa10 Exception <a 'sun/nio/fs/WindowsException'{0x00000000d614d308}> (0x00000000d614d308) 
thrown [s\src\hotspot\share\prims\jni.cpp, line 520]
Event: 30.085 Thread 0x0000016f7e2daa10 Exception <a 'sun/nio/fs/WindowsException'{0x00000000d614dbe8}> (0x00000000d614dbe8) 
thrown [s\src\hotspot\share\prims\jni.cpp, line 520]
Event: 30.115 Thread 0x0000016f7e2daa10 Exception <a 'sun/nio/fs/WindowsException'{0x00000000d61c92d8}> (0x00000000d61c92d8) 
thrown [s\src\hotspot\share\prims\jni.cpp, line 520]
Event: 30.115 Thread 0x0000016f7e2daa10 Exception <a 'sun/nio/fs/WindowsException'{0x00000000d61c9b80}> (0x00000000d61c9b80) 
thrown [s\src\hotspot\share\prims\jni.cpp, line 520]
Event: 30.562 Thread 0x0000016f60e0fc90 Exception <a 'java/lang/NoSuchMethodError'{0x00000000d6a89240}: 'void java.lang.invoke.DirectMethodHandle$Holder.invokeSpecial(java.lang.Object, java.lang.Object, java.lang.Object, java.lang.Object, java.lang.Object, java.lang.Object)'> (0x00000000d6a89240) 
thrown [s\src\hotspot\share\interpreter\linkResolver.cpp, line 773]
Event: 30.570 Thread 0x0000016f60e0fc90 Exception <a 'java/lang/IncompatibleClassChangeError'{0x00000000d6a919e8}: Found class java.lang.Object, but interface was expected> (0x00000000d6a919e8) 
thrown [s\src\hotspot\share\interpreter\linkResolver.cpp, line 840]
Event: 30.571 Thread 0x0000016f60e0fc90 Exception <a 'java/lang/IncompatibleClassChangeError'{0x00000000d6a936c8}: Found class java.lang.Object, but interface was expected> (0x00000000d6a936c8) 
thrown [s\src\hotspot\share\interpreter\linkResolver.cpp, line 840]
Event: 31.226 Thread 0x0000016f7e2dd800 Exception <a 'java/lang/NoClassDefFoundError'{0x00000000d647f600}: com/google/inject/servlet/ServletModuleTargetVisitor> (0x00000000d647f600) 
thrown [s\src\hotspot\share\classfile\systemDictionary.cpp, line 301]
Event: 31.317 Thread 0x0000016f7e2dd800 Exception <a 'java/lang/NoSuchMethodError'{0x00000000d675c490}: 'java.lang.Object java.lang.invoke.DirectMethodHandle$Holder.invokeStatic(java.lang.Object, int, java.lang.Object, java.lang.Object)'> (0x00000000d675c490) 
thrown [s\src\hotspot\share\interpreter\linkResolver.cpp, line 773]
Event: 31.318 Thread 0x0000016f7e2dd800 Exception <a 'java/lang/NoSuchMethodError'{0x00000000d675fc90}: 'java.lang.Object java.lang.invoke.DelegatingMethodHandle$Holder.delegate(java.lang.Object, int, java.lang.Object, java.lang.Object)'> (0x00000000d675fc90) 
thrown [s\src\hotspot\share\interpreter\linkResolver.cpp, line 773]
Event: 31.323 Thread 0x0000016f7e2dd800 Exception <a 'java/lang/NoSuchMethodError'{0x00000000d6773670}: 'int java.lang.invoke.Invokers$Holder.linkToTargetMethod(java.lang.Object, java.lang.Object, java.lang.Object)'> (0x00000000d6773670) 
thrown [s\src\hotspot\share\interpreter\linkResolver.cpp, line 773]
Event: 31.695 Thread 0x0000016f7e2daa10 Exception <a 'sun/nio/fs/WindowsException'{0x00000000d5861e38}> (0x00000000d5861e38) 
thrown [s\src\hotspot\share\prims\jni.cpp, line 520]
Event: 31.790 Thread 0x0000016f7e2daa10 Exception <a 'java/io/FileNotFoundException'{0x00000000d5d38088}> (0x00000000d5d38088) 
thrown [s\src\hotspot\share\prims\jni.cpp, line 520]
Event: 31.791 Thread 0x0000016f7e2daa10 Exception <a 'java/io/FileNotFoundException'{0x00000000d5d39330}> (0x00000000d5d39330) 
thrown [s\src\hotspot\share\prims\jni.cpp, line 520]
Event: 31.800 Thread 0x0000016f7e2daa10 Exception <a 'java/lang/NoSuchMethodError'{0x00000000d5dad568}: 'java.lang.Object java.lang.invoke.DirectMethodHandle$Holder.newInvokeSpecial(java.lang.Object, java.lang.Object, java.lang.Object, int)'> (0x00000000d5dad568) 
thrown [s\src\hotspot\share\interpreter\linkResolver.cpp, line 773]
Event: 31.801 Thread 0x0000016f7e2daa10 Exception <a 'java/lang/NoSuchMethodError'{0x00000000d5db11e0}: 'java.lang.Object java.lang.invoke.DirectMethodHandle$Holder.invokeSpecial(java.lang.Object, java.lang.Object, java.lang.Object, java.lang.Object, int)'> (0x00000000d5db11e0) 
thrown [s\src\hotspot\share\interpreter\linkResolver.cpp, line 773]
Event: 31.803 Thread 0x0000016f7e2daa10 Exception <a 'java/lang/NoSuchMethodError'{0x00000000d5db4688}: 'java.lang.Object java.lang.invoke.Invokers$Holder.linkToTargetMethod(java.lang.Object, java.lang.Object, int, java.lang.Object)'> (0x00000000d5db4688) 
thrown [s\src\hotspot\share\interpreter\linkResolver.cpp, line 773]
Event: 33.241 Thread 0x0000016f7e2daa10 Exception <a 'java/io/FileNotFoundException'{0x00000000d699bf68}> (0x00000000d699bf68) 
thrown [s\src\hotspot\share\prims\jni.cpp, line 520]
Event: 33.242 Thread 0x0000016f7e2daa10 Exception <a 'java/io/FileNotFoundException'{0x00000000d699ccb0}> (0x00000000d699ccb0) 
thrown [s\src\hotspot\share\prims\jni.cpp, line 520]

ZGC Phase Switch (0 events):
No events

VM Operations (20 events):
Event: 29.830 Executing VM operation: HandshakeAllThreads (Deoptimize)
Event: 29.843 Executing VM operation: HandshakeAllThreads (Deoptimize) done
Event: 30.032 Executing VM operation: HandshakeAllThreads (Deoptimize)
Event: 30.032 Executing VM operation: HandshakeAllThreads (Deoptimize) done
Event: 30.094 Executing VM operation: HandshakeAllThreads (Deoptimize)
Event: 30.111 Executing VM operation: HandshakeAllThreads (Deoptimize) done
Event: 30.602 Executing VM operation: ParallelGCFailedAllocation (Allocation Failure)
Event: 30.621 Executing VM operation: ParallelGCFailedAllocation (Allocation Failure) done
Event: 31.551 Executing VM operation: ParallelGCFailedAllocation (Allocation Failure)
Event: 31.557 Executing VM operation: ParallelGCFailedAllocation (Allocation Failure) done
Event: 32.566 Executing VM operation: Cleanup
Event: 32.567 Executing VM operation: Cleanup done
Event: 33.255 Executing VM operation: ParallelGCFailedAllocation (Allocation Failure)
Event: 33.260 Executing VM operation: ParallelGCFailedAllocation (Allocation Failure) done
Event: 33.752 Executing VM operation: HandshakeAllThreads (Deoptimize)
Event: 33.752 Executing VM operation: HandshakeAllThreads (Deoptimize) done
Event: 34.763 Executing VM operation: Cleanup
Event: 34.763 Executing VM operation: Cleanup done
Event: 35.768 Executing VM operation: Cleanup
Event: 35.769 Executing VM operation: Cleanup done

Memory protections (0 events):
No events

Nmethod flushes (20 events):
Event: 28.544 Thread 0x0000016f77862540 flushing  nmethod 0x0000016f64676a10
Event: 28.544 Thread 0x0000016f77862540 flushing  nmethod 0x0000016f64677310
Event: 28.544 Thread 0x0000016f77862540 flushing  nmethod 0x0000016f64678510
Event: 28.544 Thread 0x0000016f77862540 flushing  nmethod 0x0000016f64679a10
Event: 28.544 Thread 0x0000016f77862540 flushing  nmethod 0x0000016f6467a190
Event: 28.544 Thread 0x0000016f77862540 flushing  nmethod 0x0000016f6467c290
Event: 28.544 Thread 0x0000016f77862540 flushing  nmethod 0x0000016f6467cb90
Event: 28.544 Thread 0x0000016f77862540 flushing  nmethod 0x0000016f6467e190
Event: 28.544 Thread 0x0000016f77862540 flushing  nmethod 0x0000016f6467fd10
Event: 28.544 Thread 0x0000016f77862540 flushing  nmethod 0x0000016f64680210
Event: 28.544 Thread 0x0000016f77862540 flushing  nmethod 0x0000016f646d0890
Event: 28.544 Thread 0x0000016f77862540 flushing  nmethod 0x0000016f646d5b10
Event: 28.544 Thread 0x0000016f77862540 flushing  nmethod 0x0000016f64722c10
Event: 28.544 Thread 0x0000016f77862540 flushing  nmethod 0x0000016f64723810
Event: 28.544 Thread 0x0000016f77862540 flushing  nmethod 0x0000016f64743990
Event: 28.544 Thread 0x0000016f77862540 flushing  nmethod 0x0000016f64753d90
Event: 28.544 Thread 0x0000016f77862540 flushing  nmethod 0x0000016f6477c290
Event: 28.544 Thread 0x0000016f77862540 flushing  nmethod 0x0000016f64794510
Event: 28.544 Thread 0x0000016f77862540 flushing  nmethod 0x0000016f64794990
Event: 28.544 Thread 0x0000016f77862540 flushing  nmethod 0x0000016f647ae790

Events (20 events):
Event: 29.364 Thread 0x0000016f7e2db0a0 Thread added: 0x0000016f7e2e1310
Event: 29.518 Thread 0x0000016f60e0fc90 Thread added: 0x0000016f7e2df240
Event: 29.520 Thread 0x0000016f60e0fc90 Thread added: 0x0000016f7e2e0c80
Event: 29.522 Thread 0x0000016f60e0fc90 Thread added: 0x0000016f7e2e05f0
Event: 29.522 Thread 0x0000016f60e0fc90 Thread added: 0x0000016f7e2e19a0
Event: 29.523 Thread 0x0000016f60e0fc90 Thread added: 0x0000016f7e2df8d0
Event: 29.524 Thread 0x0000016f60e0fc90 Thread added: 0x0000016f7e2e2030
Event: 29.524 Thread 0x0000016f60e0fc90 Thread added: 0x0000016f7e2dff60
Event: 29.526 Thread 0x0000016f60e0fc90 Thread added: 0x0000016f7e2debb0
Event: 29.526 Thread 0x0000016f60e0fc90 Thread added: 0x0000016f41801510
Event: 29.742 Thread 0x0000016f60e0fc90 Thread added: 0x0000016f41801ba0
Event: 30.696 Thread 0x0000016f60e0fc90 Thread added: 0x0000016f41800160
Event: 30.697 Thread 0x0000016f60e0fc90 Thread added: 0x0000016f41802230
Event: 33.251 Thread 0x0000016f7e2daa10 Thread added: 0x0000016f41803c70
Event: 33.251 Thread 0x0000016f7e2daa10 Thread added: 0x0000016f41802f50
Event: 33.251 Thread 0x0000016f41803c70 Thread added: 0x0000016f418035e0
Event: 33.252 Thread 0x0000016f418035e0 Thread added: 0x0000016f418007f0
Event: 33.252 Thread 0x0000016f41802f50 Thread added: 0x0000016f41804300
Event: 33.253 Thread 0x0000016f418007f0 Thread added: 0x0000016f41800e80
Event: 33.253 Thread 0x0000016f41804300 Thread added: 0x0000016f41804990


Dynamic libraries:
0x00007ff6fe1c0000 - 0x00007ff6fe1ce000 	c:\Users\hounk\.vscode\extensions\redhat.java-1.51.0-win32-x64\jre\21.0.9-win32-x86_64\bin\java.exe
0x00007ffe38060000 - 0x00007ffe382c8000 	C:\WINDOWS\SYSTEM32\ntdll.dll
0x00007ffe364d0000 - 0x00007ffe36599000 	C:\WINDOWS\System32\KERNEL32.DLL
0x00007ffe35950000 - 0x00007ffe35d41000 	C:\WINDOWS\System32\KERNELBASE.dll
0x00007ffe34c50000 - 0x00007ffe34d9b000 	C:\WINDOWS\System32\ucrtbase.dll
0x00007ffe00c70000 - 0x00007ffe00c88000 	c:\Users\hounk\.vscode\extensions\redhat.java-1.51.0-win32-x64\jre\21.0.9-win32-x86_64\bin\jli.dll
0x00007ffe02d30000 - 0x00007ffe02d4e000 	c:\Users\hounk\.vscode\extensions\redhat.java-1.51.0-win32-x64\jre\21.0.9-win32-x86_64\bin\VCRUNTIME140.dll
0x00007ffe367f0000 - 0x00007ffe369b6000 	C:\WINDOWS\System32\USER32.dll
0x00007ffe34a00000 - 0x00007ffe34a27000 	C:\WINDOWS\System32\win32u.dll
0x00007ffe228d0000 - 0x00007ffe22b63000 	C:\WINDOWS\WinSxS\amd64_microsoft.windows.common-controls_6595b64144ccf1df_6.0.26100.7653_none_3e0b88a0e3318624\COMCTL32.dll
0x00007ffe37980000 - 0x00007ffe379ab000 	C:\WINDOWS\System32\GDI32.dll
0x00007ffe35e00000 - 0x00007ffe35ea9000 	C:\WINDOWS\System32\msvcrt.dll
0x00007ffe34e30000 - 0x00007ffe34f5b000 	C:\WINDOWS\System32\gdi32full.dll
0x00007ffe34ba0000 - 0x00007ffe34c43000 	C:\WINDOWS\System32\msvcp_win.dll
0x00007ffe378b0000 - 0x00007ffe378e1000 	C:\WINDOWS\System32\IMM32.DLL
0x00007ffe10840000 - 0x00007ffe1084c000 	c:\Users\hounk\.vscode\extensions\redhat.java-1.51.0-win32-x64\jre\21.0.9-win32-x86_64\bin\vcruntime140_1.dll
0x00007ffde1760000 - 0x00007ffde17ed000 	c:\Users\hounk\.vscode\extensions\redhat.java-1.51.0-win32-x64\jre\21.0.9-win32-x86_64\bin\msvcp140.dll
0x00007ffd4d560000 - 0x00007ffd4e300000 	c:\Users\hounk\.vscode\extensions\redhat.java-1.51.0-win32-x64\jre\21.0.9-win32-x86_64\bin\server\jvm.dll
0x00007ffe36730000 - 0x00007ffe367e4000 	C:\WINDOWS\System32\ADVAPI32.dll
0x00007ffe35fb0000 - 0x00007ffe36056000 	C:\WINDOWS\System32\sechost.dll
0x00007ffe363b0000 - 0x00007ffe364c8000 	C:\WINDOWS\System32\RPCRT4.dll
0x00007ffe36070000 - 0x00007ffe360e4000 	C:\WINDOWS\System32\WS2_32.dll
0x00007ffe347c0000 - 0x00007ffe3481e000 	C:\WINDOWS\SYSTEM32\POWRPROF.dll
0x00007ffe2b100000 - 0x00007ffe2b135000 	C:\WINDOWS\SYSTEM32\WINMM.dll
0x00007ffe2c3b0000 - 0x00007ffe2c3bb000 	C:\WINDOWS\SYSTEM32\VERSION.dll
0x00007ffe347a0000 - 0x00007ffe347b4000 	C:\WINDOWS\SYSTEM32\UMPDC.dll
0x00007ffe336c0000 - 0x00007ffe336db000 	C:\WINDOWS\SYSTEM32\kernel.appcore.dll
0x00007ffe0e6f0000 - 0x00007ffe0e6fa000 	c:\Users\hounk\.vscode\extensions\redhat.java-1.51.0-win32-x64\jre\21.0.9-win32-x86_64\bin\jimage.dll
0x00007ffe32b70000 - 0x00007ffe32db2000 	C:\WINDOWS\SYSTEM32\DBGHELP.DLL
0x00007ffe37c90000 - 0x00007ffe38016000 	C:\WINDOWS\System32\combase.dll
0x00007ffe362d0000 - 0x00007ffe363a7000 	C:\WINDOWS\System32\OLEAUT32.dll
0x00007ffe23650000 - 0x00007ffe2368b000 	C:\WINDOWS\SYSTEM32\dbgcore.DLL
0x00007ffe35d50000 - 0x00007ffe35df5000 	C:\WINDOWS\System32\bcryptPrimitives.dll
0x00007ffe0e010000 - 0x00007ffe0e01f000 	c:\Users\hounk\.vscode\extensions\redhat.java-1.51.0-win32-x64\jre\21.0.9-win32-x86_64\bin\instrument.dll
0x00007ffe00ab0000 - 0x00007ffe00ad0000 	c:\Users\hounk\.vscode\extensions\redhat.java-1.51.0-win32-x64\jre\21.0.9-win32-x86_64\bin\java.dll
0x00007ffe36f90000 - 0x00007ffe376e1000 	C:\WINDOWS\System32\SHELL32.dll
0x00007ffe34a30000 - 0x00007ffe34b9a000 	C:\WINDOWS\System32\wintypes.dll
0x00007ffe34f60000 - 0x00007ffe357c4000 	C:\WINDOWS\System32\windows.storage.dll
0x00007ffe37b60000 - 0x00007ffe37c56000 	C:\WINDOWS\System32\SHCORE.dll
0x00007ffe36a90000 - 0x00007ffe36af7000 	C:\WINDOWS\System32\shlwapi.dll
0x00007ffe34860000 - 0x00007ffe34888000 	C:\WINDOWS\SYSTEM32\profapi.dll
0x00007ffdfd680000 - 0x00007ffdfd698000 	c:\Users\hounk\.vscode\extensions\redhat.java-1.51.0-win32-x64\jre\21.0.9-win32-x86_64\bin\zip.dll
0x00007ffe08fe0000 - 0x00007ffe08ff0000 	C:\Users\hounk\.vscode\extensions\redhat.java-1.51.0-win32-x64\jre\21.0.9-win32-x86_64\bin\net.dll
0x00007ffe2b320000 - 0x00007ffe2b447000 	C:\WINDOWS\SYSTEM32\WINHTTP.dll
0x00007ffe33c30000 - 0x00007ffe33c9b000 	C:\WINDOWS\system32\mswsock.dll
0x00007ffdf8770000 - 0x00007ffdf8786000 	C:\Users\hounk\.vscode\extensions\redhat.java-1.51.0-win32-x64\jre\21.0.9-win32-x86_64\bin\nio.dll
0x00007ffe06170000 - 0x00007ffe06180000 	c:\Users\hounk\.vscode\extensions\redhat.java-1.51.0-win32-x64\jre\21.0.9-win32-x86_64\bin\verify.dll
0x00007ffdddf10000 - 0x00007ffdddf54000 	C:\Users\hounk\AppData\Roaming\Code\User\globalStorage\redhat.java\1.51.0\config_win\org.eclipse.equinox.launcher\org.eclipse.equinox.launcher.win32.win32.x86_64_1.2.1400.v20250801-0854\eclipse_11916.dll
0x00007ffe379c0000 - 0x00007ffe37b57000 	C:\WINDOWS\System32\ole32.dll
0x00007ffe33ef0000 - 0x00007ffe33f0b000 	C:\WINDOWS\SYSTEM32\CRYPTSP.dll
0x00007ffe33620000 - 0x00007ffe33659000 	C:\WINDOWS\system32\rsaenh.dll
0x00007ffe33ce0000 - 0x00007ffe33d0b000 	C:\WINDOWS\SYSTEM32\USERENV.dll
0x00007ffe34830000 - 0x00007ffe3485a000 	C:\WINDOWS\SYSTEM32\bcrypt.dll
0x00007ffe340b0000 - 0x00007ffe340bc000 	C:\WINDOWS\SYSTEM32\CRYPTBASE.dll
0x00007ffe330e0000 - 0x00007ffe33114000 	C:\WINDOWS\SYSTEM32\IPHLPAPI.DLL
0x00007ffe36720000 - 0x00007ffe3672a000 	C:\WINDOWS\System32\NSI.dll
0x00007ffdd16c0000 - 0x00007ffdd1709000 	C:\Users\hounk\AppData\Local\Temp\jna-99468939\jna10801744586441726265.dll
0x00007ffe369c0000 - 0x00007ffe369c8000 	C:\WINDOWS\System32\PSAPI.DLL
0x00007ffe2af70000 - 0x00007ffe2af8e000 	C:\WINDOWS\SYSTEM32\dhcpcsvc6.DLL
0x00007ffe2af10000 - 0x00007ffe2af33000 	C:\WINDOWS\SYSTEM32\dhcpcsvc.DLL

JVMTI agents:
c:\Users\hounk\.vscode\extensions\redhat.java-1.51.0-win32-x64\lombok\lombok-1.18.39-4050.jar path:c:\Users\hounk\.vscode\extensions\redhat.java-1.51.0-win32-x64\jre\21.0.9-win32-x86_64\bin\instrument.dll, loaded, initialized, instrumentlib options:none

dbghelp: loaded successfully - version: 4.0.5 - missing functions: none
symbol engine: initialized successfully - sym options: 0x614 - pdb path: .;c:\Users\hounk\.vscode\extensions\redhat.java-1.51.0-win32-x64\jre\21.0.9-win32-x86_64\bin;C:\WINDOWS\SYSTEM32;C:\WINDOWS\WinSxS\amd64_microsoft.windows.common-controls_6595b64144ccf1df_6.0.26100.7653_none_3e0b88a0e3318624;c:\Users\hounk\.vscode\extensions\redhat.java-1.51.0-win32-x64\jre\21.0.9-win32-x86_64\bin\server;C:\Users\hounk\AppData\Roaming\Code\User\globalStorage\redhat.java\1.51.0\config_win\org.eclipse.equinox.launcher\org.eclipse.equinox.launcher.win32.win32.x86_64_1.2.1400.v20250801-0854;C:\Users\hounk\AppData\Local\Temp\jna-99468939

VM Arguments:
jvm_args: --add-modules=ALL-SYSTEM --add-opens=java.base/java.util=ALL-UNNAMED --add-opens=java.base/java.lang=ALL-UNNAMED --add-opens=java.base/sun.nio.fs=ALL-UNNAMED -Declipse.application=org.eclipse.jdt.ls.core.id1 -Dosgi.bundles.defaultStartLevel=4 -Declipse.product=org.eclipse.jdt.ls.core.product -Djava.import.generatesMetadataFilesAtProjectRoot=false -DDetectVMInstallationsJob.disabled=true -Dfile.encoding=utf8 -XX:+UseParallelGC -XX:GCTimeRatio=4 -XX:AdaptiveSizePolicyWeight=90 -Dsun.zip.disableMemoryMapping=true -Xmx2G -Xms100m -Xlog:disable -javaagent:c:\Users\hounk\.vscode\extensions\redhat.java-1.51.0-win32-x64\lombok\lombok-1.18.39-4050.jar -XX:+HeapDumpOnOutOfMemoryError -XX:HeapDumpPath=c:\Users\hounk\AppData\Roaming\Code\User\workspaceStorage\0e43c14ff81329af7692834478f51c1b\redhat.java -Daether.dependencyCollector.impl=bf 
java_command: c:\Users\hounk\.vscode\extensions\redhat.java-1.51.0-win32-x64\server\plugins\org.eclipse.equinox.launcher_1.7.100.v20251111-0406.jar -configuration c:\Users\hounk\AppData\Roaming\Code\User\globalStorage\redhat.java\1.51.0\config_win -data c:\Users\hounk\AppData\Roaming\Code\User\workspaceStorage\0e43c14ff81329af7692834478f51c1b\redhat.java\jdt_ws --pipe=\\.\pipe\lsp-700355320ac6a423e9fd5fe4e678d161-sock
java_class_path (initial): c:\Users\hounk\.vscode\extensions\redhat.java-1.51.0-win32-x64\server\plugins\org.eclipse.equinox.launcher_1.7.100.v20251111-0406.jar
Launcher Type: SUN_STANDARD

[Global flags]
    uintx AdaptiveSizePolicyWeight                 = 90                                        {product} {command line}
     intx CICompilerCount                          = 4                                         {product} {ergonomic}
    uintx GCTimeRatio                              = 4                                         {product} {command line}
     bool HeapDumpOnOutOfMemoryError               = true                                   {manageable} {command line}
    ccstr HeapDumpPath                             = c:\Users\hounk\AppData\Roaming\Code\User\workspaceStorage\0e43c14ff81329af7692834478f51c1b\redhat.java         {manageable} {command line}
   size_t InitialHeapSize                          = 104857600                                 {product} {command line}
   size_t MaxHeapSize                              = 2147483648                                {product} {command line}
   size_t MaxNewSize                               = 715653120                                 {product} {ergonomic}
   size_t MinHeapDeltaBytes                        = 524288                                    {product} {ergonomic}
   size_t MinHeapSize                              = 104857600                                 {product} {command line}
   size_t NewSize                                  = 34603008                                  {product} {ergonomic}
    uintx NonNMethodCodeHeapSize                   = 5839372                                {pd product} {ergonomic}
    uintx NonProfiledCodeHeapSize                  = 122909434                              {pd product} {ergonomic}
   size_t OldSize                                  = 70254592                                  {product} {ergonomic}
    uintx ProfiledCodeHeapSize                     = 122909434                              {pd product} {ergonomic}
    uintx ReservedCodeCacheSize                    = 251658240                              {pd product} {ergonomic}
     bool SegmentedCodeCache                       = true                                      {product} {ergonomic}
   size_t SoftMaxHeapSize                          = 2147483648                             {manageable} {ergonomic}
     bool UseCompressedOops                        = true                           {product lp64_product} {ergonomic}
     bool UseLargePagesIndividualAllocation        = false                                  {pd product} {ergonomic}
     bool UseParallelGC                            = true                                      {product} {command line}

Logging:
Log output configuration:
 #0: stdout all=off uptime,level,tags foldmultilines=false
 #1: stderr all=off uptime,level,tags foldmultilines=false

Release file:
JAVA_VERSION="21.0.9" 
MODULES="java.base java.compiler java.datatransfer java.xml java.prefs java.desktop java.instrument java.logging java.management java.security.sasl java.naming java.rmi java.management.rmi java.net.http java.scripting java.security.jgss java.transaction.xa java.sql java.sql.rowset java.xml.crypto java.se java.smartcardio jdk.accessibility jdk.internal.jvmstat jdk.attach jdk.charsets jdk.internal.opt jdk.zipfs jdk.compiler jdk.crypto.ec jdk.crypto.cryptoki jdk.crypto.mscapi jdk.dynalink jdk.internal.ed jdk.editpad jdk.hotspot.agent jdk.httpserver jdk.internal.le jdk.internal.vm.ci jdk.internal.vm.compiler jdk.internal.vm.compiler.management jdk.jartool jdk.javadoc jdk.jcmd jdk.management jdk.management.agent jdk.jconsole jdk.jdeps jdk.jdwp.agent jdk.jdi jdk.jfr jdk.jshell jdk.jsobject jdk.jstatd jdk.localedata jdk.management.jfr jdk.naming.dns jdk.naming.rmi jdk.net jdk.nio.mapmode jdk.random jdk.sctp jdk.security.auth jdk.security.jgss jdk.unsupported jdk.unsupported.desktop jdk.xml.dom" 

Environment Variables:
JAVA_HOME=C:\Program Files\java\jdk-17
PATH=C:\Program Files\Common Files\Oracle\Java\javapath;C:\Python314\Scripts\;C:\Python314\;C:\WINDOWS\system32;C:\WINDOWS;C:\WINDOWS\System32\Wbem;C:\WINDOWS\System32\WindowsPowerShell\v1.0\;C:\WINDOWS\System32\OpenSSH\;C:\Program Files\Git\cmd;C:\composer;C:\Users\hounk\AppData\Local\Programs\Python\Python313;C:\symfony-cli_windows_amd64;C:\Program Files\PostgreSQL\17\bin;C:\Program Files\Microsoft SQL Server\150\Tools\Binn\;C:\Program Files\Microsoft SQL Server\Client SDK\ODBC\170\Tools\Binn\;C:\Program Files\dotnet\;C:\Program Files (x86)\Windows Kits\10\Windows Performance Toolkit\;C:\Program Files (x86)\Microsoft SQL Server\160\DTS\Binn\;C:\Program Files\nodejs\;C:\ProgramData\chocolatey\bin;C:\Program Files\MySQL\MySQL Workbench 8.0;C:\Program Files (x86)\Microsoft SQL Server\160\Tools\Binn\;C:\Program Files\Microsoft SQL Server\160\Tools\Binn\;C:\Program Files\Microsoft SQL Server\160\DTS\Binn\;C:\msys64\ucrt64\bin;C:\Android\platform-tools;C:\Users\hounk\AppData\Local\Programs\Python\Launcher\;C:\Users\hounk\AppData\Local\Microsoft\WindowsApps;C:\Users\hounk\AppData\Local\Programs\Microsoft VS Code\bin;C:\Users\hounk\AppData\Local\GitHubDesktop\bin;C:\wamp64\bin\php\php8.3.14;C:\Users\hounk\AppData\Roaming\Composer\vendor\bin;C:\Users\hounk\AppData\Local\Programs\Python\Python313;C:\Users\hounk\AppData\Local\Programs\Python\Python313\Scripts\;C:\Mobiles_Apps\flutter\bin;C:\Users\hounk\.dotnet\tools;C:\Users\hounk\AppData\Roaming\npm;C:\Program Files\MySQL\MySQL Workbench 8.0;C:\Program Files\java\jdk-17\bin;C:\msys64\ucrt64\bin;C:\Android\platform-tools;C:\Program Files\JetBrains\IntelliJ IDEA 2025.3.1.1\bin;C:\Users\hounk\AppData\Local\Pub\Cache\bin;
USERNAME=hounk
OS=Windows_NT
PROCESSOR_IDENTIFIER=AMD64 Family 23 Model 24 Stepping 1, AuthenticAMD
TMP=C:\Users\hounk\AppData\Local\Temp
TEMP=C:\Users\hounk\AppData\Local\Temp




Periodic native trim disabled

---------------  S Y S T E M  ---------------

OS:
 Windows 11 , 64 bit Build 26100 (10.0.26100.7653)
OS uptime: 0 days 4:15 hours

CPU: total 8 (initial active 8) (8 cores per cpu, 2 threads per core) family 23 model 24 stepping 1 microcode 0x8108102, cx8, cmov, fxsr, ht, mmx, 3dnowpref, sse, sse2, sse3, ssse3, sse4a, sse4.1, sse4.2, popcnt, lzcnt, tsc, tscinvbit, avx, avx2, aes, clmul, bmi1, bmi2, adx, sha, fma, vzeroupper, clflush, clflushopt, rdtscp, f16c
Processor Information for the first 8 processors :
  Max Mhz: 2100, Current Mhz: 2100, Mhz Limit: 2100

Memory: 4k page, system-wide physical 3461M (116M free)
TotalPageFile size 15749M (AvailPageFile size 14M)
current process WorkingSet (physical memory assigned to process): 136M, peak: 187M
current process commit charge ("private bytes"): 306M, peak: 326M

vm_info: OpenJDK 64-Bit Server VM (21.0.9+10-LTS) for windows-amd64 JRE (21.0.9+10-LTS), built on 2025-10-21T00:00:00Z by "admin" with unknown MS VC++:1942

END.
