#
# There is insufficient memory for the Java Runtime Environment to continue.
# Native memory allocation (malloc) failed to allocate 1994416 bytes. Error detail: Chunk::new
# Possible reasons:
#   The system is out of physical RAM or swap space
#   This process is running with CompressedOops enabled, and the Java Heap may be blocking the growth of the native heap
# Possible solutions:
#   Reduce memory load on the system
#   Increase physical memory or swap space
#   Check if swap backing store is full
#   Decrease Java heap size (-Xmx/-Xms)
#   Decrease number of Java threads
#   Decrease Java thread stack sizes (-Xss)
#   Set larger code cache with -XX:ReservedCodeCacheSize=
#   JVM is running with Unscaled Compressed Oops mode in which the Java heap is
#     placed in the first 4GB address space. The Java Heap base address is the
#     maximum limit for the native heap growth. Please use -XX:HeapBaseMinAddress
#     to set the Java Heap base and to place the Java Heap above 4GB virtual address.
# This output file may be truncated or incomplete.
#
#  Out of Memory Error (arena.cpp:168), pid=852, tid=9876
#
# JRE version: OpenJDK Runtime Environment Temurin-21.0.9+10 (21.0.9+10) (build 21.0.9+10-LTS)
# Java VM: OpenJDK 64-Bit Server VM Temurin-21.0.9+10 (21.0.9+10-LTS, mixed mode, sharing, tiered, compressed oops, compressed class ptrs, parallel gc, windows-amd64)
# No core dump will be written. Minidumps are not enabled by default on client versions of Windows
#

---------------  S U M M A R Y ------------

Command Line: --add-modules=ALL-SYSTEM --add-opens=java.base/java.util=ALL-UNNAMED --add-opens=java.base/java.lang=ALL-UNNAMED --add-opens=java.base/sun.nio.fs=ALL-UNNAMED -Declipse.application=org.eclipse.jdt.ls.core.id1 -Dosgi.bundles.defaultStartLevel=4 -Declipse.product=org.eclipse.jdt.ls.core.product -Djava.import.generatesMetadataFilesAtProjectRoot=false -DDetectVMInstallationsJob.disabled=true -Dfile.encoding=utf8 -XX:+UseParallelGC -XX:GCTimeRatio=4 -XX:AdaptiveSizePolicyWeight=90 -Dsun.zip.disableMemoryMapping=true -Xmx2G -Xms100m -Xlog:disable -javaagent:c:\Users\hounk\.vscode\extensions\redhat.java-1.51.0-win32-x64\lombok\lombok-1.18.39-4050.jar -XX:+HeapDumpOnOutOfMemoryError -XX:HeapDumpPath=c:\Users\hounk\AppData\Roaming\Code\User\workspaceStorage\0e43c14ff81329af7692834478f51c1b\redhat.java -Daether.dependencyCollector.impl=bf c:\Users\hounk\.vscode\extensions\redhat.java-1.51.0-win32-x64\server\plugins\org.eclipse.equinox.launcher_1.7.100.v20251111-0406.jar -configuration c:\Users\hounk\AppData\Roaming\Code\User\globalStorage\redhat.java\1.51.0\config_win -data c:\Users\hounk\AppData\Roaming\Code\User\workspaceStorage\0e43c14ff81329af7692834478f51c1b\redhat.java\jdt_ws --pipe=\\.\pipe\lsp-4432f7960e7a657bd2b518d9860142c1-sock

Host: AMD Ryzen 5 3500U with Radeon Vega Mobile Gfx  , 8 cores, 3G,  Windows 11 , 64 bit Build 26100 (10.0.26100.7653)
Time: Mon Jan 26 12:19:09 2026 Greenwich Standard Time elapsed time: 242.927461 seconds (0d 0h 4m 2s)

---------------  T H R E A D  ---------------

Current thread (0x0000022635b48cc0):  JavaThread "C2 CompilerThread0" daemon [_thread_in_native, id=9876, stack(0x000000b634e00000,0x000000b634f00000) (1024K)]


Current CompileTask:
C2:242927 14496       4       org.eclipse.jdt.internal.compiler.classfmt.ModuleInfo::readModuleAttribute (1166 bytes)

Stack: [0x000000b634e00000,0x000000b634f00000]
Native frames: (J=compiled Java code, j=interpreted, Vv=VM code, C=native code)
V  [jvm.dll+0x6d6e29]
V  [jvm.dll+0x8b4b76]
V  [jvm.dll+0x8b712e]
V  [jvm.dll+0x8b7813]
V  [jvm.dll+0x283d86]
V  [jvm.dll+0xc66ed]
V  [jvm.dll+0xc6c31]
V  [jvm.dll+0x3be501]
V  [jvm.dll+0x38ab92]
V  [jvm.dll+0x389fda]
V  [jvm.dll+0x24bfa0]
V  [jvm.dll+0x24b580]
V  [jvm.dll+0x1cb13e]
V  [jvm.dll+0x25b29d]
V  [jvm.dll+0x25982a]
V  [jvm.dll+0x3f7ea6]
V  [jvm.dll+0x85e9ad]
V  [jvm.dll+0x6d565d]
C  [ucrtbase.dll+0x37b0]
C  [KERNEL32.DLL+0x2e8d7]
C  [ntdll.dll+0x8c40c]


---------------  P R O C E S S  ---------------

Threads class SMR info:
_java_thread_list=0x00000226955934e0, length=65, elements={
0x0000022635bd05b0, 0x0000022635b34cd0, 0x0000022635b3ad50, 0x0000022635b40820,
0x0000022635b41470, 0x0000022635b43ed0, 0x0000022635b45e80, 0x0000022635b48cc0,
0x0000022635b761e0, 0x0000022693187f20, 0x000002269334cff0, 0x00000226938074d0,
0x000002269321cee0, 0x000002269347c510, 0x000002269347b560, 0x000002269407f380,
0x00000226930e14e0, 0x0000022693494380, 0x0000022693494a10, 0x00000226934922b0,
0x0000022693492940, 0x0000022693492fd0, 0x0000022693493cf0, 0x0000022693493660,
0x0000022693491590, 0x0000022695d2c490, 0x0000022695d2d840, 0x0000022695d2e560,
0x0000022695d2d1b0, 0x0000022695d2be00, 0x0000022695d2cb20, 0x0000022695d30cc0,
0x0000022695d2f910, 0x0000022695d2ebf0, 0x0000022695d2ded0, 0x0000022695d2ffa0,
0x0000022695d30630, 0x0000022695d32700, 0x0000022695d2f280, 0x00000226960e6a10,
0x00000226960e7730, 0x00000226960e6380, 0x00000226960e7dc0, 0x00000226960e8450,
0x00000226960e5660, 0x00000226960e4fd0, 0x00000226960e8ae0, 0x00000226960e5cf0,
0x00000226960e70a0, 0x00000226960e9e90, 0x00000226960ea520, 0x00000226960eb240,
0x00000226960e9170, 0x00000226960ebf60, 0x00000226960e9800, 0x00000226960eabb0,
0x0000022696a8e5a0, 0x0000022696a8ec30, 0x0000022696a8cb60, 0x0000022696a90670,
0x0000022696a90d00, 0x0000022696a8d880, 0x0000022696a91390, 0x0000022696a8df10,
0x0000022696a92740
}

Java Threads: ( => current thread )
  0x0000022635bd05b0 JavaThread "main"                              [_thread_blocked, id=18620, stack(0x000000b634400000,0x000000b634500000) (1024K)]
  0x0000022635b34cd0 JavaThread "Reference Handler"          daemon [_thread_blocked, id=15116, stack(0x000000b634800000,0x000000b634900000) (1024K)]
  0x0000022635b3ad50 JavaThread "Finalizer"                  daemon [_thread_blocked, id=7264, stack(0x000000b634900000,0x000000b634a00000) (1024K)]
  0x0000022635b40820 JavaThread "Signal Dispatcher"          daemon [_thread_blocked, id=18932, stack(0x000000b634a00000,0x000000b634b00000) (1024K)]
  0x0000022635b41470 JavaThread "Attach Listener"            daemon [_thread_blocked, id=22740, stack(0x000000b634b00000,0x000000b634c00000) (1024K)]
  0x0000022635b43ed0 JavaThread "Service Thread"             daemon [_thread_blocked, id=20764, stack(0x000000b634c00000,0x000000b634d00000) (1024K)]
  0x0000022635b45e80 JavaThread "Monitor Deflation Thread"   daemon [_thread_blocked, id=28188, stack(0x000000b634d00000,0x000000b634e00000) (1024K)]
=>0x0000022635b48cc0 JavaThread "C2 CompilerThread0"         daemon [_thread_in_native, id=9876, stack(0x000000b634e00000,0x000000b634f00000) (1024K)]
  0x0000022635b761e0 JavaThread "C1 CompilerThread0"         daemon [_thread_blocked, id=17236, stack(0x000000b634f00000,0x000000b635000000) (1024K)]
  0x0000022693187f20 JavaThread "Common-Cleaner"             daemon [_thread_blocked, id=15592, stack(0x000000b635000000,0x000000b635100000) (1024K)]
  0x000002269334cff0 JavaThread "Notification Thread"        daemon [_thread_blocked, id=23124, stack(0x000000b635100000,0x000000b635200000) (1024K)]
  0x00000226938074d0 JavaThread "Active Thread: Equinox Container: 74e4a808-8425-40a7-8e47-d44ac8f76ec8"        [_thread_blocked, id=4180, stack(0x000000b635800000,0x000000b635900000) (1024K)]
  0x000002269321cee0 JavaThread "Refresh Thread: Equinox Container: 74e4a808-8425-40a7-8e47-d44ac8f76ec8" daemon [_thread_blocked, id=26052, stack(0x000000b635a00000,0x000000b635b00000) (1024K)]
  0x000002269347c510 JavaThread "Framework Event Dispatcher: Equinox Container: 74e4a808-8425-40a7-8e47-d44ac8f76ec8" daemon [_thread_blocked, id=9472, stack(0x000000b635b00000,0x000000b635c00000) (1024K)]
  0x000002269347b560 JavaThread "Start Level: Equinox Container: 74e4a808-8425-40a7-8e47-d44ac8f76ec8" daemon [_thread_blocked, id=10512, stack(0x000000b635c00000,0x000000b635d00000) (1024K)]
  0x000002269407f380 JavaThread "Bundle File Closer"         daemon [_thread_blocked, id=26232, stack(0x000000b635d00000,0x000000b635e00000) (1024K)]
  0x00000226930e14e0 JavaThread "SCR Component Actor"        daemon [_thread_blocked, id=12604, stack(0x000000b634100000,0x000000b634200000) (1024K)]
  0x0000022693494380 JavaThread "Worker-JM"                         [_thread_blocked, id=24944, stack(0x000000b634200000,0x000000b634300000) (1024K)]
  0x0000022693494a10 JavaThread "JNA Cleaner"                daemon [_thread_blocked, id=19080, stack(0x000000b635e00000,0x000000b635f00000) (1024K)]
  0x00000226934922b0 JavaThread "Worker-0"                          [_thread_blocked, id=16564, stack(0x000000b635f00000,0x000000b636000000) (1024K)]
  0x0000022693492940 JavaThread "Worker-1"                          [_thread_blocked, id=21904, stack(0x000000b636000000,0x000000b636100000) (1024K)]
  0x0000022693492fd0 JavaThread "Worker-2"                          [_thread_blocked, id=13056, stack(0x000000b636100000,0x000000b636200000) (1024K)]
  0x0000022693493cf0 JavaThread "Java indexing"              daemon [_thread_blocked, id=22288, stack(0x000000b636200000,0x000000b636300000) (1024K)]
  0x0000022693493660 JavaThread "Worker-3"                          [_thread_blocked, id=25760, stack(0x000000b636500000,0x000000b636600000) (1024K)]
  0x0000022693491590 JavaThread "Worker-4: Initialize Workspace"        [_thread_blocked, id=19888, stack(0x000000b636600000,0x000000b636700000) (1024K)]
  0x0000022695d2c490 JavaThread "Thread-1"                   daemon [_thread_in_native, id=22312, stack(0x000000b636700000,0x000000b636800000) (1024K)]
  0x0000022695d2d840 JavaThread "Thread-2"                   daemon [_thread_in_native, id=18100, stack(0x000000b636800000,0x000000b636900000) (1024K)]
  0x0000022695d2e560 JavaThread "Thread-3"                   daemon [_thread_in_native, id=4044, stack(0x000000b636900000,0x000000b636a00000) (1024K)]
  0x0000022695d2d1b0 JavaThread "Thread-4"                   daemon [_thread_in_native, id=24820, stack(0x000000b636a00000,0x000000b636b00000) (1024K)]
  0x0000022695d2be00 JavaThread "Thread-5"                   daemon [_thread_in_native, id=2324, stack(0x000000b636b00000,0x000000b636c00000) (1024K)]
  0x0000022695d2cb20 JavaThread "Thread-6"                   daemon [_thread_in_native, id=21856, stack(0x000000b636c00000,0x000000b636d00000) (1024K)]
  0x0000022695d30cc0 JavaThread "Thread-7"                   daemon [_thread_in_native, id=28116, stack(0x000000b636d00000,0x000000b636e00000) (1024K)]
  0x0000022695d2f910 JavaThread "Thread-8"                   daemon [_thread_in_native, id=25676, stack(0x000000b636e00000,0x000000b636f00000) (1024K)]
  0x0000022695d2ebf0 JavaThread "Thread-9"                   daemon [_thread_in_native, id=9700, stack(0x000000b636f00000,0x000000b637000000) (1024K)]
  0x0000022695d2ded0 JavaThread "pool-2-thread-1"                   [_thread_blocked, id=10088, stack(0x000000b637000000,0x000000b637100000) (1024K)]
  0x0000022695d2ffa0 JavaThread "WorkspaceEventsHandler"            [_thread_blocked, id=13928, stack(0x000000b637100000,0x000000b637200000) (1024K)]
  0x0000022695d30630 JavaThread "pool-1-thread-1"                   [_thread_blocked, id=17528, stack(0x000000b637200000,0x000000b637300000) (1024K)]
  0x0000022695d32700 JavaThread "Worker-5"                          [_thread_blocked, id=10424, stack(0x000000b637300000,0x000000b637400000) (1024K)]
  0x0000022695d2f280 JavaThread "Worker-6: Send Classpath Notifications"        [_thread_blocked, id=26260, stack(0x000000b637400000,0x000000b637500000) (1024K)]
  0x00000226960e6a10 JavaThread "LocalFile Deleter"          daemon [_thread_blocked, id=14092, stack(0x000000b637600000,0x000000b637700000) (1024K)]
  0x00000226960e7730 JavaThread "LocalFile Deleter"          daemon [_thread_blocked, id=26572, stack(0x000000b637700000,0x000000b637800000) (1024K)]
  0x00000226960e6380 JavaThread "LocalFile Deleter"          daemon [_thread_blocked, id=24024, stack(0x000000b637800000,0x000000b637900000) (1024K)]
  0x00000226960e7dc0 JavaThread "LocalFile Deleter"          daemon [_thread_blocked, id=28620, stack(0x000000b637900000,0x000000b637a00000) (1024K)]
  0x00000226960e8450 JavaThread "LocalFile Deleter"          daemon [_thread_blocked, id=26904, stack(0x000000b637a00000,0x000000b637b00000) (1024K)]
  0x00000226960e5660 JavaThread "LocalFile Deleter"          daemon [_thread_blocked, id=18380, stack(0x000000b637b00000,0x000000b637c00000) (1024K)]
  0x00000226960e4fd0 JavaThread "LocalFile Deleter"          daemon [_thread_blocked, id=9336, stack(0x000000b637c00000,0x000000b637d00000) (1024K)]
  0x00000226960e8ae0 JavaThread "Compiler Source File Reader" daemon [_thread_blocked, id=28272, stack(0x000000b637d00000,0x000000b637e00000) (1024K)]
  0x00000226960e5cf0 JavaThread "Compiler Source File Reader" daemon [_thread_blocked, id=23624, stack(0x000000b637e00000,0x000000b637f00000) (1024K)]
  0x00000226960e70a0 JavaThread "Compiler Source File Reader" daemon [_thread_blocked, id=16640, stack(0x000000b637f00000,0x000000b638000000) (1024K)]
  0x00000226960e9e90 JavaThread "Compiler Source File Reader" daemon [_thread_blocked, id=19120, stack(0x000000b638000000,0x000000b638100000) (1024K)]
  0x00000226960ea520 JavaThread "Compiler Source File Reader" daemon [_thread_blocked, id=15952, stack(0x000000b638100000,0x000000b638200000) (1024K)]
  0x00000226960eb240 JavaThread "Compiler Source File Reader" daemon [_thread_blocked, id=2880, stack(0x000000b638200000,0x000000b638300000) (1024K)]
  0x00000226960e9170 JavaThread "Compiler Class File Writer" daemon [_thread_blocked, id=1640, stack(0x000000b638400000,0x000000b638500000) (1024K)]
  0x00000226960ebf60 JavaThread "Compiler Class File Writer" daemon [_thread_blocked, id=28492, stack(0x000000b638500000,0x000000b638600000) (1024K)]
  0x00000226960e9800 JavaThread "Compiler Class File Writer" daemon [_thread_blocked, id=16848, stack(0x000000b638600000,0x000000b638700000) (1024K)]
  0x00000226960eabb0 JavaThread "Compiler Class File Writer" daemon [_thread_blocked, id=21436, stack(0x000000b638700000,0x000000b638800000) (1024K)]
  0x0000022696a8e5a0 JavaThread "Compiler Class File Writer" daemon [_thread_blocked, id=17216, stack(0x000000b638800000,0x000000b638900000) (1024K)]
  0x0000022696a8ec30 JavaThread "Compiler Class File Writer" daemon [_thread_blocked, id=22716, stack(0x000000b638900000,0x000000b638a00000) (1024K)]
  0x0000022696a8cb60 JavaThread "ForkJoinPool.commonPool-worker-3" daemon [_thread_in_native, id=27696, stack(0x000000b638b00000,0x000000b638c00000) (1024K)]
  0x0000022696a90670 JavaThread "ForkJoinPool.commonPool-worker-2" daemon [_thread_blocked, id=25992, stack(0x000000b638c00000,0x000000b638d00000) (1024K)]
  0x0000022696a90d00 JavaThread "ForkJoinPool.commonPool-worker-4" daemon [_thread_blocked, id=8432, stack(0x000000b634300000,0x000000b634400000) (1024K)]
  0x0000022696a8d880 JavaThread "ForkJoinPool.commonPool-worker-5" daemon [_thread_blocked, id=5176, stack(0x000000b636300000,0x000000b636400000) (1024K)]
  0x0000022696a91390 JavaThread "ForkJoinPool.commonPool-worker-6" daemon [_thread_blocked, id=12596, stack(0x000000b637500000,0x000000b637600000) (1024K)]
  0x0000022696a8df10 JavaThread "ForkJoinPool.commonPool-worker-7" daemon [_thread_blocked, id=22804, stack(0x000000b638300000,0x000000b638400000) (1024K)]
  0x0000022696a92740 JavaThread "ForkJoinPool.commonPool-worker-8" daemon [_thread_blocked, id=20988, stack(0x000000b638a00000,0x000000b638b00000) (1024K)]
Total: 65

Other Threads:
  0x0000022635b20cd0 VMThread "VM Thread"                           [id=21816, stack(0x000000b634700000,0x000000b634800000) (1024K)]
  0x0000022635a5ca10 WatcherThread "VM Periodic Task Thread"        [id=12372, stack(0x000000b634600000,0x000000b634700000) (1024K)]
  0x0000022635bef090 WorkerThread "GC Thread#0"                     [id=22656, stack(0x000000b634500000,0x000000b634600000) (1024K)]
  0x000002269365bbb0 WorkerThread "GC Thread#1"                     [id=27804, stack(0x000000b635200000,0x000000b635300000) (1024K)]
  0x000002269365e4b0 WorkerThread "GC Thread#2"                     [id=10624, stack(0x000000b635300000,0x000000b635400000) (1024K)]
  0x000002269365e850 WorkerThread "GC Thread#3"                     [id=22180, stack(0x000000b635400000,0x000000b635500000) (1024K)]
  0x00000226935435c0 WorkerThread "GC Thread#4"                     [id=13692, stack(0x000000b635500000,0x000000b635600000) (1024K)]
  0x0000022693543960 WorkerThread "GC Thread#5"                     [id=5704, stack(0x000000b635600000,0x000000b635700000) (1024K)]
  0x0000022693543d00 WorkerThread "GC Thread#6"                     [id=19480, stack(0x000000b635700000,0x000000b635800000) (1024K)]
  0x000002269321a160 WorkerThread "GC Thread#7"                     [id=8212, stack(0x000000b635900000,0x000000b635a00000) (1024K)]
Total: 10

Threads with active compile tasks:
C2 CompilerThread0  243093 14496       4       org.eclipse.jdt.internal.compiler.classfmt.ModuleInfo::readModuleAttribute (1166 bytes)
Total: 1

VM state: at safepoint (normal execution)

VM Mutex/Monitor currently owned by a thread:  ([mutex/lock_event])
[0x00007ffd4b6ed570] Threads_lock - owner thread: 0x0000022635b20cd0
[0x00007ffd4b6ed670] Heap_lock - owner thread: 0x0000022695d2f280
[0x00007ffd4b6edaf0] PSOldGenExpand_lock - owner thread: 0x000002269365e4b0

Heap address: 0x0000000080000000, size: 2048 MB, Compressed Oops mode: 32-bit

CDS archive(s) mapped at: [0x000002264d000000-0x000002264dba0000-0x000002264dba0000), size 12189696, SharedBaseAddress: 0x000002264d000000, ArchiveRelocationMode: 1.
Compressed class space mapped at: 0x000002264e000000-0x000002268e000000, reserved size: 1073741824
Narrow klass base: 0x000002264d000000, Narrow klass shift: 0, Narrow klass range: 0x100000000

GC Precious Log:
 CardTable entry size: 512
 CPUs: 8 total, 8 available
 Memory: 3461M
 Large Page Support: Disabled
 NUMA Support: Disabled
 Compressed Oops: Enabled (32-bit)
 Alignments: Space 512K, Generation 512K, Heap 2M
 Heap Min Capacity: 100M
 Heap Initial Capacity: 100M
 Heap Max Capacity: 2G
 Pre-touch: Disabled
 Parallel Workers: 8

Heap:
 PSYoungGen      total 8192K, used 8032K [0x00000000d5580000, 0x00000000d5f00000, 0x0000000100000000)
  eden space 7168K, 100% used [0x00000000d5580000,0x00000000d5c80000,0x00000000d5c80000)
  from space 1024K, 84% used [0x00000000d5d80000,0x00000000d5e58000,0x00000000d5e80000)
  to   space 512K, 99% used [0x00000000d5e80000,0x00000000d5eff618,0x00000000d5f00000)
 ParOldGen       total 492032K, used 492029K [0x0000000080000000, 0x000000009e080000, 0x00000000d5580000)
  object space 492032K, 99% used [0x0000000080000000,0x000000009e07f780,0x000000009e080000)
 Metaspace       used 70113K, committed 71808K, reserved 1114112K
  class space    used 7264K, committed 8000K, reserved 1048576K

Card table byte_map: [0x0000022635570000,0x0000022635980000] _byte_map_base: 0x0000022635170000

Marking Bits: (ParMarkBitMap*) 0x00007ffd4b6f2460
 Begin Bits: [0x0000022648080000, 0x000002264a080000)
 End Bits:   [0x000002264a080000, 0x000002264c080000)

Polling page: 0x0000022633a20000

Metaspace:

Usage:
  Non-class:     61.38 MB used.
      Class:      7.09 MB used.
       Both:     68.47 MB used.

Virtual space:
  Non-class space:       64.00 MB reserved,      62.31 MB ( 97%) committed,  1 nodes.
      Class space:        1.00 GB reserved,       7.81 MB ( <1%) committed,  1 nodes.
             Both:        1.06 GB reserved,      70.12 MB (  6%) committed. 

Chunk freelists:
   Non-Class:  1.44 MB
       Class:  8.22 MB
        Both:  9.66 MB

MaxMetaspaceSize: unlimited
CompressedClassSpaceSize: 1.00 GB
Initial GC threshold: 21.00 MB
Current GC threshold: 97.31 MB
CDS: on
 - commit_granule_bytes: 65536.
 - commit_granule_words: 8192.
 - virtual_space_node_default_size: 8388608.
 - enlarge_chunks_in_place: 1.
 - use_allocation_guard: 0.


Internal statistics:

num_allocs_failed_limit: 9.
num_arena_births: 1356.
num_arena_deaths: 14.
num_vsnodes_births: 2.
num_vsnodes_deaths: 0.
num_space_committed: 1122.
num_space_uncommitted: 0.
num_chunks_returned_to_freelist: 23.
num_chunks_taken_from_freelist: 4821.
num_chunk_merges: 13.
num_chunk_splits: 2885.
num_chunks_enlarged: 1525.
num_inconsistent_stats: 0.

CodeHeap 'non-profiled nmethods': size=120000Kb used=9359Kb max_used=9359Kb free=110640Kb
 bounds [0x00000226408a0000, 0x00000226411d0000, 0x0000022647dd0000]
CodeHeap 'profiled nmethods': size=120000Kb used=31041Kb max_used=31041Kb free=88958Kb
 bounds [0x0000022638dd0000, 0x000002263ac30000, 0x0000022640300000]
CodeHeap 'non-nmethods': size=5760Kb used=1453Kb max_used=1500Kb free=4306Kb
 bounds [0x0000022640300000, 0x0000022640570000, 0x00000226408a0000]
CodeCache: size=245760Kb, used=41853Kb, max_used=41900Kb, free=203904Kb
 total_blobs=14592, nmethods=13819, adapters=677, full_count=0
Compilation: enabled, stopped_count=0, restarted_count=0

Compilation events (20 events):
Event: 241.755 Thread 0x0000022635b761e0 14633       3       jdk.internal.jrtfs.JrtPath::getNameCount (10 bytes)
Event: 241.755 Thread 0x0000022635b761e0 nmethod 14633 0x000002263ac18e90 code [0x000002263ac19040, 0x000002263ac19198]
Event: 241.755 Thread 0x0000022635b761e0 14634       3       jdk.internal.jrtfs.JrtPath::getName (6 bytes)
Event: 241.756 Thread 0x0000022635b761e0 nmethod 14634 0x000002263ac19290 code [0x000002263ac19440, 0x000002263ac19578]
Event: 241.756 Thread 0x0000022635b761e0 14635       3       jdk.internal.jrtfs.JrtPath::getName (116 bytes)
Event: 241.757 Thread 0x0000022635b761e0 nmethod 14635 0x000002263ac19610 code [0x000002263ac198e0, 0x000002263ac1a4a0]
Event: 241.757 Thread 0x0000022635b761e0 14636       3       jdk.internal.jrtfs.JrtPath::subpath (7 bytes)
Event: 241.758 Thread 0x0000022635b761e0 nmethod 14636 0x000002263ac1aa10 code [0x000002263ac1abc0, 0x000002263ac1acf8]
Event: 241.758 Thread 0x0000022635b761e0 14637       3       jdk.internal.jrtfs.JrtPath::subpath (129 bytes)
Event: 241.759 Thread 0x0000022635b761e0 nmethod 14637 0x000002263ac1ad90 code [0x000002263ac1b0a0, 0x000002263ac1bdf0]
Event: 241.843 Thread 0x0000022635b761e0 14644       2       org.eclipse.jdt.internal.core.builder.ClasspathLocation::areAllModuleOptionsEqual (281 bytes)
Event: 241.846 Thread 0x0000022635b761e0 nmethod 14644 0x000002263ac1c410 code [0x000002263ac1c780, 0x000002263ac1d2b8]
Event: 241.846 Thread 0x0000022635b761e0 14645       3       sun.nio.fs.WindowsPath::getParent (5 bytes)
Event: 241.846 Thread 0x0000022635b761e0 nmethod 14645 0x000002263ac1d710 code [0x000002263ac1d8c0, 0x000002263ac1da80]
Event: 241.846 Thread 0x0000022635b761e0 14646       3       sun.nio.fs.WindowsPath::getParent (74 bytes)
Event: 241.848 Thread 0x0000022635b761e0 nmethod 14646 0x000002263ac1db10 code [0x000002263ac1dda0, 0x000002263ac1e918]
Event: 241.848 Thread 0x0000022635b761e0 14647       2       org.eclipse.jdt.internal.core.search.matching.JavaSearchNameEnvironment::addPackageNameToIndex (45 bytes)
Event: 241.849 Thread 0x0000022635b761e0 nmethod 14647 0x000002263ac1ed90 code [0x000002263ac1efa0, 0x000002263ac1f258]
Event: 241.934 Thread 0x0000022635b761e0 14650       2       jdk.internal.jimage.ImageReader$SharedImageReader::visitLocation (73 bytes)
Event: 241.936 Thread 0x0000022635b761e0 nmethod 14650 0x000002263ac1f410 code [0x000002263ac1f660, 0x000002263ac1fb80]

GC Heap History (20 events):
Event: 231.235 GC heap before
{Heap before GC invocations=936 (full 3):
 PSYoungGen      total 7680K, used 7311K [0x00000000d5580000, 0x00000000d5f80000, 0x0000000100000000)
  eden space 7168K, 98% used [0x00000000d5580000,0x00000000d5c63db0,0x00000000d5c80000)
  from space 512K, 50% used [0x00000000d5f00000,0x00000000d5f40000,0x00000000d5f80000)
  to   space 512K, 0% used [0x00000000d5c80000,0x00000000d5c80000,0x00000000d5d00000)
 ParOldGen       total 489472K, used 488980K [0x0000000080000000, 0x000000009de00000, 0x00000000d5580000)
  object space 489472K, 99% used [0x0000000080000000,0x000000009dd85270,0x000000009de00000)
 Metaspace       used 68541K, committed 70272K, reserved 1114112K
  class space    used 7116K, committed 7872K, reserved 1048576K
}
Event: 231.237 GC heap after
{Heap after GC invocations=936 (full 3):
 PSYoungGen      total 7680K, used 224K [0x00000000d5580000, 0x00000000d5f80000, 0x0000000100000000)
  eden space 7168K, 0% used [0x00000000d5580000,0x00000000d5580000,0x00000000d5c80000)
  from space 512K, 43% used [0x00000000d5c80000,0x00000000d5cb8020,0x00000000d5d00000)
  to   space 512K, 0% used [0x00000000d5f00000,0x00000000d5f00000,0x00000000d5f80000)
 ParOldGen       total 489472K, used 489140K [0x0000000080000000, 0x000000009de00000, 0x00000000d5580000)
  object space 489472K, 99% used [0x0000000080000000,0x000000009ddad270,0x000000009de00000)
 Metaspace       used 68541K, committed 70272K, reserved 1114112K
  class space    used 7116K, committed 7872K, reserved 1048576K
}
Event: 231.791 GC heap before
{Heap before GC invocations=937 (full 3):
 PSYoungGen      total 7680K, used 7384K [0x00000000d5580000, 0x00000000d5f80000, 0x0000000100000000)
  eden space 7168K, 99% used [0x00000000d5580000,0x00000000d5c7e3b8,0x00000000d5c80000)
  from space 512K, 43% used [0x00000000d5c80000,0x00000000d5cb8020,0x00000000d5d00000)
  to   space 512K, 0% used [0x00000000d5f00000,0x00000000d5f00000,0x00000000d5f80000)
 ParOldGen       total 489472K, used 489140K [0x0000000080000000, 0x000000009de00000, 0x00000000d5580000)
  object space 489472K, 99% used [0x0000000080000000,0x000000009ddad270,0x000000009de00000)
 Metaspace       used 68560K, committed 70272K, reserved 1114112K
  class space    used 7116K, committed 7872K, reserved 1048576K
}
Event: 231.798 GC heap after
{Heap after GC invocations=937 (full 3):
 PSYoungGen      total 7680K, used 436K [0x00000000d5580000, 0x00000000d5f80000, 0x0000000100000000)
  eden space 7168K, 0% used [0x00000000d5580000,0x00000000d5580000,0x00000000d5c80000)
  from space 512K, 85% used [0x00000000d5f00000,0x00000000d5f6d220,0x00000000d5f80000)
  to   space 512K, 0% used [0x00000000d5c80000,0x00000000d5c80000,0x00000000d5d00000)
 ParOldGen       total 489472K, used 489252K [0x0000000080000000, 0x000000009de00000, 0x00000000d5580000)
  object space 489472K, 99% used [0x0000000080000000,0x000000009ddc9290,0x000000009de00000)
 Metaspace       used 68560K, committed 70272K, reserved 1114112K
  class space    used 7116K, committed 7872K, reserved 1048576K
}
Event: 231.862 GC heap before
{Heap before GC invocations=938 (full 3):
 PSYoungGen      total 7680K, used 7570K [0x00000000d5580000, 0x00000000d5f80000, 0x0000000100000000)
  eden space 7168K, 99% used [0x00000000d5580000,0x00000000d5c77960,0x00000000d5c80000)
  from space 512K, 85% used [0x00000000d5f00000,0x00000000d5f6d220,0x00000000d5f80000)
  to   space 512K, 0% used [0x00000000d5c80000,0x00000000d5c80000,0x00000000d5d00000)
 ParOldGen       total 489472K, used 489252K [0x0000000080000000, 0x000000009de00000, 0x00000000d5580000)
  object space 489472K, 99% used [0x0000000080000000,0x000000009ddc9290,0x000000009de00000)
 Metaspace       used 68561K, committed 70272K, reserved 1114112K
  class space    used 7116K, committed 7872K, reserved 1048576K
}
Event: 231.866 GC heap after
{Heap after GC invocations=938 (full 3):
 PSYoungGen      total 7680K, used 260K [0x00000000d5580000, 0x00000000d5f80000, 0x0000000100000000)
  eden space 7168K, 0% used [0x00000000d5580000,0x00000000d5580000,0x00000000d5c80000)
  from space 512K, 50% used [0x00000000d5c80000,0x00000000d5cc1378,0x00000000d5d00000)
  to   space 512K, 0% used [0x00000000d5f00000,0x00000000d5f00000,0x00000000d5f80000)
 ParOldGen       total 489984K, used 489569K [0x0000000080000000, 0x000000009de80000, 0x00000000d5580000)
  object space 489984K, 99% used [0x0000000080000000,0x000000009de184b0,0x000000009de80000)
 Metaspace       used 68561K, committed 70272K, reserved 1114112K
  class space    used 7116K, committed 7872K, reserved 1048576K
}
Event: 232.033 GC heap before
{Heap before GC invocations=939 (full 3):
 PSYoungGen      total 7680K, used 7428K [0x00000000d5580000, 0x00000000d5f80000, 0x0000000100000000)
  eden space 7168K, 100% used [0x00000000d5580000,0x00000000d5c80000,0x00000000d5c80000)
  from space 512K, 50% used [0x00000000d5c80000,0x00000000d5cc1378,0x00000000d5d00000)
  to   space 512K, 0% used [0x00000000d5f00000,0x00000000d5f00000,0x00000000d5f80000)
 ParOldGen       total 489984K, used 489569K [0x0000000080000000, 0x000000009de80000, 0x00000000d5580000)
  object space 489984K, 99% used [0x0000000080000000,0x000000009de184b0,0x000000009de80000)
 Metaspace       used 68577K, committed 70272K, reserved 1114112K
  class space    used 7116K, committed 7872K, reserved 1048576K
}
Event: 232.037 GC heap after
{Heap after GC invocations=939 (full 3):
 PSYoungGen      total 7680K, used 212K [0x00000000d5580000, 0x00000000d5f80000, 0x0000000100000000)
  eden space 7168K, 0% used [0x00000000d5580000,0x00000000d5580000,0x00000000d5c80000)
  from space 512K, 41% used [0x00000000d5f00000,0x00000000d5f35200,0x00000000d5f80000)
  to   space 512K, 0% used [0x00000000d5c80000,0x00000000d5c80000,0x00000000d5d00000)
 ParOldGen       total 489984K, used 489625K [0x0000000080000000, 0x000000009de80000, 0x00000000d5580000)
  object space 489984K, 99% used [0x0000000080000000,0x000000009de264b0,0x000000009de80000)
 Metaspace       used 68577K, committed 70272K, reserved 1114112K
  class space    used 7116K, committed 7872K, reserved 1048576K
}
Event: 233.394 GC heap before
{Heap before GC invocations=940 (full 3):
 PSYoungGen      total 7680K, used 7380K [0x00000000d5580000, 0x00000000d5f80000, 0x0000000100000000)
  eden space 7168K, 100% used [0x00000000d5580000,0x00000000d5c80000,0x00000000d5c80000)
  from space 512K, 41% used [0x00000000d5f00000,0x00000000d5f35200,0x00000000d5f80000)
  to   space 512K, 0% used [0x00000000d5c80000,0x00000000d5c80000,0x00000000d5d00000)
 ParOldGen       total 489984K, used 489625K [0x0000000080000000, 0x000000009de80000, 0x00000000d5580000)
  object space 489984K, 99% used [0x0000000080000000,0x000000009de264b0,0x000000009de80000)
 Metaspace       used 68711K, committed 70336K, reserved 1114112K
  class space    used 7133K, committed 7872K, reserved 1048576K
}
Event: 233.398 GC heap after
{Heap after GC invocations=940 (full 3):
 PSYoungGen      total 7680K, used 320K [0x00000000d5580000, 0x00000000d5f80000, 0x0000000100000000)
  eden space 7168K, 0% used [0x00000000d5580000,0x00000000d5580000,0x00000000d5c80000)
  from space 512K, 62% used [0x00000000d5c80000,0x00000000d5cd0000,0x00000000d5d00000)
  to   space 512K, 0% used [0x00000000d5f00000,0x00000000d5f00000,0x00000000d5f80000)
 ParOldGen       total 489984K, used 489673K [0x0000000080000000, 0x000000009de80000, 0x00000000d5580000)
  object space 489984K, 99% used [0x0000000080000000,0x000000009de324b0,0x000000009de80000)
 Metaspace       used 68711K, committed 70336K, reserved 1114112K
  class space    used 7133K, committed 7872K, reserved 1048576K
}
Event: 237.803 GC heap before
{Heap before GC invocations=941 (full 3):
 PSYoungGen      total 7680K, used 7488K [0x00000000d5580000, 0x00000000d5f80000, 0x0000000100000000)
  eden space 7168K, 100% used [0x00000000d5580000,0x00000000d5c80000,0x00000000d5c80000)
  from space 512K, 62% used [0x00000000d5c80000,0x00000000d5cd0000,0x00000000d5d00000)
  to   space 512K, 0% used [0x00000000d5f00000,0x00000000d5f00000,0x00000000d5f80000)
 ParOldGen       total 489984K, used 489673K [0x0000000080000000, 0x000000009de80000, 0x00000000d5580000)
  object space 489984K, 99% used [0x0000000080000000,0x000000009de324b0,0x000000009de80000)
 Metaspace       used 69116K, committed 70784K, reserved 1114112K
  class space    used 7176K, committed 7936K, reserved 1048576K
}
Event: 237.813 GC heap after
{Heap after GC invocations=941 (full 3):
 PSYoungGen      total 7680K, used 448K [0x00000000d5580000, 0x00000000d5f80000, 0x0000000100000000)
  eden space 7168K, 0% used [0x00000000d5580000,0x00000000d5580000,0x00000000d5c80000)
  from space 512K, 87% used [0x00000000d5f00000,0x00000000d5f70000,0x00000000d5f80000)
  to   space 512K, 0% used [0x00000000d5c80000,0x00000000d5c80000,0x00000000d5d00000)
 ParOldGen       total 489984K, used 489828K [0x0000000080000000, 0x000000009de80000, 0x00000000d5580000)
  object space 489984K, 99% used [0x0000000080000000,0x000000009de59240,0x000000009de80000)
 Metaspace       used 69116K, committed 70784K, reserved 1114112K
  class space    used 7176K, committed 7936K, reserved 1048576K
}
Event: 238.597 GC heap before
{Heap before GC invocations=942 (full 3):
 PSYoungGen      total 7680K, used 7616K [0x00000000d5580000, 0x00000000d5f80000, 0x0000000100000000)
  eden space 7168K, 100% used [0x00000000d5580000,0x00000000d5c80000,0x00000000d5c80000)
  from space 512K, 87% used [0x00000000d5f00000,0x00000000d5f70000,0x00000000d5f80000)
  to   space 512K, 0% used [0x00000000d5c80000,0x00000000d5c80000,0x00000000d5d00000)
 ParOldGen       total 489984K, used 489828K [0x0000000080000000, 0x000000009de80000, 0x00000000d5580000)
  object space 489984K, 99% used [0x0000000080000000,0x000000009de59240,0x000000009de80000)
 Metaspace       used 69116K, committed 70784K, reserved 1114112K
  class space    used 7176K, committed 7936K, reserved 1048576K
}
Event: 238.599 GC heap after
{Heap after GC invocations=942 (full 3):
 PSYoungGen      total 7680K, used 96K [0x00000000d5580000, 0x00000000d5f80000, 0x0000000100000000)
  eden space 7168K, 0% used [0x00000000d5580000,0x00000000d5580000,0x00000000d5c80000)
  from space 512K, 18% used [0x00000000d5c80000,0x00000000d5c98000,0x00000000d5d00000)
  to   space 512K, 0% used [0x00000000d5f00000,0x00000000d5f00000,0x00000000d5f80000)
 ParOldGen       total 490496K, used 490143K [0x0000000080000000, 0x000000009df00000, 0x00000000d5580000)
  object space 490496K, 99% used [0x0000000080000000,0x000000009dea7ce0,0x000000009df00000)
 Metaspace       used 69116K, committed 70784K, reserved 1114112K
  class space    used 7176K, committed 7936K, reserved 1048576K
}
Event: 240.889 GC heap before
{Heap before GC invocations=943 (full 3):
 PSYoungGen      total 7680K, used 7263K [0x00000000d5580000, 0x00000000d5f80000, 0x0000000100000000)
  eden space 7168K, 99% used [0x00000000d5580000,0x00000000d5c7ffe0,0x00000000d5c80000)
  from space 512K, 18% used [0x00000000d5c80000,0x00000000d5c98000,0x00000000d5d00000)
  to   space 512K, 0% used [0x00000000d5f00000,0x00000000d5f00000,0x00000000d5f80000)
 ParOldGen       total 490496K, used 490143K [0x0000000080000000, 0x000000009df00000, 0x00000000d5580000)
  object space 490496K, 99% used [0x0000000080000000,0x000000009dea7ce0,0x000000009df00000)
 Metaspace       used 69734K, committed 71488K, reserved 1114112K
  class space    used 7238K, committed 8000K, reserved 1048576K
}
Event: 240.901 GC heap after
{Heap after GC invocations=943 (full 3):
 PSYoungGen      total 7680K, used 480K [0x00000000d5580000, 0x00000000d5f80000, 0x0000000100000000)
  eden space 7168K, 0% used [0x00000000d5580000,0x00000000d5580000,0x00000000d5c80000)
  from space 512K, 93% used [0x00000000d5f00000,0x00000000d5f78000,0x00000000d5f80000)
  to   space 1024K, 0% used [0x00000000d5d80000,0x00000000d5d80000,0x00000000d5e80000)
 ParOldGen       total 490496K, used 490159K [0x0000000080000000, 0x000000009df00000, 0x00000000d5580000)
  object space 490496K, 99% used [0x0000000080000000,0x000000009deabce0,0x000000009df00000)
 Metaspace       used 69734K, committed 71488K, reserved 1114112K
  class space    used 7238K, committed 8000K, reserved 1048576K
}
Event: 241.694 GC heap before
{Heap before GC invocations=944 (full 3):
 PSYoungGen      total 7680K, used 7648K [0x00000000d5580000, 0x00000000d5f80000, 0x0000000100000000)
  eden space 7168K, 100% used [0x00000000d5580000,0x00000000d5c80000,0x00000000d5c80000)
  from space 512K, 93% used [0x00000000d5f00000,0x00000000d5f78000,0x00000000d5f80000)
  to   space 1024K, 0% used [0x00000000d5d80000,0x00000000d5d80000,0x00000000d5e80000)
 ParOldGen       total 490496K, used 490159K [0x0000000080000000, 0x000000009df00000, 0x00000000d5580000)
  object space 490496K, 99% used [0x0000000080000000,0x000000009deabce0,0x000000009df00000)
 Metaspace       used 69958K, committed 71680K, reserved 1114112K
  class space    used 7253K, committed 8000K, reserved 1048576K
}
Event: 241.708 GC heap after
{Heap after GC invocations=944 (full 3):
 PSYoungGen      total 8192K, used 762K [0x00000000d5580000, 0x00000000d5f80000, 0x0000000100000000)
  eden space 7168K, 0% used [0x00000000d5580000,0x00000000d5580000,0x00000000d5c80000)
  from space 1024K, 74% used [0x00000000d5d80000,0x00000000d5e3e900,0x00000000d5e80000)
  to   space 1024K, 0% used [0x00000000d5e80000,0x00000000d5e80000,0x00000000d5f80000)
 ParOldGen       total 490496K, used 490404K [0x0000000080000000, 0x000000009df00000, 0x00000000d5580000)
  object space 490496K, 99% used [0x0000000080000000,0x000000009dee9208,0x000000009df00000)
 Metaspace       used 69958K, committed 71680K, reserved 1114112K
  class space    used 7253K, committed 8000K, reserved 1048576K
}
Event: 241.833 GC heap before
{Heap before GC invocations=945 (full 3):
 PSYoungGen      total 8192K, used 7930K [0x00000000d5580000, 0x00000000d5f80000, 0x0000000100000000)
  eden space 7168K, 100% used [0x00000000d5580000,0x00000000d5c80000,0x00000000d5c80000)
  from space 1024K, 74% used [0x00000000d5d80000,0x00000000d5e3e900,0x00000000d5e80000)
  to   space 1024K, 0% used [0x00000000d5e80000,0x00000000d5e80000,0x00000000d5f80000)
 ParOldGen       total 490496K, used 490404K [0x0000000080000000, 0x000000009df00000, 0x00000000d5580000)
  object space 490496K, 99% used [0x0000000080000000,0x000000009dee9208,0x000000009df00000)
 Metaspace       used 70026K, committed 71744K, reserved 1114112K
  class space    used 7257K, committed 8000K, reserved 1048576K
}
Event: 241.838 GC heap after
{Heap after GC invocations=945 (full 3):
 PSYoungGen      total 8192K, used 800K [0x00000000d5580000, 0x00000000d5f80000, 0x0000000100000000)
  eden space 7168K, 0% used [0x00000000d5580000,0x00000000d5580000,0x00000000d5c80000)
  from space 1024K, 78% used [0x00000000d5e80000,0x00000000d5f48010,0x00000000d5f80000)
  to   space 1024K, 0% used [0x00000000d5d80000,0x00000000d5d80000,0x00000000d5e80000)
 ParOldGen       total 491520K, used 491045K [0x0000000080000000, 0x000000009e000000, 0x00000000d5580000)
  object space 491520K, 99% used [0x0000000080000000,0x000000009df89770,0x000000009e000000)
 Metaspace       used 70026K, committed 71744K, reserved 1114112K
  class space    used 7257K, committed 8000K, reserved 1048576K
}

Dll operation events (11 events):
Event: 0.063 Loaded shared library c:\Users\hounk\.vscode\extensions\redhat.java-1.51.0-win32-x64\jre\21.0.9-win32-x86_64\bin\java.dll
Event: 0.465 Loaded shared library c:\Users\hounk\.vscode\extensions\redhat.java-1.51.0-win32-x64\jre\21.0.9-win32-x86_64\bin\zip.dll
Event: 0.761 Loaded shared library C:\Users\hounk\.vscode\extensions\redhat.java-1.51.0-win32-x64\jre\21.0.9-win32-x86_64\bin\instrument.dll
Event: 1.073 Loaded shared library C:\Users\hounk\.vscode\extensions\redhat.java-1.51.0-win32-x64\jre\21.0.9-win32-x86_64\bin\net.dll
Event: 1.460 Loaded shared library C:\Users\hounk\.vscode\extensions\redhat.java-1.51.0-win32-x64\jre\21.0.9-win32-x86_64\bin\nio.dll
Event: 1.471 Loaded shared library C:\Users\hounk\.vscode\extensions\redhat.java-1.51.0-win32-x64\jre\21.0.9-win32-x86_64\bin\zip.dll
Event: 1.700 Loaded shared library C:\Users\hounk\.vscode\extensions\redhat.java-1.51.0-win32-x64\jre\21.0.9-win32-x86_64\bin\jimage.dll
Event: 2.239 Loaded shared library c:\Users\hounk\.vscode\extensions\redhat.java-1.51.0-win32-x64\jre\21.0.9-win32-x86_64\bin\verify.dll
Event: 37.969 Loaded shared library C:\Users\hounk\AppData\Roaming\Code\User\globalStorage\redhat.java\1.51.0\config_win\org.eclipse.equinox.launcher\org.eclipse.equinox.launcher.win32.win32.x86_64_1.2.1400.v20250801-0854\eclipse_11916.dll
Event: 101.708 Loaded shared library C:\Users\hounk\AppData\Local\Temp\jna-99468939\jna631451767780317619.dll
Event: 224.551 Loaded shared library C:\Users\hounk\.vscode\extensions\redhat.java-1.51.0-win32-x64\jre\21.0.9-win32-x86_64\bin\sunmscapi.dll

Deoptimization events (20 events):
Event: 241.229 Thread 0x0000022696a91390 DEOPT PACKING pc=0x00000226411af378 sp=0x000000b6375fd7f0
Event: 241.229 Thread 0x0000022696a91390 DEOPT UNPACKING pc=0x0000022640353aa2 sp=0x000000b6375fd798 mode 2
Event: 241.345 Thread 0x0000022695d2f280 Uncommon trap: trap_request=0xffffffc6 fr.pc=0x0000022640f01894 relative=0x00000000000062f4
Event: 241.356 Thread 0x0000022695d2f280 Uncommon trap: reason=bimorphic_or_optimized_type_check action=maybe_recompile pc=0x0000022640f01894 method=java.nio.file.FileTreeWalker.next()Ljava/nio/file/FileTreeWalker$Event; @ 37 c2
Event: 241.356 Thread 0x0000022695d2f280 DEOPT PACKING pc=0x0000022640f01894 sp=0x000000b6374fe230
Event: 241.356 Thread 0x0000022695d2f280 DEOPT UNPACKING pc=0x0000022640353aa2 sp=0x000000b6374fe2a0 mode 2
Event: 241.356 Thread 0x0000022695d2f280 Uncommon trap: trap_request=0xffffffc6 fr.pc=0x0000022640f01894 relative=0x00000000000062f4
Event: 241.356 Thread 0x0000022695d2f280 Uncommon trap: reason=bimorphic_or_optimized_type_check action=maybe_recompile pc=0x0000022640f01894 method=java.nio.file.FileTreeWalker.next()Ljava/nio/file/FileTreeWalker$Event; @ 37 c2
Event: 241.356 Thread 0x0000022695d2f280 DEOPT PACKING pc=0x0000022640f01894 sp=0x000000b6374fe230
Event: 241.356 Thread 0x0000022695d2f280 DEOPT UNPACKING pc=0x0000022640353aa2 sp=0x000000b6374fe2a0 mode 2
Event: 241.365 Thread 0x0000022695d2f280 Uncommon trap: trap_request=0xffffffc6 fr.pc=0x0000022640f01894 relative=0x00000000000062f4
Event: 241.365 Thread 0x0000022695d2f280 Uncommon trap: reason=bimorphic_or_optimized_type_check action=maybe_recompile pc=0x0000022640f01894 method=java.nio.file.FileTreeWalker.next()Ljava/nio/file/FileTreeWalker$Event; @ 37 c2
Event: 241.365 Thread 0x0000022695d2f280 DEOPT PACKING pc=0x0000022640f01894 sp=0x000000b6374fe230
Event: 241.365 Thread 0x0000022695d2f280 DEOPT UNPACKING pc=0x0000022640353aa2 sp=0x000000b6374fe2a0 mode 2
Event: 241.368 Thread 0x0000022695d2f280 Uncommon trap: trap_request=0xffffffc6 fr.pc=0x0000022640f01894 relative=0x00000000000062f4
Event: 241.368 Thread 0x0000022695d2f280 Uncommon trap: reason=bimorphic_or_optimized_type_check action=maybe_recompile pc=0x0000022640f01894 method=java.nio.file.FileTreeWalker.next()Ljava/nio/file/FileTreeWalker$Event; @ 37 c2
Event: 241.368 Thread 0x0000022695d2f280 DEOPT PACKING pc=0x0000022640f01894 sp=0x000000b6374fe230
Event: 241.368 Thread 0x0000022695d2f280 DEOPT UNPACKING pc=0x0000022640353aa2 sp=0x000000b6374fe2a0 mode 2
Event: 241.674 Thread 0x0000022696a91390 DEOPT PACKING pc=0x000002263abc280b sp=0x000000b6375fdc00
Event: 241.674 Thread 0x0000022696a91390 DEOPT UNPACKING pc=0x0000022640354242 sp=0x000000b6375fd0e8 mode 0

Classes loaded (20 events):
Event: 232.755 Loading class java/util/stream/ReduceOps$1ReducingSink done
Event: 241.670 Loading class java/net/ServerSocket
Event: 241.738 Loading class java/net/ServerSocket done
Event: 241.738 Loading class java/net/SocketImpl
Event: 241.752 Loading class java/net/SocketOptions
Event: 241.770 Loading class java/net/SocketOptions done
Event: 241.773 Loading class java/net/SocketImpl done
Event: 241.773 Loading class sun/nio/ch/NioSocketImpl
Event: 241.815 Loading class sun/net/PlatformSocketImpl
Event: 241.819 Loading class sun/net/PlatformSocketImpl done
Event: 241.819 Loading class sun/nio/ch/NioSocketImpl done
Event: 241.820 Loading class sun/nio/ch/SocketDispatcher
Event: 241.841 Loading class sun/nio/ch/SocketDispatcher done
Event: 241.852 Loading class java/net/InetSocketAddress$InetSocketAddressHolder
Event: 241.858 Loading class java/net/InetSocketAddress$InetSocketAddressHolder done
Event: 241.876 Loading class sun/nio/ch/Net
Event: 241.963 Loading class sun/nio/ch/Net done
Event: 241.963 Loading class sun/nio/ch/Net$1
Event: 241.965 Loading class sun/nio/ch/Net$1 done
Event: 241.978 Loading class sun/net/ext/ExtendedSocketOptions

Classes unloaded (7 events):
Event: 104.547 Thread 0x0000022635b20cd0 Unloading class 0x000002264e1ab000 'java/lang/invoke/LambdaForm$MH+0x000002264e1ab000'
Event: 104.548 Thread 0x0000022635b20cd0 Unloading class 0x000002264e1aac00 'java/lang/invoke/LambdaForm$MH+0x000002264e1aac00'
Event: 104.548 Thread 0x0000022635b20cd0 Unloading class 0x000002264e1aa800 'java/lang/invoke/LambdaForm$MH+0x000002264e1aa800'
Event: 104.548 Thread 0x0000022635b20cd0 Unloading class 0x000002264e1aa400 'java/lang/invoke/LambdaForm$MH+0x000002264e1aa400'
Event: 104.548 Thread 0x0000022635b20cd0 Unloading class 0x000002264e1aa000 'java/lang/invoke/LambdaForm$BMH+0x000002264e1aa000'
Event: 104.548 Thread 0x0000022635b20cd0 Unloading class 0x000002264e1a9c00 'java/lang/invoke/LambdaForm$DMH+0x000002264e1a9c00'
Event: 104.548 Thread 0x0000022635b20cd0 Unloading class 0x000002264e1a8c00 'java/lang/invoke/LambdaForm$DMH+0x000002264e1a8c00'

Classes redefined (0 events):
No events

Internal exceptions (20 events):
Event: 231.737 Thread 0x0000022696a91390 Exception <a 'sun/nio/fs/WindowsException'{0x00000000d599f858}> (0x00000000d599f858) 
thrown [s\src\hotspot\share\prims\jni.cpp, line 520]
Event: 231.751 Thread 0x0000022696a91390 Exception <a 'sun/nio/fs/WindowsException'{0x00000000d59df388}> (0x00000000d59df388) 
thrown [s\src\hotspot\share\prims\jni.cpp, line 520]
Event: 231.751 Thread 0x0000022696a91390 Exception <a 'sun/nio/fs/WindowsException'{0x00000000d59e0130}> (0x00000000d59e0130) 
thrown [s\src\hotspot\share\prims\jni.cpp, line 520]
Event: 232.453 Thread 0x0000022693492fd0 Exception <a 'sun/nio/fs/WindowsException'{0x00000000d59fa8c0}> (0x00000000d59fa8c0) 
thrown [s\src\hotspot\share\prims\jni.cpp, line 520]
Event: 232.453 Thread 0x0000022693492fd0 Exception <a 'sun/nio/fs/WindowsException'{0x00000000d59fb168}> (0x00000000d59fb168) 
thrown [s\src\hotspot\share\prims\jni.cpp, line 520]
Event: 233.124 Thread 0x0000022693492fd0 Exception <a 'java/lang/NoSuchMethodError'{0x00000000d5ad4950}: 'java.lang.Object java.lang.invoke.DirectMethodHandle$Holder.invokeStatic(java.lang.Object, java.lang.Object, int, java.lang.Object)'> (0x00000000d5ad4950) 
thrown [s\src\hotspot\share\interpreter\linkResolver.cpp, line 773]
Event: 237.549 Thread 0x0000022696a8cb60 Exception <a 'sun/nio/fs/WindowsException'{0x00000000d5a4d1c0}> (0x00000000d5a4d1c0) 
thrown [s\src\hotspot\share\prims\jni.cpp, line 520]
Event: 237.549 Thread 0x0000022696a8cb60 Exception <a 'sun/nio/fs/WindowsException'{0x00000000d5a4dd18}> (0x00000000d5a4dd18) 
thrown [s\src\hotspot\share\prims\jni.cpp, line 520]
Event: 237.549 Thread 0x0000022696a8cb60 Exception <a 'sun/nio/fs/WindowsException'{0x00000000d5a4f018}> (0x00000000d5a4f018) 
thrown [s\src\hotspot\share\prims\jni.cpp, line 520]
Event: 237.550 Thread 0x0000022696a8cb60 Exception <a 'sun/nio/fs/WindowsException'{0x00000000d5a4fb70}> (0x00000000d5a4fb70) 
thrown [s\src\hotspot\share\prims\jni.cpp, line 520]
Event: 237.551 Thread 0x0000022696a8cb60 Exception <a 'sun/nio/fs/WindowsException'{0x00000000d5a51900}> (0x00000000d5a51900) 
thrown [s\src\hotspot\share\prims\jni.cpp, line 520]
Event: 237.551 Thread 0x0000022696a8cb60 Exception <a 'sun/nio/fs/WindowsException'{0x00000000d5a521a8}> (0x00000000d5a521a8) 
thrown [s\src\hotspot\share\prims\jni.cpp, line 520]
Event: 237.565 Thread 0x0000022696a8cb60 Exception <a 'sun/nio/fs/WindowsException'{0x00000000d5a707c8}> (0x00000000d5a707c8) 
thrown [s\src\hotspot\share\prims\jni.cpp, line 520]
Event: 237.565 Thread 0x0000022696a8cb60 Exception <a 'sun/nio/fs/WindowsException'{0x00000000d5a71320}> (0x00000000d5a71320) 
thrown [s\src\hotspot\share\prims\jni.cpp, line 520]
Event: 240.026 Thread 0x0000022695d2f280 Exception <a 'sun/nio/fs/WindowsException'{0x00000000d59a4e80}> (0x00000000d59a4e80) 
thrown [s\src\hotspot\share\prims\jni.cpp, line 520]
Event: 240.027 Thread 0x0000022695d2f280 Exception <a 'sun/nio/fs/WindowsException'{0x00000000d59a5a80}> (0x00000000d59a5a80) 
thrown [s\src\hotspot\share\prims\jni.cpp, line 520]
Event: 240.063 Thread 0x0000022695d2f280 Exception <a 'sun/nio/fs/WindowsException'{0x00000000d5a15288}> (0x00000000d5a15288) 
thrown [s\src\hotspot\share\prims\jni.cpp, line 520]
Event: 240.063 Thread 0x0000022695d2f280 Exception <a 'sun/nio/fs/WindowsException'{0x00000000d5a15db0}> (0x00000000d5a15db0) 
thrown [s\src\hotspot\share\prims\jni.cpp, line 520]
Event: 240.212 Thread 0x0000022695d2f280 Exception <a 'java/lang/NoSuchMethodError'{0x00000000d5a788c0}: 'java.lang.Object java.lang.invoke.Invokers$Holder.linkToTargetMethod(java.lang.Object, java.lang.Object, int, int, java.lang.Object)'> (0x00000000d5a788c0) 
thrown [s\src\hotspot\share\interpreter\linkResolver.cpp, line 773]
Event: 240.300 Thread 0x0000022695d2f280 Exception <a 'java/lang/NoSuchMethodError'{0x00000000d5a8dda0}: method resolution failed> (0x00000000d5a8dda0) 
thrown [s\src\hotspot\share\prims\methodHandles.cpp, line 1136]

ZGC Phase Switch (0 events):
No events

VM Operations (20 events):
Event: 237.813 Executing VM operation: ParallelGCFailedAllocation (Allocation Failure) done
Event: 238.597 Executing VM operation: ParallelGCFailedAllocation (Allocation Failure)
Event: 238.599 Executing VM operation: ParallelGCFailedAllocation (Allocation Failure) done
Event: 239.607 Executing VM operation: Cleanup
Event: 239.607 Executing VM operation: Cleanup done
Event: 240.524 Executing VM operation: HandshakeAllThreads (HandshakeForDeflation)
Event: 240.524 Executing VM operation: HandshakeAllThreads (HandshakeForDeflation) done
Event: 240.524 Executing VM operation: RendezvousGCThreads
Event: 240.524 Executing VM operation: RendezvousGCThreads done
Event: 240.702 Executing VM operation: HandshakeAllThreads (Deoptimize)
Event: 240.714 Executing VM operation: HandshakeAllThreads (Deoptimize) done
Event: 240.715 Executing VM operation: Cleanup
Event: 240.730 Executing VM operation: Cleanup done
Event: 240.889 Executing VM operation: ParallelGCFailedAllocation (Allocation Failure)
Event: 240.901 Executing VM operation: ParallelGCFailedAllocation (Allocation Failure) done
Event: 241.686 Executing VM operation: ParallelGCFailedAllocation (Allocation Failure)
Event: 241.708 Executing VM operation: ParallelGCFailedAllocation (Allocation Failure) done
Event: 241.827 Executing VM operation: ParallelGCFailedAllocation (Allocation Failure)
Event: 241.838 Executing VM operation: ParallelGCFailedAllocation (Allocation Failure) done
Event: 241.978 Executing VM operation: ParallelGCFailedAllocation (Allocation Failure)

Memory protections (0 events):
No events

Nmethod flushes (20 events):
Event: 128.463 Thread 0x0000022635b20cd0 flushing  nmethod 0x00000226397b1690
Event: 128.463 Thread 0x0000022635b20cd0 flushing  nmethod 0x00000226397b5b10
Event: 128.463 Thread 0x0000022635b20cd0 flushing  nmethod 0x00000226397b6410
Event: 128.463 Thread 0x0000022635b20cd0 flushing  nmethod 0x00000226397b6890
Event: 128.463 Thread 0x0000022635b20cd0 flushing  nmethod 0x00000226397b6e10
Event: 128.463 Thread 0x0000022635b20cd0 flushing  nmethod 0x00000226397b7e10
Event: 128.463 Thread 0x0000022635b20cd0 flushing  nmethod 0x00000226397b8310
Event: 128.463 Thread 0x0000022635b20cd0 flushing  nmethod 0x00000226397b8690
Event: 128.463 Thread 0x0000022635b20cd0 flushing  nmethod 0x00000226397b8c90
Event: 128.463 Thread 0x0000022635b20cd0 flushing  nmethod 0x00000226397b9890
Event: 128.463 Thread 0x0000022635b20cd0 flushing  nmethod 0x00000226397ba990
Event: 128.463 Thread 0x0000022635b20cd0 flushing  nmethod 0x00000226397bb690
Event: 128.463 Thread 0x0000022635b20cd0 flushing  nmethod 0x00000226397bde90
Event: 128.463 Thread 0x0000022635b20cd0 flushing  nmethod 0x00000226397c2910
Event: 128.463 Thread 0x0000022635b20cd0 flushing  nmethod 0x00000226397dc210
Event: 128.463 Thread 0x0000022635b20cd0 flushing  nmethod 0x00000226397dc710
Event: 128.463 Thread 0x0000022635b20cd0 flushing  nmethod 0x00000226397dcc90
Event: 128.463 Thread 0x0000022635b20cd0 flushing  nmethod 0x00000226397ee290
Event: 128.463 Thread 0x0000022635b20cd0 flushing  nmethod 0x00000226397f0010
Event: 128.463 Thread 0x0000022635b20cd0 flushing  nmethod 0x0000022639809110

Events (20 events):
Event: 140.208 Thread 0x0000022693493660 Thread added: 0x0000022696a90670
Event: 140.208 Thread 0x0000022693493660 Thread added: 0x0000022696a90d00
Event: 140.418 Thread 0x0000022696a8d1f0 Thread exited: 0x0000022696a8d1f0
Event: 140.418 Thread 0x0000022696a90670 Thread exited: 0x0000022696a90670
Event: 140.418 Thread 0x0000022696a8cb60 Thread exited: 0x0000022696a8cb60
Event: 140.418 Thread 0x0000022696a90d00 Thread exited: 0x0000022696a90d00
Event: 140.418 Thread 0x0000022696a8d880 Thread exited: 0x0000022696a8d880
Event: 148.416 Thread 0x0000022695d30630 Thread added: 0x0000022696a8df10
Event: 152.129 Thread 0x0000022696a8df10 Thread added: 0x0000022696a8cb60
Event: 152.129 Thread 0x0000022693493660 Thread added: 0x0000022696a90670
Event: 189.415 Thread 0x0000022695d32d90 Thread exited: 0x0000022695d32d90
Event: 190.015 Thread 0x00000226960eb8d0 Thread exited: 0x00000226960eb8d0
Event: 212.917 Thread 0x0000022696a8df10 Thread exited: 0x0000022696a8df10
Event: 218.566 Thread 0x0000022695d30630 Thread added: 0x0000022696a90d00
Event: 218.587 Thread 0x0000022696a90d00 Thread added: 0x0000022696a8d880
Event: 218.589 Thread 0x0000022696a8d880 Thread added: 0x0000022696a91390
Event: 218.599 Thread 0x0000022696a91390 Thread added: 0x0000022696a8df10
Event: 218.604 Thread 0x0000022696a8df10 Thread added: 0x0000022696a92740
Event: 220.382 Thread 0x0000022696a90d00 Thread added: 0x0000022696a92dd0
Event: 228.743 Thread 0x0000022696a92dd0 Thread exited: 0x0000022696a92dd0


Dynamic libraries:
0x00007ff634880000 - 0x00007ff63488e000 	c:\Users\hounk\.vscode\extensions\redhat.java-1.51.0-win32-x64\jre\21.0.9-win32-x86_64\bin\java.exe
0x00007ffe38060000 - 0x00007ffe382c8000 	C:\WINDOWS\SYSTEM32\ntdll.dll
0x00007ffe364d0000 - 0x00007ffe36599000 	C:\WINDOWS\System32\KERNEL32.DLL
0x00007ffe35950000 - 0x00007ffe35d41000 	C:\WINDOWS\System32\KERNELBASE.dll
0x00007ffe34c50000 - 0x00007ffe34d9b000 	C:\WINDOWS\System32\ucrtbase.dll
0x00007ffddb7f0000 - 0x00007ffddb80e000 	c:\Users\hounk\.vscode\extensions\redhat.java-1.51.0-win32-x64\jre\21.0.9-win32-x86_64\bin\VCRUNTIME140.dll
0x00007ffddb220000 - 0x00007ffddb238000 	c:\Users\hounk\.vscode\extensions\redhat.java-1.51.0-win32-x64\jre\21.0.9-win32-x86_64\bin\jli.dll
0x00007ffe367f0000 - 0x00007ffe369b6000 	C:\WINDOWS\System32\USER32.dll
0x00007ffe34a00000 - 0x00007ffe34a27000 	C:\WINDOWS\System32\win32u.dll
0x00007ffe37980000 - 0x00007ffe379ab000 	C:\WINDOWS\System32\GDI32.dll
0x00007ffe34e30000 - 0x00007ffe34f5b000 	C:\WINDOWS\System32\gdi32full.dll
0x00007ffe34ba0000 - 0x00007ffe34c43000 	C:\WINDOWS\System32\msvcp_win.dll
0x00007ffe228d0000 - 0x00007ffe22b63000 	C:\WINDOWS\WinSxS\amd64_microsoft.windows.common-controls_6595b64144ccf1df_6.0.26100.7653_none_3e0b88a0e3318624\COMCTL32.dll
0x00007ffe35e00000 - 0x00007ffe35ea9000 	C:\WINDOWS\System32\msvcrt.dll
0x00007ffe378b0000 - 0x00007ffe378e1000 	C:\WINDOWS\System32\IMM32.DLL
0x00007ffdf9530000 - 0x00007ffdf953c000 	c:\Users\hounk\.vscode\extensions\redhat.java-1.51.0-win32-x64\jre\21.0.9-win32-x86_64\bin\vcruntime140_1.dll
0x00007ffdbf150000 - 0x00007ffdbf1dd000 	c:\Users\hounk\.vscode\extensions\redhat.java-1.51.0-win32-x64\jre\21.0.9-win32-x86_64\bin\msvcp140.dll
0x00007ffd4aa30000 - 0x00007ffd4b7d0000 	c:\Users\hounk\.vscode\extensions\redhat.java-1.51.0-win32-x64\jre\21.0.9-win32-x86_64\bin\server\jvm.dll
0x00007ffe36730000 - 0x00007ffe367e4000 	C:\WINDOWS\System32\ADVAPI32.dll
0x00007ffe35fb0000 - 0x00007ffe36056000 	C:\WINDOWS\System32\sechost.dll
0x00007ffe363b0000 - 0x00007ffe364c8000 	C:\WINDOWS\System32\RPCRT4.dll
0x00007ffe36070000 - 0x00007ffe360e4000 	C:\WINDOWS\System32\WS2_32.dll
0x00007ffe347c0000 - 0x00007ffe3481e000 	C:\WINDOWS\SYSTEM32\POWRPROF.dll
0x00007ffe2b100000 - 0x00007ffe2b135000 	C:\WINDOWS\SYSTEM32\WINMM.dll
0x00007ffe2c3b0000 - 0x00007ffe2c3bb000 	C:\WINDOWS\SYSTEM32\VERSION.dll
0x00007ffe347a0000 - 0x00007ffe347b4000 	C:\WINDOWS\SYSTEM32\UMPDC.dll
0x00007ffe336c0000 - 0x00007ffe336db000 	C:\WINDOWS\SYSTEM32\kernel.appcore.dll
0x00007ffdf92b0000 - 0x00007ffdf92ba000 	c:\Users\hounk\.vscode\extensions\redhat.java-1.51.0-win32-x64\jre\21.0.9-win32-x86_64\bin\jimage.dll
0x00007ffe32b70000 - 0x00007ffe32db2000 	C:\WINDOWS\SYSTEM32\DBGHELP.DLL
0x00007ffe37c90000 - 0x00007ffe38016000 	C:\WINDOWS\System32\combase.dll
0x00007ffe362d0000 - 0x00007ffe363a7000 	C:\WINDOWS\System32\OLEAUT32.dll
0x00007ffe23650000 - 0x00007ffe2368b000 	C:\WINDOWS\SYSTEM32\dbgcore.DLL
0x00007ffe35d50000 - 0x00007ffe35df5000 	C:\WINDOWS\System32\bcryptPrimitives.dll
0x00007ffdf8800000 - 0x00007ffdf880f000 	c:\Users\hounk\.vscode\extensions\redhat.java-1.51.0-win32-x64\jre\21.0.9-win32-x86_64\bin\instrument.dll
0x00007ffdd3910000 - 0x00007ffdd3930000 	c:\Users\hounk\.vscode\extensions\redhat.java-1.51.0-win32-x64\jre\21.0.9-win32-x86_64\bin\java.dll
0x00007ffe36f90000 - 0x00007ffe376e1000 	C:\WINDOWS\System32\SHELL32.dll
0x00007ffe34a30000 - 0x00007ffe34b9a000 	C:\WINDOWS\System32\wintypes.dll
0x00007ffe34f60000 - 0x00007ffe357c4000 	C:\WINDOWS\System32\windows.storage.dll
0x00007ffe37b60000 - 0x00007ffe37c56000 	C:\WINDOWS\System32\SHCORE.dll
0x00007ffe36a90000 - 0x00007ffe36af7000 	C:\WINDOWS\System32\shlwapi.dll
0x00007ffe34860000 - 0x00007ffe34888000 	C:\WINDOWS\SYSTEM32\profapi.dll
0x00007ffdd32b0000 - 0x00007ffdd32c8000 	c:\Users\hounk\.vscode\extensions\redhat.java-1.51.0-win32-x64\jre\21.0.9-win32-x86_64\bin\zip.dll
0x00007ffdf8320000 - 0x00007ffdf8330000 	C:\Users\hounk\.vscode\extensions\redhat.java-1.51.0-win32-x64\jre\21.0.9-win32-x86_64\bin\net.dll
0x00007ffe2b320000 - 0x00007ffe2b447000 	C:\WINDOWS\SYSTEM32\WINHTTP.dll
0x00007ffe33c30000 - 0x00007ffe33c9b000 	C:\WINDOWS\system32\mswsock.dll
0x00007ffddb810000 - 0x00007ffddb826000 	C:\Users\hounk\.vscode\extensions\redhat.java-1.51.0-win32-x64\jre\21.0.9-win32-x86_64\bin\nio.dll
0x00007ffdfa570000 - 0x00007ffdfa580000 	c:\Users\hounk\.vscode\extensions\redhat.java-1.51.0-win32-x64\jre\21.0.9-win32-x86_64\bin\verify.dll
0x00007ffde1740000 - 0x00007ffde1784000 	C:\Users\hounk\AppData\Roaming\Code\User\globalStorage\redhat.java\1.51.0\config_win\org.eclipse.equinox.launcher\org.eclipse.equinox.launcher.win32.win32.x86_64_1.2.1400.v20250801-0854\eclipse_11916.dll
0x00007ffe379c0000 - 0x00007ffe37b57000 	C:\WINDOWS\System32\ole32.dll
0x00007ffe33ef0000 - 0x00007ffe33f0b000 	C:\WINDOWS\SYSTEM32\CRYPTSP.dll
0x00007ffe33620000 - 0x00007ffe33659000 	C:\WINDOWS\system32\rsaenh.dll
0x00007ffe33ce0000 - 0x00007ffe33d0b000 	C:\WINDOWS\SYSTEM32\USERENV.dll
0x00007ffe34830000 - 0x00007ffe3485a000 	C:\WINDOWS\SYSTEM32\bcrypt.dll
0x00007ffe340b0000 - 0x00007ffe340bc000 	C:\WINDOWS\SYSTEM32\CRYPTBASE.dll
0x00007ffe330e0000 - 0x00007ffe33114000 	C:\WINDOWS\SYSTEM32\IPHLPAPI.DLL
0x00007ffe36720000 - 0x00007ffe3672a000 	C:\WINDOWS\System32\NSI.dll
0x00007ffdcd5d0000 - 0x00007ffdcd619000 	C:\Users\hounk\AppData\Local\Temp\jna-99468939\jna631451767780317619.dll
0x00007ffe369c0000 - 0x00007ffe369c8000 	C:\WINDOWS\System32\PSAPI.DLL
0x00007ffe2af70000 - 0x00007ffe2af8e000 	C:\WINDOWS\SYSTEM32\dhcpcsvc6.DLL
0x00007ffe2af10000 - 0x00007ffe2af33000 	C:\WINDOWS\SYSTEM32\dhcpcsvc.DLL
0x00007ffe337e0000 - 0x00007ffe33816000 	C:\WINDOWS\SYSTEM32\ntmarta.dll
0x00007ffe22470000 - 0x00007ffe2247e000 	C:\Users\hounk\.vscode\extensions\redhat.java-1.51.0-win32-x64\jre\21.0.9-win32-x86_64\bin\sunmscapi.dll
0x00007ffe357d0000 - 0x00007ffe35947000 	C:\WINDOWS\System32\CRYPT32.dll
0x00007ffe34140000 - 0x00007ffe34170000 	C:\WINDOWS\SYSTEM32\ncrypt.dll
0x00007ffe340f0000 - 0x00007ffe3412f000 	C:\WINDOWS\SYSTEM32\NTASN1.dll

JVMTI agents:
c:\Users\hounk\.vscode\extensions\redhat.java-1.51.0-win32-x64\lombok\lombok-1.18.39-4050.jar path:c:\Users\hounk\.vscode\extensions\redhat.java-1.51.0-win32-x64\jre\21.0.9-win32-x86_64\bin\instrument.dll, loaded, initialized, instrumentlib options:none

dbghelp: loaded successfully - version: 4.0.5 - missing functions: none
symbol engine: initialized successfully - sym options: 0x614 - pdb path: .;c:\Users\hounk\.vscode\extensions\redhat.java-1.51.0-win32-x64\jre\21.0.9-win32-x86_64\bin;C:\WINDOWS\SYSTEM32;C:\WINDOWS\WinSxS\amd64_microsoft.windows.common-controls_6595b64144ccf1df_6.0.26100.7653_none_3e0b88a0e3318624;c:\Users\hounk\.vscode\extensions\redhat.java-1.51.0-win32-x64\jre\21.0.9-win32-x86_64\bin\server;C:\Users\hounk\AppData\Roaming\Code\User\globalStorage\redhat.java\1.51.0\config_win\org.eclipse.equinox.launcher\org.eclipse.equinox.launcher.win32.win32.x86_64_1.2.1400.v20250801-0854;C:\Users\hounk\AppData\Local\Temp\jna-99468939

VM Arguments:
jvm_args: --add-modules=ALL-SYSTEM --add-opens=java.base/java.util=ALL-UNNAMED --add-opens=java.base/java.lang=ALL-UNNAMED --add-opens=java.base/sun.nio.fs=ALL-UNNAMED -Declipse.application=org.eclipse.jdt.ls.core.id1 -Dosgi.bundles.defaultStartLevel=4 -Declipse.product=org.eclipse.jdt.ls.core.product -Djava.import.generatesMetadataFilesAtProjectRoot=false -DDetectVMInstallationsJob.disabled=true -Dfile.encoding=utf8 -XX:+UseParallelGC -XX:GCTimeRatio=4 -XX:AdaptiveSizePolicyWeight=90 -Dsun.zip.disableMemoryMapping=true -Xmx2G -Xms100m -Xlog:disable -javaagent:c:\Users\hounk\.vscode\extensions\redhat.java-1.51.0-win32-x64\lombok\lombok-1.18.39-4050.jar -XX:+HeapDumpOnOutOfMemoryError -XX:HeapDumpPath=c:\Users\hounk\AppData\Roaming\Code\User\workspaceStorage\0e43c14ff81329af7692834478f51c1b\redhat.java -Daether.dependencyCollector.impl=bf 
java_command: c:\Users\hounk\.vscode\extensions\redhat.java-1.51.0-win32-x64\server\plugins\org.eclipse.equinox.launcher_1.7.100.v20251111-0406.jar -configuration c:\Users\hounk\AppData\Roaming\Code\User\globalStorage\redhat.java\1.51.0\config_win -data c:\Users\hounk\AppData\Roaming\Code\User\workspaceStorage\0e43c14ff81329af7692834478f51c1b\redhat.java\jdt_ws --pipe=\\.\pipe\lsp-4432f7960e7a657bd2b518d9860142c1-sock
java_class_path (initial): c:\Users\hounk\.vscode\extensions\redhat.java-1.51.0-win32-x64\server\plugins\org.eclipse.equinox.launcher_1.7.100.v20251111-0406.jar
Launcher Type: SUN_STANDARD

[Global flags]
    uintx AdaptiveSizePolicyWeight                 = 90                                        {product} {command line}
     intx CICompilerCount                          = 4                                         {product} {ergonomic}
    uintx GCTimeRatio                              = 4                                         {product} {command line}
     bool HeapDumpOnOutOfMemoryError               = true                                   {manageable} {command line}
    ccstr HeapDumpPath                             = c:\Users\hounk\AppData\Roaming\Code\User\workspaceStorage\0e43c14ff81329af7692834478f51c1b\redhat.java         {manageable} {command line}
   size_t InitialHeapSize                          = 104857600                                 {product} {command line}
   size_t MaxHeapSize                              = 2147483648                                {product} {command line}
   size_t MaxNewSize                               = 715653120                                 {product} {ergonomic}
   size_t MinHeapDeltaBytes                        = 524288                                    {product} {ergonomic}
   size_t MinHeapSize                              = 104857600                                 {product} {command line}
   size_t NewSize                                  = 34603008                                  {product} {ergonomic}
    uintx NonNMethodCodeHeapSize                   = 5839372                                {pd product} {ergonomic}
    uintx NonProfiledCodeHeapSize                  = 122909434                              {pd product} {ergonomic}
   size_t OldSize                                  = 70254592                                  {product} {ergonomic}
    uintx ProfiledCodeHeapSize                     = 122909434                              {pd product} {ergonomic}
    uintx ReservedCodeCacheSize                    = 251658240                              {pd product} {ergonomic}
     bool SegmentedCodeCache                       = true                                      {product} {ergonomic}
   size_t SoftMaxHeapSize                          = 2147483648                             {manageable} {ergonomic}
     bool UseCompressedOops                        = true                           {product lp64_product} {ergonomic}
     bool UseLargePagesIndividualAllocation        = false                                  {pd product} {ergonomic}
     bool UseParallelGC                            = true                                      {product} {command line}

Logging:
Log output configuration:
 #0: stdout all=off uptime,level,tags foldmultilines=false
 #1: stderr all=off uptime,level,tags foldmultilines=false

Release file:
JAVA_VERSION="21.0.9" 
MODULES="java.base java.compiler java.datatransfer java.xml java.prefs java.desktop java.instrument java.logging java.management java.security.sasl java.naming java.rmi java.management.rmi java.net.http java.scripting java.security.jgss java.transaction.xa java.sql java.sql.rowset java.xml.crypto java.se java.smartcardio jdk.accessibility jdk.internal.jvmstat jdk.attach jdk.charsets jdk.internal.opt jdk.zipfs jdk.compiler jdk.crypto.ec jdk.crypto.cryptoki jdk.crypto.mscapi jdk.dynalink jdk.internal.ed jdk.editpad jdk.hotspot.agent jdk.httpserver jdk.internal.le jdk.internal.vm.ci jdk.internal.vm.compiler jdk.internal.vm.compiler.management jdk.jartool jdk.javadoc jdk.jcmd jdk.management jdk.management.agent jdk.jconsole jdk.jdeps jdk.jdwp.agent jdk.jdi jdk.jfr jdk.jshell jdk.jsobject jdk.jstatd jdk.localedata jdk.management.jfr jdk.naming.dns jdk.naming.rmi jdk.net jdk.nio.mapmode jdk.random jdk.sctp jdk.security.auth jdk.security.jgss jdk.unsupported jdk.unsupported.desktop jdk.xml.dom" 

Environment Variables:
JAVA_HOME=C:\Program Files\java\jdk-17
PATH=C:\Program Files\Common Files\Oracle\Java\javapath;C:\Python314\Scripts\;C:\Python314\;C:\WINDOWS\system32;C:\WINDOWS;C:\WINDOWS\System32\Wbem;C:\WINDOWS\System32\WindowsPowerShell\v1.0\;C:\WINDOWS\System32\OpenSSH\;C:\Program Files\Git\cmd;C:\composer;C:\Users\hounk\AppData\Local\Programs\Python\Python313;C:\symfony-cli_windows_amd64;C:\Program Files\PostgreSQL\17\bin;C:\Program Files\Microsoft SQL Server\150\Tools\Binn\;C:\Program Files\Microsoft SQL Server\Client SDK\ODBC\170\Tools\Binn\;C:\Program Files\dotnet\;C:\Program Files (x86)\Windows Kits\10\Windows Performance Toolkit\;C:\Program Files (x86)\Microsoft SQL Server\160\DTS\Binn\;C:\Program Files\nodejs\;C:\ProgramData\chocolatey\bin;C:\Program Files\MySQL\MySQL Workbench 8.0;C:\Program Files (x86)\Microsoft SQL Server\160\Tools\Binn\;C:\Program Files\Microsoft SQL Server\160\Tools\Binn\;C:\Program Files\Microsoft SQL Server\160\DTS\Binn\;C:\msys64\ucrt64\bin;C:\Android\platform-tools;C:\Users\hounk\AppData\Local\Programs\Python\Launcher\;C:\Users\hounk\AppData\Local\Microsoft\WindowsApps;C:\Users\hounk\AppData\Local\Programs\Microsoft VS Code\bin;C:\Users\hounk\AppData\Local\GitHubDesktop\bin;C:\wamp64\bin\php\php8.3.14;C:\Users\hounk\AppData\Roaming\Composer\vendor\bin;C:\Users\hounk\AppData\Local\Programs\Python\Python313;C:\Users\hounk\AppData\Local\Programs\Python\Python313\Scripts\;C:\Mobiles_Apps\flutter\bin;C:\Users\hounk\.dotnet\tools;C:\Users\hounk\AppData\Roaming\npm;C:\Program Files\MySQL\MySQL Workbench 8.0;C:\Program Files\java\jdk-17\bin;C:\msys64\ucrt64\bin;C:\Android\platform-tools;C:\Program Files\JetBrains\IntelliJ IDEA 2025.3.1.1\bin;C:\Users\hounk\AppData\Local\Pub\Cache\bin;
USERNAME=hounk
OS=Windows_NT
PROCESSOR_IDENTIFIER=AMD64 Family 23 Model 24 Stepping 1, AuthenticAMD
TMP=C:\Users\hounk\AppData\Local\Temp
TEMP=C:\Users\hounk\AppData\Local\Temp




Periodic native trim disabled

---------------  S Y S T E M  ---------------

OS:
 Windows 11 , 64 bit Build 26100 (10.0.26100.7653)
OS uptime: 0 days 3:57 hours

CPU: total 8 (initial active 8) (8 cores per cpu, 2 threads per core) family 23 model 24 stepping 1 microcode 0x8108102, cx8, cmov, fxsr, ht, mmx, 3dnowpref, sse, sse2, sse3, ssse3, sse4a, sse4.1, sse4.2, popcnt, lzcnt, tsc, tscinvbit, avx, avx2, aes, clmul, bmi1, bmi2, adx, sha, fma, vzeroupper, clflush, clflushopt, rdtscp, f16c
Processor Information for the first 8 processors :
  Max Mhz: 2100, Current Mhz: 2100, Mhz Limit: 2100

Memory: 4k page, system-wide physical 3461M (120M free)
TotalPageFile size 15749M (AvailPageFile size 8M)
current process WorkingSet (physical memory assigned to process): 199M, peak: 371M
current process commit charge ("private bytes"): 799M, peak: 801M

vm_info: OpenJDK 64-Bit Server VM (21.0.9+10-LTS) for windows-amd64 JRE (21.0.9+10-LTS), built on 2025-10-21T00:00:00Z by "admin" with unknown MS VC++:1942

END.
