#
# There is insufficient memory for the Java Runtime Environment to continue.
# Native memory allocation (malloc) failed to allocate 232416 bytes. Error detail: Chunk::new
# Possible reasons:
#   The system is out of physical RAM or swap space
#   This process is running with CompressedOops enabled, and the Java Heap may be blocking the growth of the native heap
# Possible solutions:
#   Reduce memory load on the system
#   Increase physical memory or swap space
#   Check if swap backing store is full
#   Decrease Java heap size (-Xmx/-Xms)
#   Decrease number of Java threads
#   Decrease Java thread stack sizes (-Xss)
#   Set larger code cache with -XX:ReservedCodeCacheSize=
#   JVM is running with Unscaled Compressed Oops mode in which the Java heap is
#     placed in the first 4GB address space. The Java Heap base address is the
#     maximum limit for the native heap growth. Please use -XX:HeapBaseMinAddress
#     to set the Java Heap base and to place the Java Heap above 4GB virtual address.
# This output file may be truncated or incomplete.
#
#  Out of Memory Error (arena.cpp:168), pid=4552, tid=15812
#
# JRE version: OpenJDK Runtime Environment Temurin-21.0.9+10 (21.0.9+10) (build 21.0.9+10-LTS)
# Java VM: OpenJDK 64-Bit Server VM Temurin-21.0.9+10 (21.0.9+10-LTS, mixed mode, sharing, tiered, compressed oops, compressed class ptrs, parallel gc, windows-amd64)
# No core dump will be written. Minidumps are not enabled by default on client versions of Windows
#

---------------  S U M M A R Y ------------

Command Line: --add-modules=ALL-SYSTEM --add-opens=java.base/java.util=ALL-UNNAMED --add-opens=java.base/java.lang=ALL-UNNAMED --add-opens=java.base/sun.nio.fs=ALL-UNNAMED -Declipse.application=org.eclipse.jdt.ls.core.id1 -Dosgi.bundles.defaultStartLevel=4 -Declipse.product=org.eclipse.jdt.ls.core.product -Djava.import.generatesMetadataFilesAtProjectRoot=false -DDetectVMInstallationsJob.disabled=true -Dfile.encoding=utf8 -XX:+UseParallelGC -XX:GCTimeRatio=4 -XX:AdaptiveSizePolicyWeight=90 -Dsun.zip.disableMemoryMapping=true -Xmx2G -Xms100m -Xlog:disable -javaagent:c:\Users\hounk\.vscode\extensions\redhat.java-1.51.0-win32-x64\lombok\lombok-1.18.39-4050.jar -XX:+HeapDumpOnOutOfMemoryError -XX:HeapDumpPath=c:\Users\hounk\AppData\Roaming\Code\User\workspaceStorage\0e43c14ff81329af7692834478f51c1b\redhat.java -Daether.dependencyCollector.impl=bf c:\Users\hounk\.vscode\extensions\redhat.java-1.51.0-win32-x64\server\plugins\org.eclipse.equinox.launcher_1.7.100.v20251111-0406.jar -configuration c:\Users\hounk\AppData\Roaming\Code\User\globalStorage\redhat.java\1.51.0\config_win -data c:\Users\hounk\AppData\Roaming\Code\User\workspaceStorage\0e43c14ff81329af7692834478f51c1b\redhat.java\jdt_ws --pipe=\\.\pipe\lsp-3b85e172bd7f66c4e7568ff776c42a5c-sock

Host: AMD Ryzen 5 3500U with Radeon Vega Mobile Gfx  , 8 cores, 3G,  Windows 11 , 64 bit Build 26100 (10.0.26100.7653)
Time: Sun Jan 25 20:20:47 2026 Greenwich Standard Time elapsed time: 8.864005 seconds (0d 0h 0m 8s)

---------------  T H R E A D  ---------------

Current thread (0x000001c7d25c5690):  JavaThread "C2 CompilerThread0" daemon [_thread_in_native, id=15812, stack(0x000000c57c700000,0x000000c57c800000) (1024K)]


Current CompileTask:
C2:8864 1288       4       java.io.DataInputStream::readUTF (501 bytes)

Stack: [0x000000c57c700000,0x000000c57c800000]
Native frames: (J=compiled Java code, j=interpreted, Vv=VM code, C=native code)
V  [jvm.dll+0x6d6e29]
V  [jvm.dll+0x8b4b76]
V  [jvm.dll+0x8b712e]
V  [jvm.dll+0x8b7813]
V  [jvm.dll+0x283d86]
V  [jvm.dll+0xc66ed]
V  [jvm.dll+0xc6c31]
V  [jvm.dll+0x2facee]
V  [jvm.dll+0x5fde44]
V  [jvm.dll+0x255557]
V  [jvm.dll+0x24db6a]
V  [jvm.dll+0x24b482]
V  [jvm.dll+0x1cb13e]
V  [jvm.dll+0x25b29d]
V  [jvm.dll+0x25982a]
V  [jvm.dll+0x3f7ea6]
V  [jvm.dll+0x85e9ad]
V  [jvm.dll+0x6d565d]
C  [ucrtbase.dll+0x37b0]
C  [KERNEL32.DLL+0x2e8d7]
C  [ntdll.dll+0x8c40c]


---------------  P R O C E S S  ---------------

Threads class SMR info:
_java_thread_list=0x000001c7eab0d590, length=11, elements={
0x000001c7d2640880, 0x000001c7d26f1010, 0x000001c7d26f83c0, 0x000001c7d26fa880,
0x000001c7d26fe6d0, 0x000001c7d25b76a0, 0x000001c7d25bb5c0, 0x000001c7d25c5690,
0x000001c7d25c92b0, 0x000001c7eaa7b110, 0x000001c7eabca400
}

Java Threads: ( => current thread )
  0x000001c7d2640880 JavaThread "main"                              [_thread_in_native, id=2816, stack(0x000000c57bd00000,0x000000c57be00000) (1024K)]
  0x000001c7d26f1010 JavaThread "Reference Handler"          daemon [_thread_blocked, id=20392, stack(0x000000c57c100000,0x000000c57c200000) (1024K)]
  0x000001c7d26f83c0 JavaThread "Finalizer"                  daemon [_thread_blocked, id=11520, stack(0x000000c57c200000,0x000000c57c300000) (1024K)]
  0x000001c7d26fa880 JavaThread "Signal Dispatcher"          daemon [_thread_blocked, id=16672, stack(0x000000c57c300000,0x000000c57c400000) (1024K)]
  0x000001c7d26fe6d0 JavaThread "Attach Listener"            daemon [_thread_blocked, id=20388, stack(0x000000c57c400000,0x000000c57c500000) (1024K)]
  0x000001c7d25b76a0 JavaThread "Service Thread"             daemon [_thread_blocked, id=2140, stack(0x000000c57c500000,0x000000c57c600000) (1024K)]
  0x000001c7d25bb5c0 JavaThread "Monitor Deflation Thread"   daemon [_thread_blocked, id=16508, stack(0x000000c57c600000,0x000000c57c700000) (1024K)]
=>0x000001c7d25c5690 JavaThread "C2 CompilerThread0"         daemon [_thread_in_native, id=15812, stack(0x000000c57c700000,0x000000c57c800000) (1024K)]
  0x000001c7d25c92b0 JavaThread "C1 CompilerThread0"         daemon [_thread_blocked, id=20012, stack(0x000000c57c800000,0x000000c57c900000) (1024K)]
  0x000001c7eaa7b110 JavaThread "Common-Cleaner"             daemon [_thread_blocked, id=2376, stack(0x000000c57c900000,0x000000c57ca00000) (1024K)]
  0x000001c7eabca400 JavaThread "Notification Thread"        daemon [_thread_blocked, id=10408, stack(0x000000c57ca00000,0x000000c57cb00000) (1024K)]
Total: 11

Other Threads:
  0x000001c7d25b13f0 VMThread "VM Thread"                           [id=17660, stack(0x000000c57c000000,0x000000c57c100000) (1024K)]
  0x000001c7d24cca10 WatcherThread "VM Periodic Task Thread"        [id=19236, stack(0x000000c57bf00000,0x000000c57c000000) (1024K)]
  0x000001c7d265fb00 WorkerThread "GC Thread#0"                     [id=11144, stack(0x000000c57be00000,0x000000c57bf00000) (1024K)]
  0x000001c7ef0d59d0 WorkerThread "GC Thread#1"                     [id=11236, stack(0x000000c57cb00000,0x000000c57cc00000) (1024K)]
  0x000001c7ef0d5d70 WorkerThread "GC Thread#2"                     [id=18724, stack(0x000000c57cc00000,0x000000c57cd00000) (1024K)]
  0x000001c7ef15e7e0 WorkerThread "GC Thread#3"                     [id=16520, stack(0x000000c57cd00000,0x000000c57ce00000) (1024K)]
  0x000001c7ef15f6f0 WorkerThread "GC Thread#4"                     [id=19868, stack(0x000000c57ce00000,0x000000c57cf00000) (1024K)]
  0x000001c7ef15fa90 WorkerThread "GC Thread#5"                     [id=19104, stack(0x000000c57cf00000,0x000000c57d000000) (1024K)]
  0x000001c7ef15fe30 WorkerThread "GC Thread#6"                     [id=18584, stack(0x000000c57d000000,0x000000c57d100000) (1024K)]
Total: 9

Threads with active compile tasks:
C2 CompilerThread0  8904 1288       4       java.io.DataInputStream::readUTF (501 bytes)
Total: 1

VM state: not at safepoint (normal execution)

VM Mutex/Monitor currently owned by a thread: None

Heap address: 0x0000000080000000, size: 2048 MB, Compressed Oops mode: 32-bit

CDS archive(s) mapped at: [0x000001c780000000-0x000001c780ba0000-0x000001c780ba0000), size 12189696, SharedBaseAddress: 0x000001c780000000, ArchiveRelocationMode: 1.
Compressed class space mapped at: 0x000001c781000000-0x000001c7c1000000, reserved size: 1073741824
Narrow klass base: 0x000001c780000000, Narrow klass shift: 0, Narrow klass range: 0x100000000

GC Precious Log:
 CardTable entry size: 512
 CPUs: 8 total, 8 available
 Memory: 3461M
 Large Page Support: Disabled
 NUMA Support: Disabled
 Compressed Oops: Enabled (32-bit)
 Alignments: Space 512K, Generation 512K, Heap 2M
 Heap Min Capacity: 100M
 Heap Initial Capacity: 100M
 Heap Max Capacity: 2G
 Pre-touch: Disabled
 Parallel Workers: 8

Heap:
 PSYoungGen      total 29696K, used 13252K [0x00000000d5580000, 0x00000000d7680000, 0x0000000100000000)
  eden space 25600K, 38% used [0x00000000d5580000,0x00000000d5f3b260,0x00000000d6e80000)
  from space 4096K, 80% used [0x00000000d6e80000,0x00000000d71b5ea8,0x00000000d7280000)
  to   space 4096K, 0% used [0x00000000d7280000,0x00000000d7280000,0x00000000d7680000)
 ParOldGen       total 68608K, used 16K [0x0000000080000000, 0x0000000084300000, 0x00000000d5580000)
  object space 68608K, 0% used [0x0000000080000000,0x0000000080004000,0x0000000084300000)
 Metaspace       used 6076K, committed 6336K, reserved 1114112K
  class space    used 623K, committed 768K, reserved 1048576K

Card table byte_map: [0x000001c7d1fe0000,0x000001c7d23f0000] _byte_map_base: 0x000001c7d1be0000

Marking Bits: (ParMarkBitMap*) 0x00007fff69712460
 Begin Bits: [0x000001c7e4af0000, 0x000001c7e6af0000)
 End Bits:   [0x000001c7e6af0000, 0x000001c7e8af0000)

Polling page: 0x000001c7d04d0000

Metaspace:

Usage:
  Non-class:      5.33 MB used.
      Class:    623.80 KB used.
       Both:      5.93 MB used.

Virtual space:
  Non-class space:       64.00 MB reserved,       5.44 MB (  8%) committed,  1 nodes.
      Class space:        1.00 GB reserved,     768.00 KB ( <1%) committed,  1 nodes.
             Both:        1.06 GB reserved,       6.19 MB ( <1%) committed. 

Chunk freelists:
   Non-Class:  10.00 MB
       Class:  15.08 MB
        Both:  25.08 MB

MaxMetaspaceSize: unlimited
CompressedClassSpaceSize: 1.00 GB
Initial GC threshold: 21.00 MB
Current GC threshold: 21.00 MB
CDS: on
 - commit_granule_bytes: 65536.
 - commit_granule_words: 8192.
 - virtual_space_node_default_size: 8388608.
 - enlarge_chunks_in_place: 1.
 - use_allocation_guard: 0.


Internal statistics:

num_allocs_failed_limit: 0.
num_arena_births: 190.
num_arena_deaths: 0.
num_vsnodes_births: 2.
num_vsnodes_deaths: 0.
num_space_committed: 99.
num_space_uncommitted: 0.
num_chunks_returned_to_freelist: 0.
num_chunks_taken_from_freelist: 315.
num_chunk_merges: 0.
num_chunk_splits: 202.
num_chunks_enlarged: 128.
num_inconsistent_stats: 0.

CodeHeap 'non-profiled nmethods': size=120000Kb used=465Kb max_used=465Kb free=119534Kb
 bounds [0x000001c7dd310000, 0x000001c7dd580000, 0x000001c7e4840000]
CodeHeap 'profiled nmethods': size=120000Kb used=2257Kb max_used=2257Kb free=117742Kb
 bounds [0x000001c7d5840000, 0x000001c7d5ab0000, 0x000001c7dcd70000]
CodeHeap 'non-nmethods': size=5760Kb used=1207Kb max_used=1220Kb free=4552Kb
 bounds [0x000001c7dcd70000, 0x000001c7dcfe0000, 0x000001c7dd310000]
CodeCache: size=245760Kb, used=3929Kb, max_used=3942Kb, free=241828Kb
 total_blobs=1797, nmethods=1325, adapters=379, full_count=0
Compilation: enabled, stopped_count=0, restarted_count=0

Compilation events (20 events):
Event: 6.825 Thread 0x000001c7d25c92b0 nmethod 1306 0x000001c7d5a56490 code [0x000001c7d5a568e0, 0x000001c7d5a58700]
Event: 6.825 Thread 0x000001c7d25c92b0 1310       3       org.eclipse.osgi.container.ModuleDatabase$Persistence::readMap (118 bytes)
Event: 6.828 Thread 0x000001c7d25c92b0 nmethod 1310 0x000001c7d5a59110 code [0x000001c7d5a594c0, 0x000001c7d5a5aa48]
Event: 6.828 Thread 0x000001c7d25c92b0 1308       3       org.eclipse.osgi.container.ModuleDatabase$Persistence::readVersion (7 bytes)
Event: 6.828 Thread 0x000001c7d25c92b0 nmethod 1308 0x000001c7d5a5b390 code [0x000001c7d5a5b540, 0x000001c7d5a5b660]
Event: 6.828 Thread 0x000001c7d25c92b0 1309       3       org.eclipse.osgi.container.ModuleDatabase$Persistence::readIndexedMap (16 bytes)
Event: 6.829 Thread 0x000001c7d25c92b0 nmethod 1309 0x000001c7d5a5b710 code [0x000001c7d5a5b940, 0x000001c7d5a5c038]
Event: 6.829 Thread 0x000001c7d25c92b0 1311       3       java.util.Collections::unmodifiableMap (22 bytes)
Event: 6.829 Thread 0x000001c7d25c92b0 nmethod 1311 0x000001c7d5a5c390 code [0x000001c7d5a5c580, 0x000001c7d5a5c9d0]
Event: 6.829 Thread 0x000001c7d25c92b0 1312       3       java.util.Collections$UnmodifiableMap::<init> (22 bytes)
Event: 6.830 Thread 0x000001c7d25c92b0 nmethod 1312 0x000001c7d5a5cb90 code [0x000001c7d5a5cd40, 0x000001c7d5a5cfc0]
Event: 6.830 Thread 0x000001c7d25c92b0 1307       3       org.eclipse.osgi.container.ModuleDatabase$Persistence::readMapValue (111 bytes)
Event: 6.832 Thread 0x000001c7d25c92b0 nmethod 1307 0x000001c7d5a5d110 code [0x000001c7d5a5d4a0, 0x000001c7d5a5e7f8]
Event: 6.832 Thread 0x000001c7d25c92b0 1317       3       org.eclipse.osgi.container.ModuleDatabase$Persistence::readListValue (97 bytes)
Event: 6.833 Thread 0x000001c7d25c92b0 nmethod 1317 0x000001c7d5a5ef10 code [0x000001c7d5a5f280, 0x000001c7d5a60550]
Event: 6.834 Thread 0x000001c7d25c92b0 1319       3       org.eclipse.osgi.container.ModuleDatabase$Persistence::readList (78 bytes)
Event: 6.836 Thread 0x000001c7d25c92b0 nmethod 1319 0x000001c7d5a60c90 code [0x000001c7d5a60fc0, 0x000001c7d5a62168]
Event: 6.838 Thread 0x000001c7d25c92b0 1321       3       sun.net.www.protocol.jar.Handler::checkNestedProtocol (18 bytes)
Event: 6.839 Thread 0x000001c7d25c92b0 nmethod 1321 0x000001c7d5a62990 code [0x000001c7d5a62b40, 0x000001c7d5a62d18]
Event: 6.840 Thread 0x000001c7d25c92b0 1322   !   3       java.util.jar.JarVerifier::processEntry (437 bytes)

GC Heap History (2 events):
Event: 6.015 GC heap before
{Heap before GC invocations=1 (full 0):
 PSYoungGen      total 29696K, used 25600K [0x00000000d5580000, 0x00000000d7680000, 0x0000000100000000)
  eden space 25600K, 100% used [0x00000000d5580000,0x00000000d6e80000,0x00000000d6e80000)
  from space 4096K, 0% used [0x00000000d7280000,0x00000000d7280000,0x00000000d7680000)
  to   space 4096K, 0% used [0x00000000d6e80000,0x00000000d6e80000,0x00000000d7280000)
 ParOldGen       total 68608K, used 0K [0x0000000080000000, 0x0000000084300000, 0x00000000d5580000)
  object space 68608K, 0% used [0x0000000080000000,0x0000000080000000,0x0000000084300000)
 Metaspace       used 4329K, committed 4544K, reserved 1114112K
  class space    used 473K, committed 576K, reserved 1048576K
}
Event: 6.036 GC heap after
{Heap after GC invocations=1 (full 0):
 PSYoungGen      total 29696K, used 3287K [0x00000000d5580000, 0x00000000d7680000, 0x0000000100000000)
  eden space 25600K, 0% used [0x00000000d5580000,0x00000000d5580000,0x00000000d6e80000)
  from space 4096K, 80% used [0x00000000d6e80000,0x00000000d71b5ea8,0x00000000d7280000)
  to   space 4096K, 0% used [0x00000000d7280000,0x00000000d7280000,0x00000000d7680000)
 ParOldGen       total 68608K, used 16K [0x0000000080000000, 0x0000000084300000, 0x00000000d5580000)
  object space 68608K, 0% used [0x0000000080000000,0x0000000080004000,0x0000000084300000)
 Metaspace       used 4329K, committed 4544K, reserved 1114112K
  class space    used 473K, committed 576K, reserved 1048576K
}

Dll operation events (8 events):
Event: 0.085 Loaded shared library c:\Users\hounk\.vscode\extensions\redhat.java-1.51.0-win32-x64\jre\21.0.9-win32-x86_64\bin\java.dll
Event: 0.274 Loaded shared library c:\Users\hounk\.vscode\extensions\redhat.java-1.51.0-win32-x64\jre\21.0.9-win32-x86_64\bin\zip.dll
Event: 0.428 Loaded shared library C:\Users\hounk\.vscode\extensions\redhat.java-1.51.0-win32-x64\jre\21.0.9-win32-x86_64\bin\instrument.dll
Event: 0.446 Loaded shared library C:\Users\hounk\.vscode\extensions\redhat.java-1.51.0-win32-x64\jre\21.0.9-win32-x86_64\bin\net.dll
Event: 0.456 Loaded shared library C:\Users\hounk\.vscode\extensions\redhat.java-1.51.0-win32-x64\jre\21.0.9-win32-x86_64\bin\nio.dll
Event: 0.463 Loaded shared library C:\Users\hounk\.vscode\extensions\redhat.java-1.51.0-win32-x64\jre\21.0.9-win32-x86_64\bin\zip.dll
Event: 0.528 Loaded shared library C:\Users\hounk\.vscode\extensions\redhat.java-1.51.0-win32-x64\jre\21.0.9-win32-x86_64\bin\jimage.dll
Event: 0.755 Loaded shared library c:\Users\hounk\.vscode\extensions\redhat.java-1.51.0-win32-x64\jre\21.0.9-win32-x86_64\bin\verify.dll

Deoptimization events (20 events):
Event: 6.127 Thread 0x000001c7d2640880 Uncommon trap: trap_request=0xffffff45 fr.pc=0x000001c7dd3692b8 relative=0x0000000000000278
Event: 6.127 Thread 0x000001c7d2640880 Uncommon trap: reason=unstable_if action=reinterpret pc=0x000001c7dd3692b8 method=java.util.HashMap.hash(Ljava/lang/Object;)I @ 1 c2
Event: 6.127 Thread 0x000001c7d2640880 DEOPT PACKING pc=0x000001c7dd3692b8 sp=0x000000c57bdfe610
Event: 6.127 Thread 0x000001c7d2640880 DEOPT UNPACKING pc=0x000001c7dcdc3aa2 sp=0x000000c57bdfe4a8 mode 2
Event: 6.130 Thread 0x000001c7d2640880 Uncommon trap: trap_request=0xffffff45 fr.pc=0x000001c7dd36d03c relative=0x000000000000027c
Event: 6.130 Thread 0x000001c7d2640880 Uncommon trap: reason=unstable_if action=reinterpret pc=0x000001c7dd36d03c method=java.util.HashMap.hash(Ljava/lang/Object;)I @ 1 c2
Event: 6.130 Thread 0x000001c7d2640880 DEOPT PACKING pc=0x000001c7dd36d03c sp=0x000000c57bdfe580
Event: 6.130 Thread 0x000001c7d2640880 DEOPT UNPACKING pc=0x000001c7dcdc3aa2 sp=0x000000c57bdfe488 mode 2
Event: 6.130 Thread 0x000001c7d2640880 Uncommon trap: trap_request=0xffffff45 fr.pc=0x000001c7dd367cd0 relative=0x00000000000000b0
Event: 6.130 Thread 0x000001c7d2640880 Uncommon trap: reason=unstable_if action=reinterpret pc=0x000001c7dd367cd0 method=java.util.HashMap.hash(Ljava/lang/Object;)I @ 1 c2
Event: 6.130 Thread 0x000001c7d2640880 DEOPT PACKING pc=0x000001c7dd367cd0 sp=0x000000c57bdfe630
Event: 6.130 Thread 0x000001c7d2640880 DEOPT UNPACKING pc=0x000001c7dcdc3aa2 sp=0x000000c57bdfe5c8 mode 2
Event: 6.130 Thread 0x000001c7d2640880 Uncommon trap: trap_request=0xffffffde fr.pc=0x000001c7dd359110 relative=0x0000000000000570
Event: 6.130 Thread 0x000001c7d2640880 Uncommon trap: reason=class_check action=maybe_recompile pc=0x000001c7dd359110 method=java.util.Collections$UnmodifiableCollection$1.<init>(Ljava/util/Collections$UnmodifiableCollection;)V @ 17 c2
Event: 6.130 Thread 0x000001c7d2640880 DEOPT PACKING pc=0x000001c7dd359110 sp=0x000000c57bdfe660
Event: 6.130 Thread 0x000001c7d2640880 DEOPT UNPACKING pc=0x000001c7dcdc3aa2 sp=0x000000c57bdfe5a8 mode 2
Event: 6.699 Thread 0x000001c7d2640880 Uncommon trap: trap_request=0xffffff45 fr.pc=0x000001c7dd34e7f8 relative=0x0000000000000198
Event: 6.699 Thread 0x000001c7d2640880 Uncommon trap: reason=unstable_if action=reinterpret pc=0x000001c7dd34e7f8 method=java.lang.invoke.VarHandle.checkAccessModeThenIsDirect(Ljava/lang/invoke/VarHandle$AccessDescriptor;)Z @ 4 c2
Event: 6.699 Thread 0x000001c7d2640880 DEOPT PACKING pc=0x000001c7dd34e7f8 sp=0x000000c57bdfe610
Event: 6.699 Thread 0x000001c7d2640880 DEOPT UNPACKING pc=0x000001c7dcdc3aa2 sp=0x000000c57bdfe568 mode 2

Classes loaded (20 events):
Event: 6.774 Loading class java/util/AbstractQueue done
Event: 6.774 Loading class java/util/concurrent/SynchronousQueue done
Event: 6.774 Loading class java/util/concurrent/SynchronousQueue$Transferer
Event: 6.774 Loading class java/util/concurrent/LinkedTransferQueue
Event: 6.776 Loading class java/util/concurrent/TransferQueue
Event: 6.776 Loading class java/util/concurrent/TransferQueue done
Event: 6.776 Loading class java/util/concurrent/LinkedTransferQueue done
Event: 6.776 Loading class java/util/concurrent/SynchronousQueue$Transferer done
Event: 6.777 Loading class java/util/concurrent/LinkedTransferQueue$DualNode
Event: 6.777 Loading class java/util/concurrent/LinkedTransferQueue$DualNode done
Event: 6.779 Loading class java/util/concurrent/RejectedExecutionHandler
Event: 6.780 Loading class java/util/concurrent/RejectedExecutionHandler done
Event: 6.780 Loading class java/util/concurrent/LinkedBlockingQueue
Event: 6.780 Loading class java/util/concurrent/LinkedBlockingQueue done
Event: 6.780 Loading class java/util/concurrent/LinkedBlockingQueue$Node
Event: 6.781 Loading class java/util/concurrent/LinkedBlockingQueue$Node done
Event: 6.802 Loading class java/util/concurrent/Semaphore$NonfairSync
Event: 6.802 Loading class java/util/concurrent/Semaphore$Sync
Event: 6.802 Loading class java/util/concurrent/Semaphore$Sync done
Event: 6.802 Loading class java/util/concurrent/Semaphore$NonfairSync done

Classes unloaded (0 events):
No events

Classes redefined (0 events):
No events

Internal exceptions (20 events):
Event: 3.416 Thread 0x000001c7d2640880 Exception <a 'java/io/FileNotFoundException'{0x00000000d64c51b0}> (0x00000000d64c51b0) 
thrown [s\src\hotspot\share\prims\jni.cpp, line 520]
Event: 3.417 Thread 0x000001c7d2640880 Exception <a 'java/io/FileNotFoundException'{0x00000000d64c5e28}> (0x00000000d64c5e28) 
thrown [s\src\hotspot\share\prims\jni.cpp, line 520]
Event: 3.418 Thread 0x000001c7d2640880 Exception <a 'java/io/FileNotFoundException'{0x00000000d64c6968}> (0x00000000d64c6968) 
thrown [s\src\hotspot\share\prims\jni.cpp, line 520]
Event: 3.428 Thread 0x000001c7d2640880 Implicit null exception at 0x000001c7dd341e24 to 0x000001c7dd3423b8
Event: 3.435 Thread 0x000001c7d2640880 Exception <a 'java/io/FileNotFoundException'{0x00000000d6500b30}> (0x00000000d6500b30) 
thrown [s\src\hotspot\share\prims\jni.cpp, line 520]
Event: 3.461 Thread 0x000001c7d2640880 Exception <a 'java/lang/NoSuchMethodError'{0x00000000d653d410}: 'java.lang.Object java.lang.invoke.DirectMethodHandle$Holder.invokeInterface(java.lang.Object, java.lang.Object)'> (0x00000000d653d410) 
thrown [s\src\hotspot\share\interpreter\linkResolver.cpp, line 773]
Event: 3.468 Thread 0x000001c7d2640880 Exception <a 'java/lang/NoSuchMethodError'{0x00000000d6550e80}: 'java.lang.Object java.lang.invoke.Invokers$Holder.invokeExact_MT(java.lang.Object, java.lang.Object, java.lang.Object, java.lang.Object, java.lang.Object, java.lang.Object)'> (0x00000000d6550e80) 
thrown [s\src\hotspot\share\interpreter\linkResolver.cpp, line 773]
Event: 3.474 Thread 0x000001c7d2640880 Exception <a 'java/lang/NoSuchMethodError'{0x00000000d6567f58}: 'int java.lang.invoke.DirectMethodHandle$Holder.invokeStatic(java.lang.Object, java.lang.Object, java.lang.Object, java.lang.Object, java.lang.Object)'> (0x00000000d6567f58) 
thrown [s\src\hotspot\share\interpreter\linkResolver.cpp, line 773]
Event: 4.539 Thread 0x000001c7d2640880 Exception <a 'java/lang/NoSuchMethodError'{0x00000000d65fd8d0}: 'java.lang.Object java.lang.invoke.DirectMethodHandle$Holder.invokeInterface(java.lang.Object, java.lang.Object, int)'> (0x00000000d65fd8d0) 
thrown [s\src\hotspot\share\interpreter\linkResolver.cpp, line 773]
Event: 4.862 Thread 0x000001c7d2640880 Exception <a 'java/lang/NoSuchMethodError'{0x00000000d6a6ade8}: 'java.lang.ClassLoader java.lang.ClassLoader.getPlatformClassLoader(java.lang.Class)'> (0x00000000d6a6ade8) 
thrown [s\src\hotspot\share\interpreter\linkResolver.cpp, line 773]
Event: 6.040 Thread 0x000001c7d2640880 Exception <a 'java/lang/ClassNotFoundException'{0x00000000d558dd28}: sun/net/www/protocol/c/Handler> (0x00000000d558dd28) 
thrown [s\src\hotspot\share\classfile\systemDictionary.cpp, line 312]
Event: 6.041 Thread 0x000001c7d2640880 Exception <a 'java/lang/ClassNotFoundException'{0x00000000d558f1b8}: sun/net/www/protocol/c/Handler> (0x00000000d558f1b8) 
thrown [s\src\hotspot\share\classfile\systemDictionary.cpp, line 312]
Event: 6.041 Thread 0x000001c7d2640880 Exception <a 'java/lang/ClassNotFoundException'{0x00000000d5590530}: sun/net/www/protocol/c/Handler> (0x00000000d5590530) 
thrown [s\src\hotspot\share\classfile\systemDictionary.cpp, line 312]
Event: 6.067 Thread 0x000001c7d2640880 Exception <a 'java/io/FileNotFoundException'{0x00000000d55ba0d8}> (0x00000000d55ba0d8) 
thrown [s\src\hotspot\share\prims\jni.cpp, line 520]
Event: 6.127 Thread 0x000001c7d2640880 Implicit null exception at 0x000001c7dd3636a9 to 0x000001c7dd363f1c
Event: 6.127 Thread 0x000001c7d2640880 Implicit null exception at 0x000001c7dd36909a to 0x000001c7dd3692a0
Event: 6.128 Thread 0x000001c7d2640880 Exception <a 'java/lang/NoSuchMethodError'{0x00000000d56ebaa0}: 'void java.lang.invoke.DirectMethodHandle$Holder.invokeStatic(java.lang.Object, java.lang.Object, java.lang.Object, java.lang.Object)'> (0x00000000d56ebaa0) 
thrown [s\src\hotspot\share\interpreter\linkResolver.cpp, line 773]
Event: 6.130 Thread 0x000001c7d2640880 Implicit null exception at 0x000001c7dd36ce1a to 0x000001c7dd36d024
Event: 6.130 Thread 0x000001c7d2640880 Implicit null exception at 0x000001c7dd367c3d to 0x000001c7dd367cc1
Event: 6.728 Thread 0x000001c7d2640880 Exception <a 'java/lang/NoSuchMethodError'{0x00000000d59dbbe0}: 'void java.lang.invoke.DirectMethodHandle$Holder.invokeSpecial(java.lang.Object, java.lang.Object, java.lang.Object)'> (0x00000000d59dbbe0) 
thrown [s\src\hotspot\share\interpreter\linkResolver.cpp, line 773]

ZGC Phase Switch (0 events):
No events

VM Operations (16 events):
Event: 0.357 Executing VM operation: HandshakeAllThreads (Deoptimize)
Event: 0.357 Executing VM operation: HandshakeAllThreads (Deoptimize) done
Event: 0.569 Executing VM operation: HandshakeAllThreads (Deoptimize)
Event: 0.569 Executing VM operation: HandshakeAllThreads (Deoptimize) done
Event: 1.574 Executing VM operation: Cleanup
Event: 2.299 Executing VM operation: Cleanup done
Event: 3.341 Executing VM operation: HandshakeAllThreads (Deoptimize)
Event: 3.341 Executing VM operation: HandshakeAllThreads (Deoptimize) done
Event: 4.342 Executing VM operation: Cleanup
Event: 4.528 Executing VM operation: Cleanup done
Event: 5.540 Executing VM operation: Cleanup
Event: 5.541 Executing VM operation: Cleanup done
Event: 6.015 Executing VM operation: ParallelGCFailedAllocation (Allocation Failure)
Event: 6.036 Executing VM operation: ParallelGCFailedAllocation (Allocation Failure) done
Event: 7.043 Executing VM operation: Cleanup
Event: 7.043 Executing VM operation: Cleanup done

Memory protections (0 events):
No events

Nmethod flushes (0 events):
No events

Events (11 events):
Event: 0.211 Thread 0x000001c7d2640880 Thread added: 0x000001c7d2640880
Event: 0.279 Thread 0x000001c7d2640880 Thread added: 0x000001c7d26f1010
Event: 0.279 Thread 0x000001c7d2640880 Thread added: 0x000001c7d26f83c0
Event: 0.282 Thread 0x000001c7d2640880 Thread added: 0x000001c7d26fa880
Event: 0.282 Thread 0x000001c7d2640880 Thread added: 0x000001c7d26fe6d0
Event: 0.282 Thread 0x000001c7d2640880 Thread added: 0x000001c7d25b76a0
Event: 0.282 Thread 0x000001c7d2640880 Thread added: 0x000001c7d25bb5c0
Event: 0.284 Thread 0x000001c7d2640880 Thread added: 0x000001c7d25c5690
Event: 0.284 Thread 0x000001c7d2640880 Thread added: 0x000001c7d25c92b0
Event: 0.433 Thread 0x000001c7d2640880 Thread added: 0x000001c7eaa7b110
Event: 1.011 Thread 0x000001c7d2640880 Thread added: 0x000001c7eabca400


Dynamic libraries:
0x00007ff60b660000 - 0x00007ff60b66e000 	c:\Users\hounk\.vscode\extensions\redhat.java-1.51.0-win32-x64\jre\21.0.9-win32-x86_64\bin\java.exe
0x00007ff802580000 - 0x00007ff8027e8000 	C:\WINDOWS\SYSTEM32\ntdll.dll
0x00007ff801ec0000 - 0x00007ff801f89000 	C:\WINDOWS\System32\KERNEL32.DLL
0x00007fffff160000 - 0x00007fffff551000 	C:\WINDOWS\System32\KERNELBASE.dll
0x00007ff8001d0000 - 0x00007ff80031b000 	C:\WINDOWS\System32\ucrtbase.dll
0x00007fffd3480000 - 0x00007fffd3498000 	c:\Users\hounk\.vscode\extensions\redhat.java-1.51.0-win32-x64\jre\21.0.9-win32-x86_64\bin\jli.dll
0x00007fffd3dd0000 - 0x00007fffd3dee000 	c:\Users\hounk\.vscode\extensions\redhat.java-1.51.0-win32-x64\jre\21.0.9-win32-x86_64\bin\VCRUNTIME140.dll
0x00007ff802320000 - 0x00007ff8024e6000 	C:\WINDOWS\System32\USER32.dll
0x00007ff8001a0000 - 0x00007ff8001c7000 	C:\WINDOWS\System32\win32u.dll
0x00007ff800850000 - 0x00007ff80087b000 	C:\WINDOWS\System32\GDI32.dll
0x00007ffffefa0000 - 0x00007fffff0cb000 	C:\WINDOWS\System32\gdi32full.dll
0x00007ffffff40000 - 0x00007ffffffe3000 	C:\WINDOWS\System32\msvcp_win.dll
0x00007fffed370000 - 0x00007fffed603000 	C:\WINDOWS\WinSxS\amd64_microsoft.windows.common-controls_6595b64144ccf1df_6.0.26100.7653_none_3e0b88a0e3318624\COMCTL32.dll
0x00007ff8020e0000 - 0x00007ff802189000 	C:\WINDOWS\System32\msvcrt.dll
0x00007ff800dd0000 - 0x00007ff800e01000 	C:\WINDOWS\System32\IMM32.DLL
0x00007fffbbae0000 - 0x00007fffbbaec000 	c:\Users\hounk\.vscode\extensions\redhat.java-1.51.0-win32-x64\jre\21.0.9-win32-x86_64\bin\vcruntime140_1.dll
0x00007fff93d40000 - 0x00007fff93dcd000 	c:\Users\hounk\.vscode\extensions\redhat.java-1.51.0-win32-x64\jre\21.0.9-win32-x86_64\bin\msvcp140.dll
0x00007fff68a50000 - 0x00007fff697f0000 	c:\Users\hounk\.vscode\extensions\redhat.java-1.51.0-win32-x64\jre\21.0.9-win32-x86_64\bin\server\jvm.dll
0x00007ff800d10000 - 0x00007ff800dc4000 	C:\WINDOWS\System32\ADVAPI32.dll
0x00007ff802020000 - 0x00007ff8020c6000 	C:\WINDOWS\System32\sechost.dll
0x00007ff8021a0000 - 0x00007ff8022b8000 	C:\WINDOWS\System32\RPCRT4.dll
0x00007ff801310000 - 0x00007ff801384000 	C:\WINDOWS\System32\WS2_32.dll
0x00007ffffecd0000 - 0x00007ffffed2e000 	C:\WINDOWS\SYSTEM32\POWRPROF.dll
0x00007ffff3530000 - 0x00007ffff353b000 	C:\WINDOWS\SYSTEM32\VERSION.dll
0x00007ffff34f0000 - 0x00007ffff3525000 	C:\WINDOWS\SYSTEM32\WINMM.dll
0x00007ffffecb0000 - 0x00007ffffecc4000 	C:\WINDOWS\SYSTEM32\UMPDC.dll
0x00007ffffdbd0000 - 0x00007ffffdbeb000 	C:\WINDOWS\SYSTEM32\kernel.appcore.dll
0x00007fffbbb00000 - 0x00007fffbbb0a000 	c:\Users\hounk\.vscode\extensions\redhat.java-1.51.0-win32-x64\jre\21.0.9-win32-x86_64\bin\jimage.dll
0x00007ffffd0a0000 - 0x00007ffffd2e2000 	C:\WINDOWS\SYSTEM32\DBGHELP.DLL
0x00007ff8004c0000 - 0x00007ff800846000 	C:\WINDOWS\System32\combase.dll
0x00007ff800f50000 - 0x00007ff801027000 	C:\WINDOWS\System32\OLEAUT32.dll
0x00007fffed610000 - 0x00007fffed64b000 	C:\WINDOWS\SYSTEM32\dbgcore.DLL
0x00007fffff620000 - 0x00007fffff6c5000 	C:\WINDOWS\System32\bcryptPrimitives.dll
0x00007fffbbaf0000 - 0x00007fffbbaff000 	c:\Users\hounk\.vscode\extensions\redhat.java-1.51.0-win32-x64\jre\21.0.9-win32-x86_64\bin\instrument.dll
0x00007fffd3e00000 - 0x00007fffd3e20000 	c:\Users\hounk\.vscode\extensions\redhat.java-1.51.0-win32-x64\jre\21.0.9-win32-x86_64\bin\java.dll
0x00007ff8013a0000 - 0x00007ff801af1000 	C:\WINDOWS\System32\SHELL32.dll
0x00007ffffee30000 - 0x00007ffffef9a000 	C:\WINDOWS\System32\wintypes.dll
0x00007fffff6d0000 - 0x00007ffffff34000 	C:\WINDOWS\System32\windows.storage.dll
0x00007ff801db0000 - 0x00007ff801ea6000 	C:\WINDOWS\System32\SHCORE.dll
0x00007ff800e40000 - 0x00007ff800ea7000 	C:\WINDOWS\System32\shlwapi.dll
0x00007ffffed70000 - 0x00007ffffed98000 	C:\WINDOWS\SYSTEM32\profapi.dll
0x00007fff82ed0000 - 0x00007fff82ee8000 	c:\Users\hounk\.vscode\extensions\redhat.java-1.51.0-win32-x64\jre\21.0.9-win32-x86_64\bin\zip.dll
0x00007fffd3df0000 - 0x00007fffd3e00000 	C:\Users\hounk\.vscode\extensions\redhat.java-1.51.0-win32-x64\jre\21.0.9-win32-x86_64\bin\net.dll
0x00007ffff57e0000 - 0x00007ffff5907000 	C:\WINDOWS\SYSTEM32\WINHTTP.dll
0x00007ffffe140000 - 0x00007ffffe1ab000 	C:\WINDOWS\system32\mswsock.dll
0x00007fff82cb0000 - 0x00007fff82cc6000 	C:\Users\hounk\.vscode\extensions\redhat.java-1.51.0-win32-x64\jre\21.0.9-win32-x86_64\bin\nio.dll
0x00007fffbbad0000 - 0x00007fffbbae0000 	c:\Users\hounk\.vscode\extensions\redhat.java-1.51.0-win32-x64\jre\21.0.9-win32-x86_64\bin\verify.dll

JVMTI agents:
c:\Users\hounk\.vscode\extensions\redhat.java-1.51.0-win32-x64\lombok\lombok-1.18.39-4050.jar path:c:\Users\hounk\.vscode\extensions\redhat.java-1.51.0-win32-x64\jre\21.0.9-win32-x86_64\bin\instrument.dll, loaded, initialized, instrumentlib options:none

dbghelp: loaded successfully - version: 4.0.5 - missing functions: none
symbol engine: initialized successfully - sym options: 0x614 - pdb path: .;c:\Users\hounk\.vscode\extensions\redhat.java-1.51.0-win32-x64\jre\21.0.9-win32-x86_64\bin;C:\WINDOWS\SYSTEM32;C:\WINDOWS\WinSxS\amd64_microsoft.windows.common-controls_6595b64144ccf1df_6.0.26100.7653_none_3e0b88a0e3318624;c:\Users\hounk\.vscode\extensions\redhat.java-1.51.0-win32-x64\jre\21.0.9-win32-x86_64\bin\server

VM Arguments:
jvm_args: --add-modules=ALL-SYSTEM --add-opens=java.base/java.util=ALL-UNNAMED --add-opens=java.base/java.lang=ALL-UNNAMED --add-opens=java.base/sun.nio.fs=ALL-UNNAMED -Declipse.application=org.eclipse.jdt.ls.core.id1 -Dosgi.bundles.defaultStartLevel=4 -Declipse.product=org.eclipse.jdt.ls.core.product -Djava.import.generatesMetadataFilesAtProjectRoot=false -DDetectVMInstallationsJob.disabled=true -Dfile.encoding=utf8 -XX:+UseParallelGC -XX:GCTimeRatio=4 -XX:AdaptiveSizePolicyWeight=90 -Dsun.zip.disableMemoryMapping=true -Xmx2G -Xms100m -Xlog:disable -javaagent:c:\Users\hounk\.vscode\extensions\redhat.java-1.51.0-win32-x64\lombok\lombok-1.18.39-4050.jar -XX:+HeapDumpOnOutOfMemoryError -XX:HeapDumpPath=c:\Users\hounk\AppData\Roaming\Code\User\workspaceStorage\0e43c14ff81329af7692834478f51c1b\redhat.java -Daether.dependencyCollector.impl=bf 
java_command: c:\Users\hounk\.vscode\extensions\redhat.java-1.51.0-win32-x64\server\plugins\org.eclipse.equinox.launcher_1.7.100.v20251111-0406.jar -configuration c:\Users\hounk\AppData\Roaming\Code\User\globalStorage\redhat.java\1.51.0\config_win -data c:\Users\hounk\AppData\Roaming\Code\User\workspaceStorage\0e43c14ff81329af7692834478f51c1b\redhat.java\jdt_ws --pipe=\\.\pipe\lsp-3b85e172bd7f66c4e7568ff776c42a5c-sock
java_class_path (initial): c:\Users\hounk\.vscode\extensions\redhat.java-1.51.0-win32-x64\server\plugins\org.eclipse.equinox.launcher_1.7.100.v20251111-0406.jar
Launcher Type: SUN_STANDARD

[Global flags]
    uintx AdaptiveSizePolicyWeight                 = 90                                        {product} {command line}
     intx CICompilerCount                          = 4                                         {product} {ergonomic}
    uintx GCTimeRatio                              = 4                                         {product} {command line}
     bool HeapDumpOnOutOfMemoryError               = true                                   {manageable} {command line}
    ccstr HeapDumpPath                             = c:\Users\hounk\AppData\Roaming\Code\User\workspaceStorage\0e43c14ff81329af7692834478f51c1b\redhat.java         {manageable} {command line}
   size_t InitialHeapSize                          = 104857600                                 {product} {command line}
   size_t MaxHeapSize                              = 2147483648                                {product} {command line}
   size_t MaxNewSize                               = 715653120                                 {product} {ergonomic}
   size_t MinHeapDeltaBytes                        = 524288                                    {product} {ergonomic}
   size_t MinHeapSize                              = 104857600                                 {product} {command line}
   size_t NewSize                                  = 34603008                                  {product} {ergonomic}
    uintx NonNMethodCodeHeapSize                   = 5839372                                {pd product} {ergonomic}
    uintx NonProfiledCodeHeapSize                  = 122909434                              {pd product} {ergonomic}
   size_t OldSize                                  = 70254592                                  {product} {ergonomic}
    uintx ProfiledCodeHeapSize                     = 122909434                              {pd product} {ergonomic}
    uintx ReservedCodeCacheSize                    = 251658240                              {pd product} {ergonomic}
     bool SegmentedCodeCache                       = true                                      {product} {ergonomic}
   size_t SoftMaxHeapSize                          = 2147483648                             {manageable} {ergonomic}
     bool UseCompressedOops                        = true                           {product lp64_product} {ergonomic}
     bool UseLargePagesIndividualAllocation        = false                                  {pd product} {ergonomic}
     bool UseParallelGC                            = true                                      {product} {command line}

Logging:
Log output configuration:
 #0: stdout all=off uptime,level,tags foldmultilines=false
 #1: stderr all=off uptime,level,tags foldmultilines=false

Release file:
JAVA_VERSION="21.0.9" 
MODULES="java.base java.compiler java.datatransfer java.xml java.prefs java.desktop java.instrument java.logging java.management java.security.sasl java.naming java.rmi java.management.rmi java.net.http java.scripting java.security.jgss java.transaction.xa java.sql java.sql.rowset java.xml.crypto java.se java.smartcardio jdk.accessibility jdk.internal.jvmstat jdk.attach jdk.charsets jdk.internal.opt jdk.zipfs jdk.compiler jdk.crypto.ec jdk.crypto.cryptoki jdk.crypto.mscapi jdk.dynalink jdk.internal.ed jdk.editpad jdk.hotspot.agent jdk.httpserver jdk.internal.le jdk.internal.vm.ci jdk.internal.vm.compiler jdk.internal.vm.compiler.management jdk.jartool jdk.javadoc jdk.jcmd jdk.management jdk.management.agent jdk.jconsole jdk.jdeps jdk.jdwp.agent jdk.jdi jdk.jfr jdk.jshell jdk.jsobject jdk.jstatd jdk.localedata jdk.management.jfr jdk.naming.dns jdk.naming.rmi jdk.net jdk.nio.mapmode jdk.random jdk.sctp jdk.security.auth jdk.security.jgss jdk.unsupported jdk.unsupported.desktop jdk.xml.dom" 

Environment Variables:
JAVA_HOME=C:\Program Files\java\jdk-17
PATH=C:\Program Files\Common Files\Oracle\Java\javapath;C:\Python314\Scripts\;C:\Python314\;C:\WINDOWS\system32;C:\WINDOWS;C:\WINDOWS\System32\Wbem;C:\WINDOWS\System32\WindowsPowerShell\v1.0\;C:\WINDOWS\System32\OpenSSH\;C:\Program Files\Git\cmd;C:\composer;C:\Users\hounk\AppData\Local\Programs\Python\Python313;C:\symfony-cli_windows_amd64;C:\Program Files\PostgreSQL\17\bin;C:\Program Files\Microsoft SQL Server\150\Tools\Binn\;C:\Program Files\Microsoft SQL Server\Client SDK\ODBC\170\Tools\Binn\;C:\Program Files\dotnet\;C:\Program Files (x86)\Windows Kits\10\Windows Performance Toolkit\;C:\Program Files (x86)\Microsoft SQL Server\160\DTS\Binn\;C:\Program Files\nodejs\;C:\ProgramData\chocolatey\bin;C:\Program Files\MySQL\MySQL Workbench 8.0;C:\Program Files (x86)\Microsoft SQL Server\160\Tools\Binn\;C:\Program Files\Microsoft SQL Server\160\Tools\Binn\;C:\Program Files\Microsoft SQL Server\160\DTS\Binn\;C:\msys64\ucrt64\bin;C:\Android\platform-tools;C:\Users\hounk\AppData\Local\Programs\Python\Launcher\;C:\Users\hounk\AppData\Local\Microsoft\WindowsApps;C:\Users\hounk\AppData\Local\Programs\Microsoft VS Code\bin;C:\Users\hounk\AppData\Local\GitHubDesktop\bin;C:\wamp64\bin\php\php8.3.14;C:\Users\hounk\AppData\Roaming\Composer\vendor\bin;C:\Users\hounk\AppData\Local\Programs\Python\Python313;C:\Users\hounk\AppData\Local\Programs\Python\Python313\Scripts\;C:\Mobiles_Apps\flutter\bin;C:\Users\hounk\.dotnet\tools;C:\Users\hounk\AppData\Roaming\npm;C:\Program Files\MySQL\MySQL Workbench 8.0;C:\Program Files\java\jdk-17\bin;C:\msys64\ucrt64\bin;C:\Android\platform-tools;C:\Program Files\JetBrains\IntelliJ IDEA 2025.3.1.1\bin;C:\Users\hounk\AppData\Local\Pub\Cache\bin;
USERNAME=hounk
OS=Windows_NT
PROCESSOR_IDENTIFIER=AMD64 Family 23 Model 24 Stepping 1, AuthenticAMD
TMP=C:\Users\hounk\AppData\Local\Temp
TEMP=C:\Users\hounk\AppData\Local\Temp




Periodic native trim disabled

---------------  S Y S T E M  ---------------

OS:
 Windows 11 , 64 bit Build 26100 (10.0.26100.7653)
OS uptime: 0 days 0:17 hours

CPU: total 8 (initial active 8) (8 cores per cpu, 2 threads per core) family 23 model 24 stepping 1 microcode 0x8108102, cx8, cmov, fxsr, ht, mmx, 3dnowpref, sse, sse2, sse3, ssse3, sse4a, sse4.1, sse4.2, popcnt, lzcnt, tsc, tscinvbit, avx, avx2, aes, clmul, bmi1, bmi2, adx, sha, fma, vzeroupper, clflush, clflushopt, rdtscp, f16c
Processor Information for the first 8 processors :
  Max Mhz: 2100, Current Mhz: 2100, Mhz Limit: 2100

Memory: 4k page, system-wide physical 3461M (282M free)
TotalPageFile size 14213M (AvailPageFile size 1M)
current process WorkingSet (physical memory assigned to process): 82M, peak: 82M
current process commit charge ("private bytes"): 233M, peak: 234M

vm_info: OpenJDK 64-Bit Server VM (21.0.9+10-LTS) for windows-amd64 JRE (21.0.9+10-LTS), built on 2025-10-21T00:00:00Z by "admin" with unknown MS VC++:1942

END.
