#
# There is insufficient memory for the Java Runtime Environment to continue.
# Native memory allocation (malloc) failed to allocate 1480016 bytes. Error detail: Chunk::new
# Possible reasons:
#   The system is out of physical RAM or swap space
#   This process is running with CompressedOops enabled, and the Java Heap may be blocking the growth of the native heap
# Possible solutions:
#   Reduce memory load on the system
#   Increase physical memory or swap space
#   Check if swap backing store is full
#   Decrease Java heap size (-Xmx/-Xms)
#   Decrease number of Java threads
#   Decrease Java thread stack sizes (-Xss)
#   Set larger code cache with -XX:ReservedCodeCacheSize=
#   JVM is running with Unscaled Compressed Oops mode in which the Java heap is
#     placed in the first 4GB address space. The Java Heap base address is the
#     maximum limit for the native heap growth. Please use -XX:HeapBaseMinAddress
#     to set the Java Heap base and to place the Java Heap above 4GB virtual address.
# This output file may be truncated or incomplete.
#
#  Out of Memory Error (arena.cpp:168), pid=15724, tid=15908
#
# JRE version: OpenJDK Runtime Environment Temurin-21.0.9+10 (21.0.9+10) (build 21.0.9+10-LTS)
# Java VM: OpenJDK 64-Bit Server VM Temurin-21.0.9+10 (21.0.9+10-LTS, mixed mode, sharing, tiered, compressed oops, compressed class ptrs, parallel gc, windows-amd64)
# No core dump will be written. Minidumps are not enabled by default on client versions of Windows
#

---------------  S U M M A R Y ------------

Command Line: --add-modules=ALL-SYSTEM --add-opens=java.base/java.util=ALL-UNNAMED --add-opens=java.base/java.lang=ALL-UNNAMED --add-opens=java.base/sun.nio.fs=ALL-UNNAMED -Declipse.application=org.eclipse.jdt.ls.core.id1 -Dosgi.bundles.defaultStartLevel=4 -Declipse.product=org.eclipse.jdt.ls.core.product -Djava.import.generatesMetadataFilesAtProjectRoot=false -DDetectVMInstallationsJob.disabled=true -Dfile.encoding=utf8 -XX:+UseParallelGC -XX:GCTimeRatio=4 -XX:AdaptiveSizePolicyWeight=90 -Dsun.zip.disableMemoryMapping=true -Xmx2G -Xms100m -Xlog:disable -javaagent:c:\Users\hounk\.vscode\extensions\redhat.java-1.51.0-win32-x64\lombok\lombok-1.18.39-4050.jar -XX:+HeapDumpOnOutOfMemoryError -XX:HeapDumpPath=c:\Users\hounk\AppData\Roaming\Code\User\workspaceStorage\0e43c14ff81329af7692834478f51c1b\redhat.java -Daether.dependencyCollector.impl=bf c:\Users\hounk\.vscode\extensions\redhat.java-1.51.0-win32-x64\server\plugins\org.eclipse.equinox.launcher_1.7.100.v20251111-0406.jar -configuration c:\Users\hounk\AppData\Roaming\Code\User\globalStorage\redhat.java\1.51.0\config_win -data c:\Users\hounk\AppData\Roaming\Code\User\workspaceStorage\0e43c14ff81329af7692834478f51c1b\redhat.java\jdt_ws --pipe=\\.\pipe\lsp-9bf8041d72236bb022025e79d981a642-sock

Host: AMD Ryzen 5 3500U with Radeon Vega Mobile Gfx  , 8 cores, 3G,  Windows 11 , 64 bit Build 26100 (10.0.26100.7653)
Time: Sun Jan 25 20:20:30 2026 Greenwich Standard Time elapsed time: 373.807967 seconds (0d 0h 6m 13s)

---------------  T H R E A D  ---------------

Current thread (0x00000255fa4743f0):  JavaThread "C2 CompilerThread0" daemon [_thread_in_native, id=15908, stack(0x0000006c0c900000,0x0000006c0ca00000) (1024K)]


Current CompileTask:
C2:373808 12279   !   4       org.eclipse.osgi.internal.loader.classpath.ClasspathManager::findClassImpl (328 bytes)

Stack: [0x0000006c0c900000,0x0000006c0ca00000]
Native frames: (J=compiled Java code, j=interpreted, Vv=VM code, C=native code)
V  [jvm.dll+0x6d6e29]
V  [jvm.dll+0x8b4b76]
V  [jvm.dll+0x8b712e]
V  [jvm.dll+0x8b7813]
V  [jvm.dll+0x283d86]
V  [jvm.dll+0xc66ed]
V  [jvm.dll+0xc6c31]
V  [jvm.dll+0x3be501]
V  [jvm.dll+0x38ab92]
V  [jvm.dll+0x389fda]
V  [jvm.dll+0x24bfa0]
V  [jvm.dll+0x24b580]
V  [jvm.dll+0x1cb13e]
V  [jvm.dll+0x25b29d]
V  [jvm.dll+0x25982a]
V  [jvm.dll+0x3f7ea6]
V  [jvm.dll+0x85e9ad]
V  [jvm.dll+0x6d565d]
C  [ucrtbase.dll+0x37b0]
C  [KERNEL32.DLL+0x2e8d7]
C  [ntdll.dll+0x8c40c]


---------------  P R O C E S S  ---------------

Threads class SMR info:
_java_thread_list=0x00000255d84acc20, length=57, elements={
0x00000255fa4f03c0, 0x00000255fa455d40, 0x00000255fa45d240, 0x00000255fa463ac0,
0x00000255fa464710, 0x00000255fa467170, 0x00000255fa467bc0, 0x00000255fa4743f0,
0x00000255fa486bb0, 0x00000255ff856d80, 0x00000255ffa46ad0, 0x00000255d852f310,
0x00000255ff965140, 0x00000255d82392a0, 0x00000255d8d02610, 0x00000255d89cfed0,
0x00000255d8f20950, 0x00000255d8b7dd80, 0x00000255d8b7eaa0, 0x00000255d8b7d6f0,
0x00000255d8b7f130, 0x00000255d8b7f7c0, 0x00000255d8b7fe50, 0x00000255db2c2360,
0x00000255db2c29f0, 0x00000255db2c3080, 0x00000255db2c3da0, 0x00000255db2c4430,
0x00000255db2c4ac0, 0x00000255db2c1640, 0x00000255db2c7220, 0x00000255db2c5150,
0x00000255db2c78b0, 0x00000255db2c7f40, 0x00000255db2c5e70, 0x00000255db2c6b90,
0x00000255db2c85d0, 0x00000255db38ff60, 0x00000255db38e520, 0x00000255db3905f0,
0x00000255db38f240, 0x00000255db38d800, 0x00000255db392030, 0x00000255db38f8d0,
0x00000255db3926c0, 0x00000255db394100, 0x00000255db3919a0, 0x00000255db393a70,
0x00000255db390c80, 0x00000255db394790, 0x00000255db391310, 0x00000255da656b20,
0x00000255da658bf0, 0x00000255da659fa0, 0x00000255da658560, 0x00000255da659280,
0x00000255da659910
}

Java Threads: ( => current thread )
  0x00000255fa4f03c0 JavaThread "main"                              [_thread_blocked, id=15756, stack(0x0000006c0bf00000,0x0000006c0c000000) (1024K)]
  0x00000255fa455d40 JavaThread "Reference Handler"          daemon [_thread_blocked, id=15860, stack(0x0000006c0c300000,0x0000006c0c400000) (1024K)]
  0x00000255fa45d240 JavaThread "Finalizer"                  daemon [_thread_blocked, id=15864, stack(0x0000006c0c400000,0x0000006c0c500000) (1024K)]
  0x00000255fa463ac0 JavaThread "Signal Dispatcher"          daemon [_thread_blocked, id=15876, stack(0x0000006c0c500000,0x0000006c0c600000) (1024K)]
  0x00000255fa464710 JavaThread "Attach Listener"            daemon [_thread_blocked, id=15880, stack(0x0000006c0c600000,0x0000006c0c700000) (1024K)]
  0x00000255fa467170 JavaThread "Service Thread"             daemon [_thread_blocked, id=15884, stack(0x0000006c0c700000,0x0000006c0c800000) (1024K)]
  0x00000255fa467bc0 JavaThread "Monitor Deflation Thread"   daemon [_thread_blocked, id=15888, stack(0x0000006c0c800000,0x0000006c0c900000) (1024K)]
=>0x00000255fa4743f0 JavaThread "C2 CompilerThread0"         daemon [_thread_in_native, id=15908, stack(0x0000006c0c900000,0x0000006c0ca00000) (1024K)]
  0x00000255fa486bb0 JavaThread "C1 CompilerThread0"         daemon [_thread_blocked, id=15916, stack(0x0000006c0ca00000,0x0000006c0cb00000) (1024K)]
  0x00000255ff856d80 JavaThread "Common-Cleaner"             daemon [_thread_blocked, id=16028, stack(0x0000006c0cb00000,0x0000006c0cc00000) (1024K)]
  0x00000255ffa46ad0 JavaThread "Notification Thread"        daemon [_thread_blocked, id=16200, stack(0x0000006c0cc00000,0x0000006c0cd00000) (1024K)]
  0x00000255d852f310 JavaThread "Active Thread: Equinox Container: d7e34722-39be-4fb6-af89-07baaab6c6f5"        [_thread_blocked, id=15304, stack(0x0000006c0d300000,0x0000006c0d400000) (1024K)]
  0x00000255ff965140 JavaThread "Refresh Thread: Equinox Container: d7e34722-39be-4fb6-af89-07baaab6c6f5" daemon [_thread_blocked, id=16064, stack(0x0000006c0bc00000,0x0000006c0bd00000) (1024K)]
  0x00000255d82392a0 JavaThread "Framework Event Dispatcher: Equinox Container: d7e34722-39be-4fb6-af89-07baaab6c6f5" daemon [_thread_blocked, id=13652, stack(0x0000006c0bd00000,0x0000006c0be00000) (1024K)]
  0x00000255d8d02610 JavaThread "Start Level: Equinox Container: d7e34722-39be-4fb6-af89-07baaab6c6f5" daemon [_thread_blocked, id=17100, stack(0x0000006c0d600000,0x0000006c0d700000) (1024K)]
  0x00000255d89cfed0 JavaThread "Bundle File Closer"         daemon [_thread_blocked, id=11096, stack(0x0000006c0d500000,0x0000006c0d600000) (1024K)]
  0x00000255d8f20950 JavaThread "SCR Component Actor"        daemon [_thread_blocked, id=7976, stack(0x0000006c0d700000,0x0000006c0d800000) (1024K)]
  0x00000255d8b7dd80 JavaThread "Worker-JM"                         [_thread_blocked, id=15148, stack(0x0000006c0be00000,0x0000006c0bf00000) (1024K)]
  0x00000255d8b7eaa0 JavaThread "JNA Cleaner"                daemon [_thread_blocked, id=8568, stack(0x0000006c0d900000,0x0000006c0da00000) (1024K)]
  0x00000255d8b7d6f0 JavaThread "Worker-0"                          [_thread_blocked, id=18400, stack(0x0000006c0da00000,0x0000006c0db00000) (1024K)]
  0x00000255d8b7f130 JavaThread "Worker-3: Building"                [_thread_in_native, id=18760, stack(0x0000006c0de00000,0x0000006c0df00000) (1024K)]
  0x00000255d8b7f7c0 JavaThread "Java indexing"              daemon [_thread_blocked, id=18892, stack(0x0000006c0df00000,0x0000006c0e000000) (1024K)]
  0x00000255d8b7fe50 JavaThread "Worker-4"                          [_thread_blocked, id=18932, stack(0x0000006c0e000000,0x0000006c0e100000) (1024K)]
  0x00000255db2c2360 JavaThread "Thread-1"                   daemon [_thread_in_native, id=18964, stack(0x0000006c0e400000,0x0000006c0e500000) (1024K)]
  0x00000255db2c29f0 JavaThread "Thread-2"                   daemon [_thread_in_native, id=18968, stack(0x0000006c0e500000,0x0000006c0e600000) (1024K)]
  0x00000255db2c3080 JavaThread "Thread-3"                   daemon [_thread_in_native, id=18972, stack(0x0000006c0e600000,0x0000006c0e700000) (1024K)]
  0x00000255db2c3da0 JavaThread "Thread-4"                   daemon [_thread_in_native, id=18980, stack(0x0000006c0e700000,0x0000006c0e800000) (1024K)]
  0x00000255db2c4430 JavaThread "Thread-5"                   daemon [_thread_in_native, id=18984, stack(0x0000006c0e800000,0x0000006c0e900000) (1024K)]
  0x00000255db2c4ac0 JavaThread "Thread-6"                   daemon [_thread_in_native, id=18988, stack(0x0000006c0e900000,0x0000006c0ea00000) (1024K)]
  0x00000255db2c1640 JavaThread "Thread-7"                   daemon [_thread_in_native, id=18992, stack(0x0000006c0ea00000,0x0000006c0eb00000) (1024K)]
  0x00000255db2c7220 JavaThread "Thread-8"                   daemon [_thread_in_native, id=18996, stack(0x0000006c0eb00000,0x0000006c0ec00000) (1024K)]
  0x00000255db2c5150 JavaThread "Thread-9"                   daemon [_thread_in_native, id=19000, stack(0x0000006c0ec00000,0x0000006c0ed00000) (1024K)]
  0x00000255db2c78b0 JavaThread "pool-2-thread-1"                   [_thread_blocked, id=19008, stack(0x0000006c0ed00000,0x0000006c0ee00000) (1024K)]
  0x00000255db2c7f40 JavaThread "WorkspaceEventsHandler"            [_thread_blocked, id=19040, stack(0x0000006c0f000000,0x0000006c0f100000) (1024K)]
  0x00000255db2c5e70 JavaThread "pool-1-thread-1"                   [_thread_blocked, id=19044, stack(0x0000006c0f100000,0x0000006c0f200000) (1024K)]
  0x00000255db2c6b90 JavaThread "ForkJoinPool.commonPool-worker-2" daemon [_thread_blocked, id=19152, stack(0x0000006c0f300000,0x0000006c0f400000) (1024K)]
  0x00000255db2c85d0 JavaThread "ForkJoinPool.commonPool-worker-3" daemon [_thread_blocked, id=19156, stack(0x0000006c0f400000,0x0000006c0f500000) (1024K)]
  0x00000255db38ff60 JavaThread "ForkJoinPool.commonPool-worker-5" daemon [_thread_blocked, id=19168, stack(0x0000006c0f700000,0x0000006c0f800000) (1024K)]
  0x00000255db38e520 JavaThread "ForkJoinPool.commonPool-worker-7" daemon [_thread_blocked, id=19172, stack(0x0000006c0f800000,0x0000006c0f900000) (1024K)]
  0x00000255db3905f0 JavaThread "LocalFile Deleter"          daemon [_thread_blocked, id=19192, stack(0x0000006c0fb00000,0x0000006c0fc00000) (1024K)]
  0x00000255db38f240 JavaThread "LocalFile Deleter"          daemon [_thread_blocked, id=19196, stack(0x0000006c0fc00000,0x0000006c0fd00000) (1024K)]
  0x00000255db38d800 JavaThread "LocalFile Deleter"          daemon [_thread_blocked, id=19200, stack(0x0000006c0fd00000,0x0000006c0fe00000) (1024K)]
  0x00000255db392030 JavaThread "LocalFile Deleter"          daemon [_thread_blocked, id=19204, stack(0x0000006c0fe00000,0x0000006c0ff00000) (1024K)]
  0x00000255db38f8d0 JavaThread "LocalFile Deleter"          daemon [_thread_blocked, id=19208, stack(0x0000006c0ff00000,0x0000006c10000000) (1024K)]
  0x00000255db3926c0 JavaThread "LocalFile Deleter"          daemon [_thread_blocked, id=19212, stack(0x0000006c10000000,0x0000006c10100000) (1024K)]
  0x00000255db394100 JavaThread "Compiler Source File Reader" daemon [_thread_blocked, id=19244, stack(0x0000006c10100000,0x0000006c10200000) (1024K)]
  0x00000255db3919a0 JavaThread "Compiler Source File Reader" daemon [_thread_blocked, id=19248, stack(0x0000006c10200000,0x0000006c10300000) (1024K)]
  0x00000255db393a70 JavaThread "Compiler Source File Reader" daemon [_thread_blocked, id=19252, stack(0x0000006c10300000,0x0000006c10400000) (1024K)]
  0x00000255db390c80 JavaThread "Compiler Source File Reader" daemon [_thread_blocked, id=19256, stack(0x0000006c10400000,0x0000006c10500000) (1024K)]
  0x00000255db394790 JavaThread "Compiler Source File Reader" daemon [_thread_blocked, id=19260, stack(0x0000006c10500000,0x0000006c10600000) (1024K)]
  0x00000255db391310 JavaThread "Compiler Source File Reader" daemon [_thread_blocked, id=19264, stack(0x0000006c10600000,0x0000006c10700000) (1024K)]
  0x00000255da656b20 JavaThread "Compiler Class File Writer" daemon [_thread_blocked, id=16920, stack(0x0000006c0ef00000,0x0000006c0f000000) (1024K)]
  0x00000255da658bf0 JavaThread "Compiler Class File Writer" daemon [_thread_blocked, id=11684, stack(0x0000006c0d800000,0x0000006c0d900000) (1024K)]
  0x00000255da659fa0 JavaThread "Compiler Class File Writer" daemon [_thread_blocked, id=3396, stack(0x0000006c10700000,0x0000006c10800000) (1024K)]
  0x00000255da658560 JavaThread "Compiler Class File Writer" daemon [_thread_blocked, id=11120, stack(0x0000006c10800000,0x0000006c10900000) (1024K)]
  0x00000255da659280 JavaThread "Compiler Class File Writer" daemon [_thread_blocked, id=10712, stack(0x0000006c10900000,0x0000006c10a00000) (1024K)]
  0x00000255da659910 JavaThread "Compiler Class File Writer" daemon [_thread_blocked, id=1348, stack(0x0000006c10a00000,0x0000006c10b00000) (1024K)]
Total: 57

Other Threads:
  0x00000255fa441d50 VMThread "VM Thread"                           [id=15808, stack(0x0000006c0c200000,0x0000006c0c300000) (1024K)]
  0x00000255fa37ca10 WatcherThread "VM Periodic Task Thread"        [id=15764, stack(0x0000006c0c100000,0x0000006c0c200000) (1024K)]
  0x00000255fa50e330 WorkerThread "GC Thread#0"                     [id=15760, stack(0x0000006c0c000000,0x0000006c0c100000) (1024K)]
  0x00000255d84d9290 WorkerThread "GC Thread#1"                     [id=15644, stack(0x0000006c0cd00000,0x0000006c0ce00000) (1024K)]
  0x00000255d84d9630 WorkerThread "GC Thread#2"                     [id=15544, stack(0x0000006c0ce00000,0x0000006c0cf00000) (1024K)]
  0x00000255d85acdf0 WorkerThread "GC Thread#3"                     [id=9388, stack(0x0000006c0cf00000,0x0000006c0d000000) (1024K)]
  0x00000255d85ad190 WorkerThread "GC Thread#4"                     [id=1312, stack(0x0000006c0d000000,0x0000006c0d100000) (1024K)]
  0x00000255d85ad530 WorkerThread "GC Thread#5"                     [id=12212, stack(0x0000006c0d100000,0x0000006c0d200000) (1024K)]
  0x00000255d85ad8d0 WorkerThread "GC Thread#6"                     [id=8348, stack(0x0000006c0d200000,0x0000006c0d300000) (1024K)]
  0x00000255ff7577e0 WorkerThread "GC Thread#7"                     [id=14612, stack(0x0000006c0d400000,0x0000006c0d500000) (1024K)]
Total: 10

Threads with active compile tasks:
C2 CompilerThread0  374034 12279   !   4       org.eclipse.osgi.internal.loader.classpath.ClasspathManager::findClassImpl (328 bytes)
Total: 1

VM state: not at safepoint (normal execution)

VM Mutex/Monitor currently owned by a thread: None

Heap address: 0x0000000080000000, size: 2048 MB, Compressed Oops mode: 32-bit

CDS archive(s) mapped at: [0x0000025593000000-0x0000025593ba0000-0x0000025593ba0000), size 12189696, SharedBaseAddress: 0x0000025593000000, ArchiveRelocationMode: 1.
Compressed class space mapped at: 0x0000025594000000-0x00000255d4000000, reserved size: 1073741824
Narrow klass base: 0x0000025593000000, Narrow klass shift: 0, Narrow klass range: 0x100000000

GC Precious Log:
 CardTable entry size: 512
 CPUs: 8 total, 8 available
 Memory: 3461M
 Large Page Support: Disabled
 NUMA Support: Disabled
 Compressed Oops: Enabled (32-bit)
 Alignments: Space 512K, Generation 512K, Heap 2M
 Heap Min Capacity: 100M
 Heap Initial Capacity: 100M
 Heap Max Capacity: 2G
 Pre-touch: Disabled
 Parallel Workers: 8

Heap:
 PSYoungGen      total 11776K, used 990K [0x00000000d5580000, 0x00000000d6200000, 0x0000000100000000)
  eden space 10752K, 3% used [0x00000000d5580000,0x00000000d55e25d0,0x00000000d6000000)
  from space 1024K, 58% used [0x00000000d6000000,0x00000000d6095430,0x00000000d6100000)
  to   space 1024K, 0% used [0x00000000d6100000,0x00000000d6100000,0x00000000d6200000)
 ParOldGen       total 72704K, used 72194K [0x0000000080000000, 0x0000000084700000, 0x00000000d5580000)
  object space 72704K, 99% used [0x0000000080000000,0x0000000084680828,0x0000000084700000)
 Metaspace       used 67699K, committed 69120K, reserved 1114112K
  class space    used 7147K, committed 7744K, reserved 1048576K

Card table byte_map: [0x00000255f9e90000,0x00000255fa2a0000] _byte_map_base: 0x00000255f9a90000

Marking Bits: (ParMarkBitMap*) 0x00007fff69712460
 Begin Bits: [0x000002558f000000, 0x0000025591000000)
 End Bits:   [0x0000025591000000, 0x0000025593000000)

Polling page: 0x00000255f81b0000

Metaspace:

Usage:
  Non-class:     59.13 MB used.
      Class:      6.98 MB used.
       Both:     66.11 MB used.

Virtual space:
  Non-class space:       64.00 MB reserved,      59.94 MB ( 94%) committed,  1 nodes.
      Class space:        1.00 GB reserved,       7.56 MB ( <1%) committed,  1 nodes.
             Both:        1.06 GB reserved,      67.50 MB (  6%) committed. 

Chunk freelists:
   Non-Class:  4.03 MB
       Class:  8.28 MB
        Both:  12.31 MB

MaxMetaspaceSize: unlimited
CompressedClassSpaceSize: 1.00 GB
Initial GC threshold: 21.00 MB
Current GC threshold: 97.31 MB
CDS: on
 - commit_granule_bytes: 65536.
 - commit_granule_words: 8192.
 - virtual_space_node_default_size: 8388608.
 - enlarge_chunks_in_place: 1.
 - use_allocation_guard: 0.


Internal statistics:

num_allocs_failed_limit: 9.
num_arena_births: 1220.
num_arena_deaths: 14.
num_vsnodes_births: 2.
num_vsnodes_deaths: 0.
num_space_committed: 1080.
num_space_uncommitted: 0.
num_chunks_returned_to_freelist: 23.
num_chunks_taken_from_freelist: 4294.
num_chunk_merges: 13.
num_chunk_splits: 2550.
num_chunks_enlarged: 1374.
num_inconsistent_stats: 0.

CodeHeap 'non-profiled nmethods': size=120000Kb used=7341Kb max_used=7341Kb free=112658Kb
 bounds [0x0000025587ad0000, 0x0000025588200000, 0x000002558f000000]
CodeHeap 'profiled nmethods': size=120000Kb used=26892Kb max_used=26892Kb free=93108Kb
 bounds [0x0000025580000000, 0x0000025581a50000, 0x0000025587530000]
CodeHeap 'non-nmethods': size=5760Kb used=1454Kb max_used=1514Kb free=4305Kb
 bounds [0x0000025587530000, 0x00000255877a0000, 0x0000025587ad0000]
CodeCache: size=245760Kb, used=35687Kb, max_used=35747Kb, free=210071Kb
 total_blobs=12201, nmethods=11439, adapters=667, full_count=0
Compilation: enabled, stopped_count=0, restarted_count=0

Compilation events (20 events):
Event: 372.701 Thread 0x00000255fa486bb0 12351       3       org.objectweb.asm.MethodWriter::putFrame (549 bytes)
Event: 372.704 Thread 0x00000255fa486bb0 nmethod 12351 0x0000025581a28010 code [0x0000025581a284a0, 0x0000025581a29ea0]
Event: 372.839 Thread 0x00000255fa486bb0 12352       3       org.eclipse.core.runtime.Path::toOSString (224 bytes)
Event: 372.840 Thread 0x00000255fa486bb0 nmethod 12352 0x0000025581a2ab10 code [0x0000025581a2ad80, 0x0000025581a2b790]
Event: 372.847 Thread 0x00000255fa486bb0 12353       3       java.io.File::<init> (47 bytes)
Event: 372.847 Thread 0x00000255fa486bb0 nmethod 12353 0x0000025581a2bc10 code [0x0000025581a2bde0, 0x0000025581a2c110]
Event: 372.847 Thread 0x00000255fa486bb0 12354       3       java.io.WinNTFileSystem::prefixLength (91 bytes)
Event: 372.849 Thread 0x00000255fa486bb0 nmethod 12354 0x0000025581a2c290 code [0x0000025581a2c5a0, 0x0000025581a2d8f0]
Event: 372.851 Thread 0x00000255fa486bb0 12356       3       org.eclipse.jdt.internal.core.JavaModel::getTarget (11 bytes)
Event: 372.854 Thread 0x00000255fa486bb0 nmethod 12356 0x0000025581a2df90 code [0x0000025581a2e160, 0x0000025581a2e3a8]
Event: 372.891 Thread 0x00000255fa486bb0 12357       3       org.eclipse.core.internal.localstore.UnifiedTree::addChildToTree (18 bytes)
Event: 372.891 Thread 0x00000255fa486bb0 nmethod 12357 0x0000025581a2e510 code [0x0000025581a2e6e0, 0x0000025581a2eaa8]
Event: 372.894 Thread 0x00000255fa486bb0 12358       1       org.eclipse.core.resources.FileInfoMatcherDescription::getId (5 bytes)
Event: 372.894 Thread 0x00000255fa486bb0 nmethod 12358 0x00000255881fad90 code [0x00000255881faf20, 0x00000255881fafe8]
Event: 372.902 Thread 0x00000255fa486bb0 12359       3       java.util.LinkedList::checkPositionIndex (22 bytes)
Event: 372.902 Thread 0x00000255fa486bb0 nmethod 12359 0x0000025581a2ec10 code [0x0000025581a2ee80, 0x0000025581a2f768]
Event: 372.906 Thread 0x00000255fa486bb0 12360       3       org.eclipse.core.internal.resources.Resource::isLocal (17 bytes)
Event: 372.906 Thread 0x00000255fa486bb0 nmethod 12360 0x0000025581a2fb10 code [0x0000025581a2fcc0, 0x0000025581a2ff00]
Event: 372.907 Thread 0x00000255fa486bb0 12361  s    3       org.eclipse.core.internal.resources.ProjectDescription::getFilter (21 bytes)
Event: 373.793 Thread 0x00000255fa486bb0 nmethod 12361 0x0000025581a30010 code [0x0000025581a301e0, 0x0000025581a30608]

GC Heap History (20 events):
Event: 356.713 GC heap before
{Heap before GC invocations=52 (full 3):
 PSYoungGen      total 11776K, used 11614K [0x00000000d5580000, 0x00000000d6380000, 0x0000000100000000)
  eden space 10752K, 99% used [0x00000000d5580000,0x00000000d5fff940,0x00000000d6000000)
  from space 1024K, 84% used [0x00000000d6280000,0x00000000d6358000,0x00000000d6380000)
  to   space 1536K, 0% used [0x00000000d6080000,0x00000000d6080000,0x00000000d6200000)
 ParOldGen       total 68608K, used 64819K [0x0000000080000000, 0x0000000084300000, 0x00000000d5580000)
  object space 68608K, 94% used [0x0000000080000000,0x0000000083f4ce68,0x0000000084300000)
 Metaspace       used 65313K, committed 66688K, reserved 1114112K
  class space    used 6924K, committed 7488K, reserved 1048576K
}
Event: 356.745 GC heap after
{Heap after GC invocations=52 (full 3):
 PSYoungGen      total 12288K, used 1216K [0x00000000d5580000, 0x00000000d6300000, 0x0000000100000000)
  eden space 10752K, 0% used [0x00000000d5580000,0x00000000d5580000,0x00000000d6000000)
  from space 1536K, 79% used [0x00000000d6080000,0x00000000d61b0000,0x00000000d6200000)
  to   space 1024K, 0% used [0x00000000d6200000,0x00000000d6200000,0x00000000d6300000)
 ParOldGen       total 68608K, used 65575K [0x0000000080000000, 0x0000000084300000, 0x00000000d5580000)
  object space 68608K, 95% used [0x0000000080000000,0x0000000084009e78,0x0000000084300000)
 Metaspace       used 65313K, committed 66688K, reserved 1114112K
  class space    used 6924K, committed 7488K, reserved 1048576K
}
Event: 358.168 GC heap before
{Heap before GC invocations=53 (full 3):
 PSYoungGen      total 12288K, used 11968K [0x00000000d5580000, 0x00000000d6300000, 0x0000000100000000)
  eden space 10752K, 100% used [0x00000000d5580000,0x00000000d6000000,0x00000000d6000000)
  from space 1536K, 79% used [0x00000000d6080000,0x00000000d61b0000,0x00000000d6200000)
  to   space 1024K, 0% used [0x00000000d6200000,0x00000000d6200000,0x00000000d6300000)
 ParOldGen       total 68608K, used 65575K [0x0000000080000000, 0x0000000084300000, 0x00000000d5580000)
  object space 68608K, 95% used [0x0000000080000000,0x0000000084009e78,0x0000000084300000)
 Metaspace       used 65602K, committed 67008K, reserved 1114112K
  class space    used 6967K, committed 7552K, reserved 1048576K
}
Event: 358.185 GC heap after
{Heap after GC invocations=53 (full 3):
 PSYoungGen      total 11776K, used 1008K [0x00000000d5580000, 0x00000000d6400000, 0x0000000100000000)
  eden space 10752K, 0% used [0x00000000d5580000,0x00000000d5580000,0x00000000d6000000)
  from space 1024K, 98% used [0x00000000d6200000,0x00000000d62fc010,0x00000000d6300000)
  to   space 2048K, 0% used [0x00000000d6000000,0x00000000d6000000,0x00000000d6200000)
 ParOldGen       total 68608K, used 66149K [0x0000000080000000, 0x0000000084300000, 0x00000000d5580000)
  object space 68608K, 96% used [0x0000000080000000,0x00000000840994f0,0x0000000084300000)
 Metaspace       used 65602K, committed 67008K, reserved 1114112K
  class space    used 6967K, committed 7552K, reserved 1048576K
}
Event: 358.658 GC heap before
{Heap before GC invocations=54 (full 3):
 PSYoungGen      total 11776K, used 11752K [0x00000000d5580000, 0x00000000d6400000, 0x0000000100000000)
  eden space 10752K, 99% used [0x00000000d5580000,0x00000000d5ffe218,0x00000000d6000000)
  from space 1024K, 98% used [0x00000000d6200000,0x00000000d62fc010,0x00000000d6300000)
  to   space 2048K, 0% used [0x00000000d6000000,0x00000000d6000000,0x00000000d6200000)
 ParOldGen       total 68608K, used 66149K [0x0000000080000000, 0x0000000084300000, 0x00000000d5580000)
  object space 68608K, 96% used [0x0000000080000000,0x00000000840994f0,0x0000000084300000)
 Metaspace       used 65691K, committed 67072K, reserved 1114112K
  class space    used 6967K, committed 7552K, reserved 1048576K
}
Event: 358.663 GC heap after
{Heap after GC invocations=54 (full 3):
 PSYoungGen      total 12288K, used 1472K [0x00000000d5580000, 0x00000000d6300000, 0x0000000100000000)
  eden space 10752K, 0% used [0x00000000d5580000,0x00000000d5580000,0x00000000d6000000)
  from space 1536K, 95% used [0x00000000d6000000,0x00000000d6170020,0x00000000d6180000)
  to   space 1536K, 0% used [0x00000000d6180000,0x00000000d6180000,0x00000000d6300000)
 ParOldGen       total 68608K, used 67076K [0x0000000080000000, 0x0000000084300000, 0x00000000d5580000)
  object space 68608K, 97% used [0x0000000080000000,0x0000000084181200,0x0000000084300000)
 Metaspace       used 65691K, committed 67072K, reserved 1114112K
  class space    used 6967K, committed 7552K, reserved 1048576K
}
Event: 359.454 GC heap before
{Heap before GC invocations=55 (full 3):
 PSYoungGen      total 12288K, used 12224K [0x00000000d5580000, 0x00000000d6300000, 0x0000000100000000)
  eden space 10752K, 100% used [0x00000000d5580000,0x00000000d6000000,0x00000000d6000000)
  from space 1536K, 95% used [0x00000000d6000000,0x00000000d6170020,0x00000000d6180000)
  to   space 1536K, 0% used [0x00000000d6180000,0x00000000d6180000,0x00000000d6300000)
 ParOldGen       total 68608K, used 67076K [0x0000000080000000, 0x0000000084300000, 0x00000000d5580000)
  object space 68608K, 97% used [0x0000000080000000,0x0000000084181200,0x0000000084300000)
 Metaspace       used 65857K, committed 67200K, reserved 1114112K
  class space    used 6967K, committed 7552K, reserved 1048576K
}
Event: 359.463 GC heap after
{Heap after GC invocations=55 (full 3):
 PSYoungGen      total 12288K, used 1216K [0x00000000d5580000, 0x00000000d6300000, 0x0000000100000000)
  eden space 10752K, 0% used [0x00000000d5580000,0x00000000d5580000,0x00000000d6000000)
  from space 1536K, 79% used [0x00000000d6180000,0x00000000d62b0000,0x00000000d6300000)
  to   space 1536K, 0% used [0x00000000d6000000,0x00000000d6000000,0x00000000d6180000)
 ParOldGen       total 68608K, used 68256K [0x0000000080000000, 0x0000000084300000, 0x00000000d5580000)
  object space 68608K, 99% used [0x0000000080000000,0x00000000842a8210,0x0000000084300000)
 Metaspace       used 65857K, committed 67200K, reserved 1114112K
  class space    used 6967K, committed 7552K, reserved 1048576K
}
Event: 361.041 GC heap before
{Heap before GC invocations=56 (full 3):
 PSYoungGen      total 12288K, used 11968K [0x00000000d5580000, 0x00000000d6300000, 0x0000000100000000)
  eden space 10752K, 100% used [0x00000000d5580000,0x00000000d6000000,0x00000000d6000000)
  from space 1536K, 79% used [0x00000000d6180000,0x00000000d62b0000,0x00000000d6300000)
  to   space 1536K, 0% used [0x00000000d6000000,0x00000000d6000000,0x00000000d6180000)
 ParOldGen       total 68608K, used 68256K [0x0000000080000000, 0x0000000084300000, 0x00000000d5580000)
  object space 68608K, 99% used [0x0000000080000000,0x00000000842a8210,0x0000000084300000)
 Metaspace       used 65934K, committed 67264K, reserved 1114112K
  class space    used 6970K, committed 7552K, reserved 1048576K
}
Event: 361.046 GC heap after
{Heap after GC invocations=56 (full 3):
 PSYoungGen      total 12288K, used 928K [0x00000000d5580000, 0x00000000d6300000, 0x0000000100000000)
  eden space 10752K, 0% used [0x00000000d5580000,0x00000000d5580000,0x00000000d6000000)
  from space 1536K, 60% used [0x00000000d6000000,0x00000000d60e8000,0x00000000d6180000)
  to   space 1536K, 0% used [0x00000000d6180000,0x00000000d6180000,0x00000000d6300000)
 ParOldGen       total 69120K, used 69021K [0x0000000080000000, 0x0000000084380000, 0x00000000d5580000)
  object space 69120K, 99% used [0x0000000080000000,0x00000000843675b8,0x0000000084380000)
 Metaspace       used 65934K, committed 67264K, reserved 1114112K
  class space    used 6970K, committed 7552K, reserved 1048576K
}
Event: 362.483 GC heap before
{Heap before GC invocations=57 (full 3):
 PSYoungGen      total 12288K, used 11680K [0x00000000d5580000, 0x00000000d6300000, 0x0000000100000000)
  eden space 10752K, 100% used [0x00000000d5580000,0x00000000d6000000,0x00000000d6000000)
  from space 1536K, 60% used [0x00000000d6000000,0x00000000d60e8000,0x00000000d6180000)
  to   space 1536K, 0% used [0x00000000d6180000,0x00000000d6180000,0x00000000d6300000)
 ParOldGen       total 69120K, used 69021K [0x0000000080000000, 0x0000000084380000, 0x00000000d5580000)
  object space 69120K, 99% used [0x0000000080000000,0x00000000843675b8,0x0000000084380000)
 Metaspace       used 66017K, committed 67328K, reserved 1114112K
  class space    used 6970K, committed 7552K, reserved 1048576K
}
Event: 362.485 GC heap after
{Heap after GC invocations=57 (full 3):
 PSYoungGen      total 11776K, used 640K [0x00000000d5580000, 0x00000000d6280000, 0x0000000100000000)
  eden space 10752K, 0% used [0x00000000d5580000,0x00000000d5580000,0x00000000d6000000)
  from space 1024K, 62% used [0x00000000d6180000,0x00000000d6220000,0x00000000d6280000)
  to   space 1024K, 0% used [0x00000000d6080000,0x00000000d6080000,0x00000000d6180000)
 ParOldGen       total 69632K, used 69501K [0x0000000080000000, 0x0000000084400000, 0x00000000d5580000)
  object space 69632K, 99% used [0x0000000080000000,0x00000000843df5b8,0x0000000084400000)
 Metaspace       used 66017K, committed 67328K, reserved 1114112K
  class space    used 6970K, committed 7552K, reserved 1048576K
}
Event: 363.527 GC heap before
{Heap before GC invocations=58 (full 3):
 PSYoungGen      total 11776K, used 11392K [0x00000000d5580000, 0x00000000d6280000, 0x0000000100000000)
  eden space 10752K, 100% used [0x00000000d5580000,0x00000000d6000000,0x00000000d6000000)
  from space 1024K, 62% used [0x00000000d6180000,0x00000000d6220000,0x00000000d6280000)
  to   space 1024K, 0% used [0x00000000d6080000,0x00000000d6080000,0x00000000d6180000)
 ParOldGen       total 69632K, used 69501K [0x0000000080000000, 0x0000000084400000, 0x00000000d5580000)
  object space 69632K, 99% used [0x0000000080000000,0x00000000843df5b8,0x0000000084400000)
 Metaspace       used 66069K, committed 67456K, reserved 1114112K
  class space    used 6970K, committed 7552K, reserved 1048576K
}
Event: 363.532 GC heap after
{Heap after GC invocations=58 (full 3):
 PSYoungGen      total 11776K, used 800K [0x00000000d5580000, 0x00000000d6200000, 0x0000000100000000)
  eden space 10752K, 0% used [0x00000000d5580000,0x00000000d5580000,0x00000000d6000000)
  from space 1024K, 78% used [0x00000000d6080000,0x00000000d6148000,0x00000000d6180000)
  to   space 512K, 0% used [0x00000000d6180000,0x00000000d6180000,0x00000000d6200000)
 ParOldGen       total 70144K, used 69989K [0x0000000080000000, 0x0000000084480000, 0x00000000d5580000)
  object space 70144K, 99% used [0x0000000080000000,0x00000000844595b8,0x0000000084480000)
 Metaspace       used 66069K, committed 67456K, reserved 1114112K
  class space    used 6970K, committed 7552K, reserved 1048576K
}
Event: 365.081 GC heap before
{Heap before GC invocations=59 (full 3):
 PSYoungGen      total 11776K, used 11552K [0x00000000d5580000, 0x00000000d6200000, 0x0000000100000000)
  eden space 10752K, 100% used [0x00000000d5580000,0x00000000d6000000,0x00000000d6000000)
  from space 1024K, 78% used [0x00000000d6080000,0x00000000d6148000,0x00000000d6180000)
  to   space 512K, 0% used [0x00000000d6180000,0x00000000d6180000,0x00000000d6200000)
 ParOldGen       total 70144K, used 69989K [0x0000000080000000, 0x0000000084480000, 0x00000000d5580000)
  object space 70144K, 99% used [0x0000000080000000,0x00000000844595b8,0x0000000084480000)
 Metaspace       used 66200K, committed 67584K, reserved 1114112K
  class space    used 6973K, committed 7552K, reserved 1048576K
}
Event: 365.084 GC heap after
{Heap after GC invocations=59 (full 3):
 PSYoungGen      total 11264K, used 512K [0x00000000d5580000, 0x00000000d6200000, 0x0000000100000000)
  eden space 10752K, 0% used [0x00000000d5580000,0x00000000d5580000,0x00000000d6000000)
  from space 512K, 100% used [0x00000000d6180000,0x00000000d6200000,0x00000000d6200000)
  to   space 1024K, 0% used [0x00000000d6000000,0x00000000d6000000,0x00000000d6100000)
 ParOldGen       total 70656K, used 70405K [0x0000000080000000, 0x0000000084500000, 0x00000000d5580000)
  object space 70656K, 99% used [0x0000000080000000,0x00000000844c15b8,0x0000000084500000)
 Metaspace       used 66200K, committed 67584K, reserved 1114112K
  class space    used 6973K, committed 7552K, reserved 1048576K
}
Event: 369.283 GC heap before
{Heap before GC invocations=60 (full 3):
 PSYoungGen      total 11264K, used 11264K [0x00000000d5580000, 0x00000000d6200000, 0x0000000100000000)
  eden space 10752K, 100% used [0x00000000d5580000,0x00000000d6000000,0x00000000d6000000)
  from space 512K, 100% used [0x00000000d6180000,0x00000000d6200000,0x00000000d6200000)
  to   space 1024K, 0% used [0x00000000d6000000,0x00000000d6000000,0x00000000d6100000)
 ParOldGen       total 70656K, used 70405K [0x0000000080000000, 0x0000000084500000, 0x00000000d5580000)
  object space 70656K, 99% used [0x0000000080000000,0x00000000844c15b8,0x0000000084500000)
 Metaspace       used 66670K, committed 68032K, reserved 1114112K
  class space    used 7036K, committed 7616K, reserved 1048576K
}
Event: 369.290 GC heap after
{Heap after GC invocations=60 (full 3):
 PSYoungGen      total 11776K, used 928K [0x00000000d5580000, 0x00000000d6200000, 0x0000000100000000)
  eden space 10752K, 0% used [0x00000000d5580000,0x00000000d5580000,0x00000000d6000000)
  from space 1024K, 90% used [0x00000000d6000000,0x00000000d60e8000,0x00000000d6100000)
  to   space 1024K, 0% used [0x00000000d6100000,0x00000000d6100000,0x00000000d6200000)
 ParOldGen       total 71168K, used 70941K [0x0000000080000000, 0x0000000084580000, 0x00000000d5580000)
  object space 71168K, 99% used [0x0000000080000000,0x00000000845475b8,0x0000000084580000)
 Metaspace       used 66670K, committed 68032K, reserved 1114112K
  class space    used 7036K, committed 7616K, reserved 1048576K
}
Event: 370.557 GC heap before
{Heap before GC invocations=61 (full 3):
 PSYoungGen      total 11776K, used 11680K [0x00000000d5580000, 0x00000000d6200000, 0x0000000100000000)
  eden space 10752K, 100% used [0x00000000d5580000,0x00000000d6000000,0x00000000d6000000)
  from space 1024K, 90% used [0x00000000d6000000,0x00000000d60e8000,0x00000000d6100000)
  to   space 1024K, 0% used [0x00000000d6100000,0x00000000d6100000,0x00000000d6200000)
 ParOldGen       total 71168K, used 70941K [0x0000000080000000, 0x0000000084580000, 0x00000000d5580000)
  object space 71168K, 99% used [0x0000000080000000,0x00000000845475b8,0x0000000084580000)
 Metaspace       used 66916K, committed 68288K, reserved 1114112K
  class space    used 7068K, committed 7680K, reserved 1048576K
}
Event: 370.561 GC heap after
{Heap after GC invocations=61 (full 3):
 PSYoungGen      total 11776K, used 736K [0x00000000d5580000, 0x00000000d6200000, 0x0000000100000000)
  eden space 10752K, 0% used [0x00000000d5580000,0x00000000d5580000,0x00000000d6000000)
  from space 1024K, 71% used [0x00000000d6100000,0x00000000d61b8000,0x00000000d6200000)
  to   space 1024K, 0% used [0x00000000d6000000,0x00000000d6000000,0x00000000d6100000)
 ParOldGen       total 71680K, used 71602K [0x0000000080000000, 0x0000000084600000, 0x00000000d5580000)
  object space 71680K, 99% used [0x0000000080000000,0x00000000845ec828,0x0000000084600000)
 Metaspace       used 66916K, committed 68288K, reserved 1114112K
  class space    used 7068K, committed 7680K, reserved 1048576K
}

Dll operation events (12 events):
Event: 0.037 Loaded shared library c:\Users\hounk\.vscode\extensions\redhat.java-1.51.0-win32-x64\jre\21.0.9-win32-x86_64\bin\java.dll
Event: 1.264 Loaded shared library c:\Users\hounk\.vscode\extensions\redhat.java-1.51.0-win32-x64\jre\21.0.9-win32-x86_64\bin\zip.dll
Event: 3.369 Loaded shared library C:\Users\hounk\.vscode\extensions\redhat.java-1.51.0-win32-x64\jre\21.0.9-win32-x86_64\bin\instrument.dll
Event: 3.774 Loaded shared library C:\Users\hounk\.vscode\extensions\redhat.java-1.51.0-win32-x64\jre\21.0.9-win32-x86_64\bin\net.dll
Event: 4.010 Loaded shared library C:\Users\hounk\.vscode\extensions\redhat.java-1.51.0-win32-x64\jre\21.0.9-win32-x86_64\bin\nio.dll
Event: 4.030 Loaded shared library C:\Users\hounk\.vscode\extensions\redhat.java-1.51.0-win32-x64\jre\21.0.9-win32-x86_64\bin\zip.dll
Event: 4.168 Loaded shared library C:\Users\hounk\.vscode\extensions\redhat.java-1.51.0-win32-x64\jre\21.0.9-win32-x86_64\bin\jimage.dll
Event: 5.055 Loaded shared library c:\Users\hounk\.vscode\extensions\redhat.java-1.51.0-win32-x64\jre\21.0.9-win32-x86_64\bin\verify.dll
Event: 92.659 Loaded shared library C:\Users\hounk\AppData\Roaming\Code\User\globalStorage\redhat.java\1.51.0\config_win\org.eclipse.equinox.launcher\org.eclipse.equinox.launcher.win32.win32.x86_64_1.2.1400.v20250801-0854\eclipse_11916.dll
Event: 171.253 Loaded shared library C:\Users\hounk\AppData\Local\Temp\jna-99468939\jna3296337208051953386.dll
Event: 187.888 Loaded shared library C:\Users\hounk\.vscode\extensions\redhat.java-1.51.0-win32-x64\jre\21.0.9-win32-x86_64\bin\sunmscapi.dll
Event: 188.589 Loaded shared library C:\Users\hounk\.vscode\extensions\redhat.java-1.51.0-win32-x64\jre\21.0.9-win32-x86_64\bin\extnet.dll

Deoptimization events (20 events):
Event: 370.543 Thread 0x00000255d8b7f130 DEOPT PACKING pc=0x0000025587bdb4a0 sp=0x0000006c0defbad0
Event: 370.543 Thread 0x00000255d8b7f130 DEOPT UNPACKING pc=0x0000025587583aa2 sp=0x0000006c0defb9d0 mode 2
Event: 371.368 Thread 0x00000255d8b7f130 DEOPT PACKING pc=0x00000255819f303c sp=0x0000006c0defb7a0
Event: 371.368 Thread 0x00000255d8b7f130 DEOPT UNPACKING pc=0x0000025587584242 sp=0x0000006c0defacc0 mode 0
Event: 371.406 Thread 0x00000255d8b7f130 Uncommon trap: trap_request=0xffffff45 fr.pc=0x0000025587e80ab8 relative=0x0000000000000f58
Event: 371.406 Thread 0x00000255d8b7f130 Uncommon trap: reason=unstable_if action=reinterpret pc=0x0000025587e80ab8 method=org.eclipse.core.runtime.Path.toOSString()Ljava/lang/String; @ 6 c2
Event: 371.406 Thread 0x00000255d8b7f130 DEOPT PACKING pc=0x0000025587e80ab8 sp=0x0000006c0defd690
Event: 371.406 Thread 0x00000255d8b7f130 DEOPT UNPACKING pc=0x0000025587583aa2 sp=0x0000006c0defd650 mode 2
Event: 371.408 Thread 0x00000255d8b7f130 Uncommon trap: trap_request=0xffffff45 fr.pc=0x0000025587ec9050 relative=0x0000000000000590
Event: 371.408 Thread 0x00000255d8b7f130 Uncommon trap: reason=unstable_if action=reinterpret pc=0x0000025587ec9050 method=java.io.WinNTFileSystem.prefixLength(Ljava/lang/String;)I @ 11 c2
Event: 371.408 Thread 0x00000255d8b7f130 DEOPT PACKING pc=0x0000025587ec9050 sp=0x0000006c0defdd40
Event: 371.408 Thread 0x00000255d8b7f130 DEOPT UNPACKING pc=0x0000025587583aa2 sp=0x0000006c0defdc80 mode 2
Event: 372.524 Thread 0x00000255d8b7f130 Uncommon trap: trap_request=0x000000ba fr.pc=0x0000025587fe9a0c relative=0x00000000000007cc
Event: 372.526 Thread 0x00000255d8b7f130 Uncommon trap: reason=unloaded action=reinterpret pc=0x0000025587fe9a0c method=sun.nio.fs.WindowsFileSystemProvider.readAttributes(Ljava/nio/file/Path;Ljava/lang/Class;[Ljava/nio/file/LinkOption;)Ljava/nio/file/attribute/BasicFileAttributes; @ 38 c2
Event: 372.526 Thread 0x00000255d8b7f130 DEOPT PACKING pc=0x0000025587fe9a0c sp=0x0000006c0defdb10
Event: 372.526 Thread 0x00000255d8b7f130 DEOPT UNPACKING pc=0x0000025587583aa2 sp=0x0000006c0defdac8 mode 2
Event: 372.590 Thread 0x00000255d8b7f130 Uncommon trap: trap_request=0xffffff45 fr.pc=0x0000025587ec83e0 relative=0x0000000000000280
Event: 372.590 Thread 0x00000255d8b7f130 Uncommon trap: reason=unstable_if action=reinterpret pc=0x0000025587ec83e0 method=java.io.WinNTFileSystem.prefixLength(Ljava/lang/String;)I @ 11 c2
Event: 372.590 Thread 0x00000255d8b7f130 DEOPT PACKING pc=0x0000025587ec83e0 sp=0x0000006c0defdce0
Event: 372.591 Thread 0x00000255d8b7f130 DEOPT UNPACKING pc=0x0000025587583aa2 sp=0x0000006c0defdc80 mode 2

Classes loaded (20 events):
Event: 247.397 Loading class java/util/stream/ReferencePipeline$4$1
Event: 247.399 Loading class java/util/stream/ReferencePipeline$4$1 done
Event: 279.175 Loading class jdk/internal/module/IllegalAccessLogger
Event: 279.212 Loading class jdk/internal/module/IllegalAccessLogger done
Event: 362.979 Loading class sun/nio/cs/ISO_8859_1$Decoder
Event: 363.000 Loading class sun/nio/cs/ISO_8859_1$Decoder done
Event: 365.889 Loading class java/util/stream/DistinctOps
Event: 365.897 Loading class java/util/stream/DistinctOps done
Event: 365.897 Loading class java/util/stream/DistinctOps$1
Event: 365.909 Loading class java/util/stream/DistinctOps$1 done
Event: 366.517 Loading class java/util/stream/DistinctOps$1$2
Event: 366.531 Loading class java/util/stream/DistinctOps$1$2 done
Event: 366.571 Loading class java/util/Collections$2
Event: 366.576 Loading class java/util/Collections$2 done
Event: 371.457 Loading class java/io/CharArrayWriter
Event: 371.459 Loading class java/io/CharArrayWriter done
Event: 372.523 Loading class java/nio/file/attribute/PosixFileAttributes
Event: 372.524 Loading class java/nio/file/attribute/PosixFileAttributes done
Event: 372.595 Loading class sun/nio/fs/WindowsFileCopy
Event: 372.597 Loading class sun/nio/fs/WindowsFileCopy done

Classes unloaded (7 events):
Event: 176.335 Thread 0x00000255fa441d50 Unloading class 0x00000255941a8800 'java/lang/invoke/LambdaForm$MH+0x00000255941a8800'
Event: 176.336 Thread 0x00000255fa441d50 Unloading class 0x00000255941a8400 'java/lang/invoke/LambdaForm$MH+0x00000255941a8400'
Event: 176.336 Thread 0x00000255fa441d50 Unloading class 0x00000255941a8000 'java/lang/invoke/LambdaForm$MH+0x00000255941a8000'
Event: 176.336 Thread 0x00000255fa441d50 Unloading class 0x00000255941a7c00 'java/lang/invoke/LambdaForm$MH+0x00000255941a7c00'
Event: 176.336 Thread 0x00000255fa441d50 Unloading class 0x00000255941a7800 'java/lang/invoke/LambdaForm$BMH+0x00000255941a7800'
Event: 176.336 Thread 0x00000255fa441d50 Unloading class 0x00000255941a7400 'java/lang/invoke/LambdaForm$DMH+0x00000255941a7400'
Event: 176.336 Thread 0x00000255fa441d50 Unloading class 0x00000255941a6400 'java/lang/invoke/LambdaForm$DMH+0x00000255941a6400'

Classes redefined (0 events):
No events

Internal exceptions (20 events):
Event: 295.856 Thread 0x00000255d8b7f130 Exception <a 'sun/nio/fs/WindowsException'{0x00000000d5b274d0}> (0x00000000d5b274d0) 
thrown [s\src\hotspot\share\prims\jni.cpp, line 520]
Event: 295.928 Thread 0x00000255d8b7f130 Exception <a 'sun/nio/fs/WindowsException'{0x00000000d5b27d78}> (0x00000000d5b27d78) 
thrown [s\src\hotspot\share\prims\jni.cpp, line 520]
Event: 340.876 Thread 0x00000255d8b7f130 Exception <a 'java/lang/NoSuchMethodError'{0x00000000d5e4aaa8}: 'void java.lang.invoke.DirectMethodHandle$Holder.invokeStatic(java.lang.Object, java.lang.Object, java.lang.Object, int)'> (0x00000000d5e4aaa8) 
thrown [s\src\hotspot\share\interpreter\linkResolver.cpp, line 773]
Event: 342.591 Thread 0x00000255d8b7f130 Exception <a 'java/lang/NoSuchMethodError'{0x00000000d5e9fb58}: 'void java.lang.invoke.DirectMethodHandle$Holder.invokeVirtual(java.lang.Object, java.lang.Object, int)'> (0x00000000d5e9fb58) 
thrown [s\src\hotspot\share\interpreter\linkResolver.cpp, line 773]
Event: 356.946 Thread 0x00000255d8b7f130 Exception <a 'java/lang/NoSuchMethodError'{0x00000000d57d2080}: 'void java.lang.invoke.DirectMethodHandle$Holder.invokeInterface(java.lang.Object, java.lang.Object)'> (0x00000000d57d2080) 
thrown [s\src\hotspot\share\interpreter\linkResolver.cpp, line 773]
Event: 357.189 Thread 0x00000255d8b7d060 Exception <a 'java/lang/NoSuchMethodError'{0x00000000d58d5678}: 'void java.lang.invoke.DirectMethodHandle$Holder.invokeSpecial(java.lang.Object, java.lang.Object, java.lang.Object, java.lang.Object, java.lang.Object, java.lang.Object, java.lang.Object, java.lang.Object)'> (0x00000000d58d5678) 
thrown [s\src\hotspot\share\interpreter\linkResolver.cpp, line 773]
Event: 357.189 Thread 0x00000255db38de90 Exception <a 'java/lang/NoSuchMethodError'{0x00000000d58a0e68}: 'void java.lang.invoke.DirectMethodHandle$Holder.invokeSpecial(java.lang.Object, java.lang.Object, java.lang.Object, java.lang.Object, java.lang.Object, java.lang.Object, java.lang.Object, java.lang.Object)'> (0x00000000d58a0e68) 
thrown [s\src\hotspot\share\interpreter\linkResolver.cpp, line 773]
Event: 357.189 Thread 0x00000255db394e20 Exception <a 'java/lang/NoSuchMethodError'{0x00000000d58b0930}: 'void java.lang.invoke.DirectMethodHandle$Holder.invokeSpecial(java.lang.Object, java.lang.Object, java.lang.Object, java.lang.Object, java.lang.Object, java.lang.Object, java.lang.Object, java.lang.Object)'> (0x00000000d58b0930) 
thrown [s\src\hotspot\share\interpreter\linkResolver.cpp, line 773]
Event: 357.189 Thread 0x00000255db2c3710 Exception <a 'java/lang/NoSuchMethodError'{0x00000000d58cd110}: 'void java.lang.invoke.DirectMethodHandle$Holder.invokeSpecial(java.lang.Object, java.lang.Object, java.lang.Object, java.lang.Object, java.lang.Object, java.lang.Object, java.lang.Object, java.lang.Object)'> (0x00000000d58cd110) 
thrown [s\src\hotspot\share\interpreter\linkResolver.cpp, line 773]
Event: 357.189 Thread 0x00000255db2c8c60 Exception <a 'java/lang/NoSuchMethodError'{0x00000000d58c3168}: 'void java.lang.invoke.DirectMethodHandle$Holder.invokeSpecial(java.lang.Object, java.lang.Object, java.lang.Object, java.lang.Object, java.lang.Object, java.lang.Object, java.lang.Object, java.lang.Object)'> (0x00000000d58c3168) 
thrown [s\src\hotspot\share\interpreter\linkResolver.cpp, line 773]
Event: 365.059 Thread 0x00000255d8b7f130 Implicit null exception at 0x0000025587b9c810 to 0x0000025587b9c960
Event: 366.701 Thread 0x00000255d8b7f130 Exception <a 'java/lang/NoSuchMethodError'{0x00000000d58bc3d8}: 'java.lang.Object java.lang.invoke.DirectMethodHandle$Holder.invokeSpecial(java.lang.Object, java.lang.Object, java.lang.Object, int, java.lang.Object, java.lang.Object, java.lang.Object)'> (0x00000000d58bc3d8) 
thrown [s\src\hotspot\share\interpreter\linkResolver.cpp, line 773]
Event: 367.751 Thread 0x00000255d8b7f130 Exception <a 'java/lang/NoSuchMethodError'{0x00000000d5a67b10}: 'java.lang.Object java.lang.invoke.DirectMethodHandle$Holder.newInvokeSpecial(java.lang.Object, java.lang.Object, int)'> (0x00000000d5a67b10) 
thrown [s\src\hotspot\share\interpreter\linkResolver.cpp, line 773]
Event: 367.863 Thread 0x00000255d8b7f130 Exception <a 'java/lang/NoSuchMethodError'{0x00000000d5ae7510}: 'void java.lang.invoke.DirectMethodHandle$Holder.invokeStatic(java.lang.Object, int)'> (0x00000000d5ae7510) 
thrown [s\src\hotspot\share\interpreter\linkResolver.cpp, line 773]
Event: 369.510 Thread 0x00000255d8b7f130 Exception <a 'java/io/FileNotFoundException'{0x00000000d568ea70}> (0x00000000d568ea70) 
thrown [s\src\hotspot\share\prims\jni.cpp, line 520]
Event: 369.528 Thread 0x00000255d8b7f130 Exception <a 'java/io/FileNotFoundException'{0x00000000d568fd08}> (0x00000000d568fd08) 
thrown [s\src\hotspot\share\prims\jni.cpp, line 520]
Event: 369.531 Thread 0x00000255d8b7f130 Exception <a 'java/io/FileNotFoundException'{0x00000000d5690cf8}> (0x00000000d5690cf8) 
thrown [s\src\hotspot\share\prims\jni.cpp, line 520]
Event: 369.751 Thread 0x00000255d8b7f130 Implicit null exception at 0x0000025588168bb5 to 0x00000255881691ac
Event: 370.541 Thread 0x00000255d8b7f130 Implicit null exception at 0x0000025587bda5cf to 0x0000025587bdb488
Event: 372.607 Thread 0x00000255d8b7f130 Exception <a 'sun/nio/fs/WindowsException'{0x00000000d5dd8960}> (0x00000000d5dd8960) 
thrown [s\src\hotspot\share\prims\jni.cpp, line 520]

ZGC Phase Switch (0 events):
No events

VM Operations (20 events):
Event: 365.084 Executing VM operation: ParallelGCFailedAllocation (Allocation Failure) done
Event: 366.089 Executing VM operation: Cleanup
Event: 366.496 Executing VM operation: Cleanup done
Event: 366.498 Executing VM operation: HandshakeAllThreads (Deoptimize)
Event: 366.512 Executing VM operation: HandshakeAllThreads (Deoptimize) done
Event: 366.516 Executing VM operation: HandshakeAllThreads (Deoptimize)
Event: 366.517 Executing VM operation: HandshakeAllThreads (Deoptimize) done
Event: 367.532 Executing VM operation: Cleanup
Event: 367.532 Executing VM operation: Cleanup done
Event: 368.533 Executing VM operation: Cleanup
Event: 368.533 Executing VM operation: Cleanup done
Event: 369.283 Executing VM operation: ParallelGCFailedAllocation (Allocation Failure)
Event: 369.290 Executing VM operation: ParallelGCFailedAllocation (Allocation Failure) done
Event: 370.300 Executing VM operation: Cleanup
Event: 370.300 Executing VM operation: Cleanup done
Event: 370.557 Executing VM operation: ParallelGCFailedAllocation (Allocation Failure)
Event: 370.562 Executing VM operation: ParallelGCFailedAllocation (Allocation Failure) done
Event: 371.569 Executing VM operation: Cleanup
Event: 372.488 Executing VM operation: Cleanup done
Event: 373.498 Executing VM operation: Cleanup

Memory protections (0 events):
No events

Nmethod flushes (20 events):
Event: 221.519 Thread 0x00000255fa441d50 flushing  nmethod 0x00000255809b0d90
Event: 221.520 Thread 0x00000255fa441d50 flushing  nmethod 0x00000255809b1590
Event: 221.520 Thread 0x00000255fa441d50 flushing  nmethod 0x00000255809b1d10
Event: 221.520 Thread 0x00000255fa441d50 flushing  nmethod 0x00000255809b5090
Event: 221.520 Thread 0x00000255fa441d50 flushing  nmethod 0x00000255809b5490
Event: 221.521 Thread 0x00000255fa441d50 flushing  nmethod 0x00000255809cac10
Event: 221.521 Thread 0x00000255fa441d50 flushing  nmethod 0x00000255809cd590
Event: 221.521 Thread 0x00000255fa441d50 flushing  nmethod 0x00000255809ce390
Event: 221.521 Thread 0x00000255fa441d50 flushing  nmethod 0x00000255809cea90
Event: 221.521 Thread 0x00000255fa441d50 flushing  nmethod 0x00000255809d0710
Event: 221.522 Thread 0x00000255fa441d50 flushing  nmethod 0x00000255809d0d10
Event: 221.522 Thread 0x00000255fa441d50 flushing  nmethod 0x00000255809d5610
Event: 221.522 Thread 0x00000255fa441d50 flushing  nmethod 0x00000255809dd410
Event: 221.522 Thread 0x00000255fa441d50 flushing  nmethod 0x00000255809e0310
Event: 221.523 Thread 0x00000255fa441d50 flushing  nmethod 0x00000255809e6690
Event: 221.523 Thread 0x00000255fa441d50 flushing  nmethod 0x0000025580a12410
Event: 221.524 Thread 0x00000255fa441d50 flushing  nmethod 0x0000025580a15c10
Event: 221.524 Thread 0x00000255fa441d50 flushing  nmethod 0x0000025580a34910
Event: 221.525 Thread 0x00000255fa441d50 flushing osr nmethod 0x0000025580a6ec10
Event: 221.526 Thread 0x00000255fa441d50 flushing osr nmethod 0x0000025580ae1410

Events (20 events):
Event: 357.164 Thread 0x00000255d8b7f130 Thread added: 0x00000255db38de90
Event: 357.165 Thread 0x00000255d8b7f130 Thread added: 0x00000255db394e20
Event: 357.166 Thread 0x00000255d8b7f130 Thread added: 0x00000255d8b7d060
Event: 365.047 Thread 0x00000255db2c3710 Thread exited: 0x00000255db2c3710
Event: 365.047 Thread 0x00000255db2c8c60 Thread exited: 0x00000255db2c8c60
Event: 365.047 Thread 0x00000255d8b7d060 Thread exited: 0x00000255d8b7d060
Event: 365.047 Thread 0x00000255db394e20 Thread exited: 0x00000255db394e20
Event: 365.055 Thread 0x00000255db38de90 Thread exited: 0x00000255db38de90
Event: 369.452 Thread 0x00000255db38ebb0 Thread exited: 0x00000255db38ebb0
Event: 369.762 Thread 0x00000255d8b7f130 Thread added: 0x00000255d93d74e0
Event: 369.763 Thread 0x00000255d8b7f130 Thread added: 0x00000255d93da2d0
Event: 369.765 Thread 0x00000255d8b7f130 Thread added: 0x00000255d93d8200
Event: 369.768 Thread 0x00000255d8b7f130 Thread added: 0x00000255d93d8890
Event: 369.768 Thread 0x00000255d8b7f130 Thread added: 0x00000255d93d8f20
Event: 370.420 Thread 0x00000255d93d8890 Thread exited: 0x00000255d93d8890
Event: 370.420 Thread 0x00000255d93d74e0 Thread exited: 0x00000255d93d74e0
Event: 370.420 Thread 0x00000255d93d8200 Thread exited: 0x00000255d93d8200
Event: 370.420 Thread 0x00000255d93da2d0 Thread exited: 0x00000255d93da2d0
Event: 370.421 Thread 0x00000255d93d8f20 Thread exited: 0x00000255d93d8f20
Event: 372.491 Thread 0x00000255db2c6500 Thread exited: 0x00000255db2c6500


Dynamic libraries:
0x00007ff60b660000 - 0x00007ff60b66e000 	c:\Users\hounk\.vscode\extensions\redhat.java-1.51.0-win32-x64\jre\21.0.9-win32-x86_64\bin\java.exe
0x00007ff802580000 - 0x00007ff8027e8000 	C:\WINDOWS\SYSTEM32\ntdll.dll
0x00007ff801ec0000 - 0x00007ff801f89000 	C:\WINDOWS\System32\KERNEL32.DLL
0x00007fffff160000 - 0x00007fffff551000 	C:\WINDOWS\System32\KERNELBASE.dll
0x00007ff8001d0000 - 0x00007ff80031b000 	C:\WINDOWS\System32\ucrtbase.dll
0x00007fffd3dd0000 - 0x00007fffd3dee000 	c:\Users\hounk\.vscode\extensions\redhat.java-1.51.0-win32-x64\jre\21.0.9-win32-x86_64\bin\VCRUNTIME140.dll
0x00007fffd3480000 - 0x00007fffd3498000 	c:\Users\hounk\.vscode\extensions\redhat.java-1.51.0-win32-x64\jre\21.0.9-win32-x86_64\bin\jli.dll
0x00007ff802320000 - 0x00007ff8024e6000 	C:\WINDOWS\System32\USER32.dll
0x00007ff8001a0000 - 0x00007ff8001c7000 	C:\WINDOWS\System32\win32u.dll
0x00007fffed370000 - 0x00007fffed603000 	C:\WINDOWS\WinSxS\amd64_microsoft.windows.common-controls_6595b64144ccf1df_6.0.26100.7653_none_3e0b88a0e3318624\COMCTL32.dll
0x00007ff800850000 - 0x00007ff80087b000 	C:\WINDOWS\System32\GDI32.dll
0x00007ff8020e0000 - 0x00007ff802189000 	C:\WINDOWS\System32\msvcrt.dll
0x00007ffffefa0000 - 0x00007fffff0cb000 	C:\WINDOWS\System32\gdi32full.dll
0x00007ffffff40000 - 0x00007ffffffe3000 	C:\WINDOWS\System32\msvcp_win.dll
0x00007ff800dd0000 - 0x00007ff800e01000 	C:\WINDOWS\System32\IMM32.DLL
0x00007fffbbae0000 - 0x00007fffbbaec000 	c:\Users\hounk\.vscode\extensions\redhat.java-1.51.0-win32-x64\jre\21.0.9-win32-x86_64\bin\vcruntime140_1.dll
0x00007fff93d40000 - 0x00007fff93dcd000 	c:\Users\hounk\.vscode\extensions\redhat.java-1.51.0-win32-x64\jre\21.0.9-win32-x86_64\bin\msvcp140.dll
0x00007fff68a50000 - 0x00007fff697f0000 	c:\Users\hounk\.vscode\extensions\redhat.java-1.51.0-win32-x64\jre\21.0.9-win32-x86_64\bin\server\jvm.dll
0x00007ff800d10000 - 0x00007ff800dc4000 	C:\WINDOWS\System32\ADVAPI32.dll
0x00007ff802020000 - 0x00007ff8020c6000 	C:\WINDOWS\System32\sechost.dll
0x00007ff8021a0000 - 0x00007ff8022b8000 	C:\WINDOWS\System32\RPCRT4.dll
0x00007ff801310000 - 0x00007ff801384000 	C:\WINDOWS\System32\WS2_32.dll
0x00007ffffecd0000 - 0x00007ffffed2e000 	C:\WINDOWS\SYSTEM32\POWRPROF.dll
0x00007ffff3530000 - 0x00007ffff353b000 	C:\WINDOWS\SYSTEM32\VERSION.dll
0x00007ffff34f0000 - 0x00007ffff3525000 	C:\WINDOWS\SYSTEM32\WINMM.dll
0x00007ffffecb0000 - 0x00007ffffecc4000 	C:\WINDOWS\SYSTEM32\UMPDC.dll
0x00007ffffdbd0000 - 0x00007ffffdbeb000 	C:\WINDOWS\SYSTEM32\kernel.appcore.dll
0x00007fffbbb00000 - 0x00007fffbbb0a000 	c:\Users\hounk\.vscode\extensions\redhat.java-1.51.0-win32-x64\jre\21.0.9-win32-x86_64\bin\jimage.dll
0x00007ffffd0a0000 - 0x00007ffffd2e2000 	C:\WINDOWS\SYSTEM32\DBGHELP.DLL
0x00007ff8004c0000 - 0x00007ff800846000 	C:\WINDOWS\System32\combase.dll
0x00007ff800f50000 - 0x00007ff801027000 	C:\WINDOWS\System32\OLEAUT32.dll
0x00007fffed610000 - 0x00007fffed64b000 	C:\WINDOWS\SYSTEM32\dbgcore.DLL
0x00007fffff620000 - 0x00007fffff6c5000 	C:\WINDOWS\System32\bcryptPrimitives.dll
0x00007fffbbaf0000 - 0x00007fffbbaff000 	c:\Users\hounk\.vscode\extensions\redhat.java-1.51.0-win32-x64\jre\21.0.9-win32-x86_64\bin\instrument.dll
0x00007fffd3e00000 - 0x00007fffd3e20000 	c:\Users\hounk\.vscode\extensions\redhat.java-1.51.0-win32-x64\jre\21.0.9-win32-x86_64\bin\java.dll
0x00007ff8013a0000 - 0x00007ff801af1000 	C:\WINDOWS\System32\SHELL32.dll
0x00007ffffee30000 - 0x00007ffffef9a000 	C:\WINDOWS\System32\wintypes.dll
0x00007fffff6d0000 - 0x00007ffffff34000 	C:\WINDOWS\System32\windows.storage.dll
0x00007ff801db0000 - 0x00007ff801ea6000 	C:\WINDOWS\System32\SHCORE.dll
0x00007ff800e40000 - 0x00007ff800ea7000 	C:\WINDOWS\System32\shlwapi.dll
0x00007ffffed70000 - 0x00007ffffed98000 	C:\WINDOWS\SYSTEM32\profapi.dll
0x00007fff82ed0000 - 0x00007fff82ee8000 	c:\Users\hounk\.vscode\extensions\redhat.java-1.51.0-win32-x64\jre\21.0.9-win32-x86_64\bin\zip.dll
0x00007fffd3df0000 - 0x00007fffd3e00000 	C:\Users\hounk\.vscode\extensions\redhat.java-1.51.0-win32-x64\jre\21.0.9-win32-x86_64\bin\net.dll
0x00007ffff57e0000 - 0x00007ffff5907000 	C:\WINDOWS\SYSTEM32\WINHTTP.dll
0x00007ffffe140000 - 0x00007ffffe1ab000 	C:\WINDOWS\system32\mswsock.dll
0x00007fff82cb0000 - 0x00007fff82cc6000 	C:\Users\hounk\.vscode\extensions\redhat.java-1.51.0-win32-x64\jre\21.0.9-win32-x86_64\bin\nio.dll
0x00007fffbbad0000 - 0x00007fffbbae0000 	c:\Users\hounk\.vscode\extensions\redhat.java-1.51.0-win32-x64\jre\21.0.9-win32-x86_64\bin\verify.dll
0x00007fffc5200000 - 0x00007fffc5244000 	C:\Users\hounk\AppData\Roaming\Code\User\globalStorage\redhat.java\1.51.0\config_win\org.eclipse.equinox.launcher\org.eclipse.equinox.launcher.win32.win32.x86_64_1.2.1400.v20250801-0854\eclipse_11916.dll
0x00007ff800320000 - 0x00007ff8004b7000 	C:\WINDOWS\System32\ole32.dll
0x00007ffffe400000 - 0x00007ffffe41b000 	C:\WINDOWS\SYSTEM32\CRYPTSP.dll
0x00007ffffdb30000 - 0x00007ffffdb69000 	C:\WINDOWS\system32\rsaenh.dll
0x00007ffffe1f0000 - 0x00007ffffe21b000 	C:\WINDOWS\SYSTEM32\USERENV.dll
0x00007ffffed40000 - 0x00007ffffed6a000 	C:\WINDOWS\SYSTEM32\bcrypt.dll
0x00007ffffe5c0000 - 0x00007ffffe5cc000 	C:\WINDOWS\SYSTEM32\CRYPTBASE.dll
0x00007ffffd5f0000 - 0x00007ffffd624000 	C:\WINDOWS\SYSTEM32\IPHLPAPI.DLL
0x00007ff8020d0000 - 0x00007ff8020da000 	C:\WINDOWS\System32\NSI.dll
0x00007fff555e0000 - 0x00007fff55629000 	C:\Users\hounk\AppData\Local\Temp\jna-99468939\jna3296337208051953386.dll
0x00007ff802190000 - 0x00007ff802198000 	C:\WINDOWS\System32\PSAPI.DLL
0x00007ffff5400000 - 0x00007ffff541e000 	C:\WINDOWS\SYSTEM32\dhcpcsvc6.DLL
0x00007ffff50e0000 - 0x00007ffff5103000 	C:\WINDOWS\SYSTEM32\dhcpcsvc.DLL
0x00007fffa3520000 - 0x00007fffa352e000 	C:\Users\hounk\.vscode\extensions\redhat.java-1.51.0-win32-x64\jre\21.0.9-win32-x86_64\bin\sunmscapi.dll
0x00007ff800020000 - 0x00007ff800197000 	C:\WINDOWS\System32\CRYPT32.dll
0x00007ffffe650000 - 0x00007ffffe680000 	C:\WINDOWS\SYSTEM32\ncrypt.dll
0x00007ffffe600000 - 0x00007ffffe63f000 	C:\WINDOWS\SYSTEM32\NTASN1.dll
0x00007ffffd630000 - 0x00007ffffd75c000 	C:\WINDOWS\SYSTEM32\DNSAPI.dll
0x00007ffff6d70000 - 0x00007ffff6d7b000 	C:\Windows\System32\rasadhlp.dll
0x00007ffff37a0000 - 0x00007ffff3826000 	C:\WINDOWS\System32\fwpuclnt.dll
0x00007fffa3510000 - 0x00007fffa3519000 	C:\Users\hounk\.vscode\extensions\redhat.java-1.51.0-win32-x64\jre\21.0.9-win32-x86_64\bin\extnet.dll
0x00007ffffdcf0000 - 0x00007ffffdd26000 	C:\WINDOWS\SYSTEM32\ntmarta.dll

JVMTI agents:
c:\Users\hounk\.vscode\extensions\redhat.java-1.51.0-win32-x64\lombok\lombok-1.18.39-4050.jar path:c:\Users\hounk\.vscode\extensions\redhat.java-1.51.0-win32-x64\jre\21.0.9-win32-x86_64\bin\instrument.dll, loaded, initialized, instrumentlib options:none

dbghelp: loaded successfully - version: 4.0.5 - missing functions: none
symbol engine: initialized successfully - sym options: 0x614 - pdb path: .;c:\Users\hounk\.vscode\extensions\redhat.java-1.51.0-win32-x64\jre\21.0.9-win32-x86_64\bin;C:\WINDOWS\SYSTEM32;C:\WINDOWS\WinSxS\amd64_microsoft.windows.common-controls_6595b64144ccf1df_6.0.26100.7653_none_3e0b88a0e3318624;c:\Users\hounk\.vscode\extensions\redhat.java-1.51.0-win32-x64\jre\21.0.9-win32-x86_64\bin\server;C:\Users\hounk\AppData\Roaming\Code\User\globalStorage\redhat.java\1.51.0\config_win\org.eclipse.equinox.launcher\org.eclipse.equinox.launcher.win32.win32.x86_64_1.2.1400.v20250801-0854;C:\Users\hounk\AppData\Local\Temp\jna-99468939

VM Arguments:
jvm_args: --add-modules=ALL-SYSTEM --add-opens=java.base/java.util=ALL-UNNAMED --add-opens=java.base/java.lang=ALL-UNNAMED --add-opens=java.base/sun.nio.fs=ALL-UNNAMED -Declipse.application=org.eclipse.jdt.ls.core.id1 -Dosgi.bundles.defaultStartLevel=4 -Declipse.product=org.eclipse.jdt.ls.core.product -Djava.import.generatesMetadataFilesAtProjectRoot=false -DDetectVMInstallationsJob.disabled=true -Dfile.encoding=utf8 -XX:+UseParallelGC -XX:GCTimeRatio=4 -XX:AdaptiveSizePolicyWeight=90 -Dsun.zip.disableMemoryMapping=true -Xmx2G -Xms100m -Xlog:disable -javaagent:c:\Users\hounk\.vscode\extensions\redhat.java-1.51.0-win32-x64\lombok\lombok-1.18.39-4050.jar -XX:+HeapDumpOnOutOfMemoryError -XX:HeapDumpPath=c:\Users\hounk\AppData\Roaming\Code\User\workspaceStorage\0e43c14ff81329af7692834478f51c1b\redhat.java -Daether.dependencyCollector.impl=bf 
java_command: c:\Users\hounk\.vscode\extensions\redhat.java-1.51.0-win32-x64\server\plugins\org.eclipse.equinox.launcher_1.7.100.v20251111-0406.jar -configuration c:\Users\hounk\AppData\Roaming\Code\User\globalStorage\redhat.java\1.51.0\config_win -data c:\Users\hounk\AppData\Roaming\Code\User\workspaceStorage\0e43c14ff81329af7692834478f51c1b\redhat.java\jdt_ws --pipe=\\.\pipe\lsp-9bf8041d72236bb022025e79d981a642-sock
java_class_path (initial): c:\Users\hounk\.vscode\extensions\redhat.java-1.51.0-win32-x64\server\plugins\org.eclipse.equinox.launcher_1.7.100.v20251111-0406.jar
Launcher Type: SUN_STANDARD

[Global flags]
    uintx AdaptiveSizePolicyWeight                 = 90                                        {product} {command line}
     intx CICompilerCount                          = 4                                         {product} {ergonomic}
    uintx GCTimeRatio                              = 4                                         {product} {command line}
     bool HeapDumpOnOutOfMemoryError               = true                                   {manageable} {command line}
    ccstr HeapDumpPath                             = c:\Users\hounk\AppData\Roaming\Code\User\workspaceStorage\0e43c14ff81329af7692834478f51c1b\redhat.java         {manageable} {command line}
   size_t InitialHeapSize                          = 104857600                                 {product} {command line}
   size_t MaxHeapSize                              = 2147483648                                {product} {command line}
   size_t MaxNewSize                               = 715653120                                 {product} {ergonomic}
   size_t MinHeapDeltaBytes                        = 524288                                    {product} {ergonomic}
   size_t MinHeapSize                              = 104857600                                 {product} {command line}
   size_t NewSize                                  = 34603008                                  {product} {ergonomic}
    uintx NonNMethodCodeHeapSize                   = 5839372                                {pd product} {ergonomic}
    uintx NonProfiledCodeHeapSize                  = 122909434                              {pd product} {ergonomic}
   size_t OldSize                                  = 70254592                                  {product} {ergonomic}
    uintx ProfiledCodeHeapSize                     = 122909434                              {pd product} {ergonomic}
    uintx ReservedCodeCacheSize                    = 251658240                              {pd product} {ergonomic}
     bool SegmentedCodeCache                       = true                                      {product} {ergonomic}
   size_t SoftMaxHeapSize                          = 2147483648                             {manageable} {ergonomic}
     bool UseCompressedOops                        = true                           {product lp64_product} {ergonomic}
     bool UseLargePagesIndividualAllocation        = false                                  {pd product} {ergonomic}
     bool UseParallelGC                            = true                                      {product} {command line}

Logging:
Log output configuration:
 #0: stdout all=off uptime,level,tags foldmultilines=false
 #1: stderr all=off uptime,level,tags foldmultilines=false

Release file:
JAVA_VERSION="21.0.9" 
MODULES="java.base java.compiler java.datatransfer java.xml java.prefs java.desktop java.instrument java.logging java.management java.security.sasl java.naming java.rmi java.management.rmi java.net.http java.scripting java.security.jgss java.transaction.xa java.sql java.sql.rowset java.xml.crypto java.se java.smartcardio jdk.accessibility jdk.internal.jvmstat jdk.attach jdk.charsets jdk.internal.opt jdk.zipfs jdk.compiler jdk.crypto.ec jdk.crypto.cryptoki jdk.crypto.mscapi jdk.dynalink jdk.internal.ed jdk.editpad jdk.hotspot.agent jdk.httpserver jdk.internal.le jdk.internal.vm.ci jdk.internal.vm.compiler jdk.internal.vm.compiler.management jdk.jartool jdk.javadoc jdk.jcmd jdk.management jdk.management.agent jdk.jconsole jdk.jdeps jdk.jdwp.agent jdk.jdi jdk.jfr jdk.jshell jdk.jsobject jdk.jstatd jdk.localedata jdk.management.jfr jdk.naming.dns jdk.naming.rmi jdk.net jdk.nio.mapmode jdk.random jdk.sctp jdk.security.auth jdk.security.jgss jdk.unsupported jdk.unsupported.desktop jdk.xml.dom" 

Environment Variables:
JAVA_HOME=C:\Program Files\java\jdk-17
PATH=C:\Program Files\Common Files\Oracle\Java\javapath;C:\Python314\Scripts\;C:\Python314\;C:\WINDOWS\system32;C:\WINDOWS;C:\WINDOWS\System32\Wbem;C:\WINDOWS\System32\WindowsPowerShell\v1.0\;C:\WINDOWS\System32\OpenSSH\;C:\Program Files\Git\cmd;C:\composer;C:\Users\hounk\AppData\Local\Programs\Python\Python313;C:\symfony-cli_windows_amd64;C:\Program Files\PostgreSQL\17\bin;C:\Program Files\Microsoft SQL Server\150\Tools\Binn\;C:\Program Files\Microsoft SQL Server\Client SDK\ODBC\170\Tools\Binn\;C:\Program Files\dotnet\;C:\Program Files (x86)\Windows Kits\10\Windows Performance Toolkit\;C:\Program Files (x86)\Microsoft SQL Server\160\DTS\Binn\;C:\Program Files\nodejs\;C:\ProgramData\chocolatey\bin;C:\Program Files\MySQL\MySQL Workbench 8.0;C:\Program Files (x86)\Microsoft SQL Server\160\Tools\Binn\;C:\Program Files\Microsoft SQL Server\160\Tools\Binn\;C:\Program Files\Microsoft SQL Server\160\DTS\Binn\;C:\msys64\ucrt64\bin;C:\Android\platform-tools;C:\Users\hounk\AppData\Local\Programs\Python\Launcher\;C:\Users\hounk\AppData\Local\Microsoft\WindowsApps;C:\Users\hounk\AppData\Local\Programs\Microsoft VS Code\bin;C:\Users\hounk\AppData\Local\GitHubDesktop\bin;C:\wamp64\bin\php\php8.3.14;C:\Users\hounk\AppData\Roaming\Composer\vendor\bin;C:\Users\hounk\AppData\Local\Programs\Python\Python313;C:\Users\hounk\AppData\Local\Programs\Python\Python313\Scripts\;C:\Mobiles_Apps\flutter\bin;C:\Users\hounk\.dotnet\tools;C:\Users\hounk\AppData\Roaming\npm;C:\Program Files\MySQL\MySQL Workbench 8.0;C:\Program Files\java\jdk-17\bin;C:\msys64\ucrt64\bin;C:\Android\platform-tools;C:\Program Files\JetBrains\IntelliJ IDEA 2025.3.1.1\bin;C:\Users\hounk\AppData\Local\Pub\Cache\bin;
USERNAME=hounk
OS=Windows_NT
PROCESSOR_IDENTIFIER=AMD64 Family 23 Model 24 Stepping 1, AuthenticAMD
TMP=C:\Users\hounk\AppData\Local\Temp
TEMP=C:\Users\hounk\AppData\Local\Temp




Periodic native trim disabled

---------------  S Y S T E M  ---------------

OS:
 Windows 11 , 64 bit Build 26100 (10.0.26100.7653)
OS uptime: 0 days 0:17 hours

CPU: total 8 (initial active 8) (8 cores per cpu, 2 threads per core) family 23 model 24 stepping 1 microcode 0x8108102, cx8, cmov, fxsr, ht, mmx, 3dnowpref, sse, sse2, sse3, ssse3, sse4a, sse4.1, sse4.2, popcnt, lzcnt, tsc, tscinvbit, avx, avx2, aes, clmul, bmi1, bmi2, adx, sha, fma, vzeroupper, clflush, clflushopt, rdtscp, f16c
Processor Information for the first 8 processors :
  Max Mhz: 2100, Current Mhz: 2100, Mhz Limit: 2100

Memory: 4k page, system-wide physical 3461M (218M free)
TotalPageFile size 14213M (AvailPageFile size 184M)
current process WorkingSet (physical memory assigned to process): 179M, peak: 256M
current process commit charge ("private bytes"): 378M, peak: 380M

vm_info: OpenJDK 64-Bit Server VM (21.0.9+10-LTS) for windows-amd64 JRE (21.0.9+10-LTS), built on 2025-10-21T00:00:00Z by "admin" with unknown MS VC++:1942

END.
